Archive member included to satisfy reference by file (symbol)

../lib-c/lib_gd32/libc.a(printf.o)
                              build_gd32/firmware/main.o (printf)
../lib-c/lib_gd32/libc.a(puts.o)
                              build_gd32/firmware/main.o (puts)
/Users/arjanvanvught/Library/xPacks/@xpack-dev-tools/arm-none-eabi-gcc/11.3.1-1.1.2/.content/bin/../lib/gcc/arm-none-eabi/11.3.1/thumb/v7e-m+fp/hard/libgcc.a(_arm_truncdfsf2.o)
                              ../lib-c/lib_gd32/libc.a(printf.o) (__aeabi_d2f)
/Users/arjanvanvught/Library/xPacks/@xpack-dev-tools/arm-none-eabi-gcc/11.3.1-1.1.2/.content/bin/../lib/gcc/arm-none-eabi/11.3.1/thumb/v7e-m+fp/hard/libgcc.a(_aeabi_uldivmod.o)
                              ../lib-c/lib_gd32/libc.a(printf.o) (__aeabi_uldivmod)
/Users/arjanvanvught/Library/xPacks/@xpack-dev-tools/arm-none-eabi-gcc/11.3.1-1.1.2/.content/bin/../lib/gcc/arm-none-eabi/11.3.1/thumb/v7e-m+fp/hard/libgcc.a(_udivmoddi4.o)
                              /Users/arjanvanvught/Library/xPacks/@xpack-dev-tools/arm-none-eabi-gcc/11.3.1-1.1.2/.content/bin/../lib/gcc/arm-none-eabi/11.3.1/thumb/v7e-m+fp/hard/libgcc.a(_aeabi_uldivmod.o) (__udivmoddi4)
/Users/arjanvanvught/Library/xPacks/@xpack-dev-tools/arm-none-eabi-gcc/11.3.1-1.1.2/.content/bin/../lib/gcc/arm-none-eabi/11.3.1/thumb/v7e-m+fp/hard/libgcc.a(_dvmd_tls.o)
                              /Users/arjanvanvught/Library/xPacks/@xpack-dev-tools/arm-none-eabi-gcc/11.3.1-1.1.2/.content/bin/../lib/gcc/arm-none-eabi/11.3.1/thumb/v7e-m+fp/hard/libgcc.a(_aeabi_uldivmod.o) (__aeabi_ldiv0)
../lib-remoteconfig/lib_gd32/libremoteconfig.a(remoteconfig.o)
                              build_gd32/firmware/main.o (RemoteConfig::RemoteConfig(remoteconfig::Node, remoteconfig::Output, unsigned long))
../lib-remoteconfig/lib_gd32/libremoteconfig.a(remoteconfigfactory.o)
                              ../lib-remoteconfig/lib_gd32/libremoteconfig.a(remoteconfig.o) (RemoteConfig::HandleFactory())
../lib-remoteconfig/lib_gd32/libremoteconfig.a(remoteconfigparams.o)
                              build_gd32/firmware/main.o (RemoteConfigParams::RemoteConfigParams(RemoteConfigParamsStore*))
../lib-remoteconfig/lib_gd32/libremoteconfig.a(remoteconfigparamsdump.o)
                              build_gd32/firmware/main.o (RemoteConfigParams::Dump())
../lib-remoteconfig/lib_gd32/libremoteconfig.a(remoteconfigreboot.o)
                              ../lib-remoteconfig/lib_gd32/libremoteconfig.a(remoteconfig.o) (RemoteConfig::HandleReboot())
../lib-remoteconfig/lib_gd32/libremoteconfig.a(remoteconfigstatic.o)
                              ../lib-remoteconfig/lib_gd32/libremoteconfig.a(remoteconfig.o) (RemoteConfig::GetIndex(void const*, unsigned long&))
../lib-remoteconfig/lib_gd32/libremoteconfig.a(remoteconfig.o)
                              ../lib-remoteconfig/lib_gd32/libremoteconfig.a(remoteconfig.o) (RemoteConfig::PlatformHandleTftpSet())
../lib-remoteconfig/lib_gd32/libremoteconfig.a(httd.o)
                              build_gd32/firmware/main.o (HttpDaemon::HttpDaemon())
../lib-remoteconfig/lib_gd32/libremoteconfig.a(remoteconfigconst.o)
                              ../lib-remoteconfig/lib_gd32/libremoteconfig.a(remoteconfigparams.o) (RemoteConfigConst::PARAMS_DISPLAY_NAME)
../lib-remoteconfig/lib_gd32/libremoteconfig.a(remoteconfigjson.o)
                              ../lib-remoteconfig/lib_gd32/libremoteconfig.a(httd.o) (remoteconfig::json_get_list(char*, unsigned short))
../lib-remoteconfig/lib_gd32/libremoteconfig.a(get_file_content.o)
                              ../lib-remoteconfig/lib_gd32/libremoteconfig.a(httd.o) (get_file_content(char const*, char*, http::contentTypes&))
../lib-e131/lib_gd32/libe131.a(e131bridge.o)
                              build_gd32/firmware/main.o (E131Bridge::E131Bridge())
../lib-e131/lib_gd32/libe131.a(e131bridgehandlesynchronization.o)
                              ../lib-e131/lib_gd32/libe131.a(e131bridge.o) (E131Bridge::HandleSynchronization())
../lib-e131/lib_gd32/libe131.a(e131bridgeprint.o)
                              build_gd32/firmware/main.o (E131Bridge::Print())
../lib-e131/lib_gd32/libe131.a(e131msgconst.o)
                              build_gd32/firmware/main.o (E131MsgConst::STARTED)
../lib-e131/lib_gd32/libe131.a(e131params.o)
                              build_gd32/firmware/main.o (E131Params::E131Params(E131ParamsStore*))
../lib-e131/lib_gd32/libe131.a(e131paramsconst.o)
                              ../lib-e131/lib_gd32/libe131.a(e131params.o) (E131ParamsConst::PRIORITY)
../lib-e131/lib_gd32/libe131.a(e131paramsdump.o)
                              build_gd32/firmware/main.o (E131Params::Dump())
../lib-e131/lib_gd32/libe131.a(e131bridgediscoverypacket.o)
                              ../lib-e131/lib_gd32/libe131.a(e131bridge.o) (E131Bridge::FillDiscoveryPacket())
../lib-e131/lib_gd32/libe131.a(e131bridgehandledmxin.o)
[...]
Memory Configuration

Name             Origin             Length             Attributes
FLASH            0x0000000008008000 0x000000000001a800 xr
TCMSRAM          0x0000000010000000 0x0000000000010000 rw
RAM              0x0000000020000000 0x000000000001c000 xrw
RAM1             0x000000002001c000 0x0000000000004000 xrw
RAM2             0x0000000020020000 0x0000000000000000 xrw
RAMADD           0x0000000020030000 0x0000000000000000 xrw
BKPSRAM          0x0000000040024000 0x0000000000001000 rw
*default*        0x0000000000000000 0xffffffffffffffff

Linker script and memory map

LOAD build_gd32/startup_gd32f407.o
LOAD build_gd32/firmware/main.o
LOAD build_gd32/lib/factorydefaults.o
LOAD build_gd32/lib/rdmsoftwareversion.o
                0x0000000000001000                __heap_size = DEFINED (__heap_size)?__heap_size:0x1000
                0x0000000000002800                __stack_size = DEFINED (__stack_size)?__stack_size:0x2800

.vectors        0x0000000008008000      0x188
                0x0000000008008000                . = ALIGN (0x4)
 *(.vectors)
 .vectors       0x0000000008008000      0x188 build_gd32/startup_gd32f407.o
                0x0000000008008000                __gVectors
                0x0000000008008188                . = ALIGN (0x4)
                0x0000000008008188                __Vectors_End = .
                0x0000000008008188                __Vectors_Size = (__Vectors_End - __gVectors)

.text           0x0000000008008188     0xde48
                0x0000000008008188                . = ALIGN (0x4)
 *(.text.unlikely*)
 .text.unlikely._Z9igmp_initv
                0x0000000008008188       0x90 ../lib-network/lib_gd32/libnetwork.a(igmp.o)
                0x0000000008008188                igmp_init()
 .text.unlikely._Z13igmp_shutdownv
                0x0000000008008218       0x1c ../lib-network/lib_gd32/libnetwork.a(igmp.o)
                0x0000000008008218                igmp_shutdown()
 .text.unlikely._Z8net_initPKhP6IpInfoPKcPbS5_
                0x0000000008008234       0xac ../lib-network/lib_gd32/libnetwork.a(net.o)
                0x0000000008008234                net_init(unsigned char const*, IpInfo*, char const*, bool*, bool*)
 .text.unlikely._Z12net_shutdownv
                0x00000000080082e0       0x1c ../lib-network/lib_gd32/libnetwork.a(net.o)
                0x00000000080082e0                net_shutdown()
 .text.unlikely._Z8tcp_initv
                0x00000000080082fc       0x44 ../lib-network/lib_gd32/libnetwork.a(tcp.o)
                0x00000000080082fc                tcp_init()
 .text.unlikely._Z8udp_initv
                0x0000000008008340       0x3c ../lib-network/lib_gd32/libnetwork.a(udp.o)
                0x0000000008008340                udp_init()
 .text.unlikely._Z12udp_shutdownv
                0x000000000800837c        0x2 ../lib-network/lib_gd32/libnetwork.a(udp.o)
                0x000000000800837c                udp_shutdown()
 *fill*         0x000000000800837e        0x2 
 .text.unlikely._Z11emac_configv
                0x0000000008008380      0x1e4 ../lib-network/lib_gd32/libnetwork.a(emac.o)
                0x0000000008008380                emac_config()
 .text.unlikely._Z10emac_startPhRN3net4LinkE
                0x0000000008008564       0xac ../lib-network/lib_gd32/libnetwork.a(emac.o)
                0x0000000008008564                emac_start(unsigned char*, net::Link&)
 .text.unlikely._Z8arp_initv
                0x0000000008008610       0xa4 ../lib-network/lib_gd32/libnetwork.a(arp.o)
                0x0000000008008610                arp_init()
 .text.unlikely._Z14arp_cache_initv
                0x00000000080086b4       0x24 ../lib-network/lib_gd32/libnetwork.a(arp_cache.o)
                0x00000000080086b4                arp_cache_init()
 .text.unlikely._Z7ip_initv
                0x00000000080086d8       0x12 ../lib-network/lib_gd32/libnetwork.a(ip.o)
                0x00000000080086d8                ip_init()
 .text.unlikely._Z11ip_shutdownv
                0x00000000080086ea       0x12 ../lib-network/lib_gd32/libnetwork.a(ip.o)
                0x00000000080086ea                ip_shutdown()
 .text.unlikely.console_init
                0x00000000080086fc       0x20 ../lib-hal/lib_gd32/libhal.a(console_uart0.o)
                0x00000000080086fc                console_init
 *(.text.hot*)
 .text.hot._Z11igmp_handleP6t_igmp
                0x000000000800871c       0x98 ../lib-network/lib_gd32/libnetwork.a(igmp.o)
                0x000000000800871c                igmp_handle(t_igmp*)
 .text.hot._Z10net_handlev
                0x00000000080087b4       0x38 ../lib-network/lib_gd32/libnetwork.a(net.o)
                0x00000000080087b4                net_handle()
 .text.hot._Z7tcp_runv
                0x00000000080087ec       0x44 ../lib-network/lib_gd32/libnetwork.a(tcp.o)
                0x00000000080087ec                tcp_run()
 .text.hot._Z10tcp_handleP5t_tcp
                0x0000000008008830      0x4c4 ../lib-network/lib_gd32/libnetwork.a(tcp.o)
                0x0000000008008830                tcp_handle(t_tcp*)
 .text.hot._Z10udp_handleP5t_udp
                0x0000000008008cf4       0x74 ../lib-network/lib_gd32/libnetwork.a(udp.o)
                0x0000000008008cf4                udp_handle(t_udp*)
 .text.hot._Z10arp_handleP5t_arp
                0x0000000008008d68       0x18 ../lib-network/lib_gd32/libnetwork.a(arp.o)
                0x0000000008008d68                arp_handle(t_arp*)
 .text.hot._Z9ip_handleP5t_ip4
                0x0000000008008d80       0x42 ../lib-network/lib_gd32/libnetwork.a(ip.o)
                0x0000000008008d80                ip_handle(t_ip4*)
 *fill*         0x0000000008008dc2        0x2 
 .text.hot._Z11icmp_handleP6t_icmp
                0x0000000008008dc4       0x78 ../lib-network/lib_gd32/libnetwork.a(icmp.o)
                0x0000000008008dc4                icmp_handle(t_icmp*)
 *(.text)
 .text          0x0000000008008e3c       0x58 build_gd32/startup_gd32f407.o
                0x0000000008008e50                Reset_Handler
 .text          0x0000000008008e94       0xa0 /Users/arjanvanvught/Library/xPacks/@xpack-dev-tools/arm-none-eabi-gcc/11.3.1-1.1.2/.content/bin/../lib/gcc/arm-none-eabi/11.3.1/thumb/v7e-m+fp/hard/libgcc.a(_arm_truncdfsf2.o)
                0x0000000008008e94                __aeabi_d2f
                0x0000000008008e94                __truncdfsf2
 .text          0x0000000008008f34       0x30 /Users/arjanvanvught/Library/xPacks/@xpack-dev-tools/arm-none-eabi-gcc/11.3.1-1.1.2/.content/bin/../lib/gcc/arm-none-eabi/11.3.1/thumb/v7e-m+fp/hard/libgcc.a(_aeabi_uldivmod.o)
                0x0000000008008f34                __aeabi_uldivmod
 .text          0x0000000008008f64        0x4 /Users/arjanvanvught/Library/xPacks/@xpack-dev-tools/arm-none-eabi-gcc/11.3.1-1.1.2/.content/bin/../lib/gcc/arm-none-eabi/11.3.1/thumb/v7e-m+fp/hard/libgcc.a(_dvmd_tls.o)
                0x0000000008008f64                __aeabi_ldiv0
                0x0000000008008f64                __aeabi_idiv0
 *(.text*)
 .text.Default_Handler
                0x0000000008008f68        0x2 build_gd32/startup_gd32f407.o
                0x0000000008008f68                USBHS_EP1_Out_IRQHandler
                0x0000000008008f68                EXTI2_IRQHandler
                0x0000000008008f68                DebugMon_Handler
                0x0000000008008f68                LVD_IRQHandler
                0x0000000008008f68                CAN1_EWMC_IRQHandler
                0x0000000008008f68                HardFault_Handler
                0x0000000008008f68                TIMER7_UP_TIMER12_IRQHandler
                0x0000000008008f68                SDIO_IRQHandler
                0x0000000008008f68                PendSV_Handler
                0x0000000008008f68                NMI_Handler
                0x0000000008008f68                EXTI3_IRQHandler
                0x0000000008008f68                DCI_IRQHandler
                0x0000000008008f68                USBFS_WKUP_IRQHandler
                0x0000000008008f68                USBHS_IRQHandler
                0x0000000008008f68                TIMER5_DAC_IRQHandler
                0x0000000008008f68                TIMER0_TRG_CMT_TIMER10_IRQHandler
                0x0000000008008f68                USBFS_IRQHandler
                0x0000000008008f68                DMA0_Channel6_IRQHandler
                0x0000000008008f68                I2C0_EV_IRQHandler
                0x0000000008008f68                EXTI0_IRQHandler
                0x0000000008008f68                I2C2_EV_IRQHandler
                0x0000000008008f68                CAN1_RX0_IRQHandler
                0x0000000008008f68                FPU_IRQHandler
                0x0000000008008f68                TIMER7_TRG_CMT_TIMER13_IRQHandler
                0x0000000008008f68                UsageFault_Handler
                0x0000000008008f68                SPI1_IRQHandler
                0x0000000008008f68                DMA0_Channel0_IRQHandler
                0x0000000008008f68                TIMER0_BRK_TIMER8_IRQHandler
                0x0000000008008f68                DMA1_Channel0_IRQHandler
                0x0000000008008f68                TIMER7_BRK_TIMER11_IRQHandler
                0x0000000008008f68                DMA1_Channel4_IRQHandler
                0x0000000008008f68                I2C0_ER_IRQHandler
                0x0000000008008f68                TIMER0_UP_TIMER9_IRQHandler
                0x0000000008008f68                DMA1_Channel7_IRQHandler
                0x0000000008008f68                CAN1_RX1_IRQHandler
                0x0000000008008f68                DMA0_Channel2_IRQHandler
                0x0000000008008f68                I2C1_EV_IRQHandler
                0x0000000008008f68                UART4_IRQHandler
                0x0000000008008f68                EXTI10_15_IRQHandler
                0x0000000008008f68                DMA1_Channel1_IRQHandler
                0x0000000008008f68                Default_Handler
                0x0000000008008f68                TIMER7_Channel_IRQHandler
                0x0000000008008f68                DMA0_Channel7_IRQHandler
                0x0000000008008f68                ADC_IRQHandler
                0x0000000008008f68                CAN0_TX_IRQHandler
                0x0000000008008f68                WWDGT_IRQHandler
                0x0000000008008f68                EXMC_IRQHandler
                0x0000000008008f68                TAMPER_STAMP_IRQHandler
                0x0000000008008f68                RTC_WKUP_IRQHandler
                0x0000000008008f68                SPI2_IRQHandler
                0x0000000008008f68                MemManage_Handler
                0x0000000008008f68                CAN1_TX_IRQHandler
                0x0000000008008f68                SVC_Handler
                0x0000000008008f68                RCU_CTC_IRQHandler
                0x0000000008008f68                DMA1_Channel5_IRQHandler
                0x0000000008008f68                EXTI4_IRQHandler
                0x0000000008008f68                CAN0_RX1_IRQHandler
                0x0000000008008f68                DMA0_Channel5_IRQHandler
                0x0000000008008f68                DMA1_Channel3_IRQHandler
                0x0000000008008f68                EXTI5_9_IRQHandler
                0x0000000008008f68                DMA0_Channel1_IRQHandler
                0x0000000008008f68                TIMER0_Channel_IRQHandler
                0x0000000008008f68                EXTI1_IRQHandler
                0x0000000008008f68                ENET_WKUP_IRQHandler
                0x0000000008008f68                USBHS_EP1_In_IRQHandler
                0x0000000008008f68                SPI0_IRQHandler
                0x0000000008008f68                CAN0_EWMC_IRQHandler
                0x0000000008008f68                CAN0_RX0_IRQHandler
                0x0000000008008f68                I2C2_ER_IRQHandler
                0x0000000008008f68                DMA1_Channel2_IRQHandler
                0x0000000008008f68                BusFault_Handler
                0x0000000008008f68                USART1_IRQHandler
                0x0000000008008f68                UART3_IRQHandler
                0x0000000008008f68                I2C1_ER_IRQHandler
                0x0000000008008f68                FMC_IRQHandler
                0x0000000008008f68                USBHS_WKUP_IRQHandler
                0x0000000008008f68                DMA0_Channel4_IRQHandler
                0x0000000008008f68                TRNG_IRQHandler
                0x0000000008008f68                ENET_IRQHandler
                0x0000000008008f68                RTC_Alarm_IRQHandler
 .text._ZN12dmxconfigudpL4atoiEPKcm
                0x0000000008008f6a       0x24 build_gd32/firmware/main.o
 .text._ZN10LLRPDevice7CopyUIDEPh
                0x0000000008008f8e        0x2 build_gd32/firmware/main.o
                0x0000000008008f8e                LLRPDevice::CopyUID(unsigned char*)
 .text._ZN10LLRPDevice7CopyCIDEPh
                0x0000000008008f90        0x2 build_gd32/firmware/main.o
                0x0000000008008f90                LLRPDevice::CopyCID(unsigned char*)
 .text._ZN10LLRPDevice20LLRPHandleRdmCommandEPKh
                0x0000000008008f92        0x4 build_gd32/firmware/main.o
                0x0000000008008f92                LLRPDevice::LLRPHandleRdmCommand(unsigned char const*)
 *fill*         0x0000000008008f96        0x2 
 .text._ZN12RDMNetDevice20LLRPHandleRdmCommandEPKh
                0x0000000008008f98       0x1c build_gd32/firmware/main.o
                0x0000000008008f98                RDMNetDevice::LLRPHandleRdmCommand(unsigned char const*)
                0x0000000008008fac                non-virtual thunk to RDMNetDevice::LLRPHandleRdmCommand(unsigned char const*)
 .text._ZN10LLRPDeviceD2Ev
                0x0000000008008fb4       0x24 build_gd32/firmware/main.o
                0x0000000008008fb4                LLRPDevice::~LLRPDevice()
                0x0000000008008fb4                LLRPDevice::~LLRPDevice()
 .text._ZN10LLRPDeviceD0Ev
                0x0000000008008fd8       0x12 build_gd32/firmware/main.o
                0x0000000008008fd8                LLRPDevice::~LLRPDevice()
 .text._ZN7Display12SetCursorPosEmm.isra.0
                0x0000000008008fea        0xa build_gd32/firmware/main.o
 .text._ZN7Display7PutCharEi.isra.0
                0x0000000008008ff4        0xa build_gd32/firmware/main.o
 *fill*         0x0000000008008ffe        0x2 
 .text._ZN12RDMNetDeviceD2Ev
                0x0000000008009000       0x3c build_gd32/firmware/main.o
                0x0000000008009000                RDMNetDevice::~RDMNetDevice()
                0x0000000008009000                RDMNetDevice::~RDMNetDevice()
                0x0000000008009034                non-virtual thunk to RDMNetDevice::~RDMNetDevice()
 .text._ZN12RDMNetDeviceD0Ev
                0x000000000800903c       0x18 build_gd32/firmware/main.o
                0x000000000800903c                RDMNetDevice::~RDMNetDevice()
                0x000000000800904e                non-virtual thunk to RDMNetDevice::~RDMNetDevice()
 .text.memcmp   0x0000000008009054       0x20 build_gd32/firmware/main.o
                0x0000000008009054                memcmp
 .text.memcpy   0x0000000008009074       0x16 build_gd32/firmware/main.o
                0x0000000008009074                memcpy
 *fill*         0x000000000800908a        0x2 
 .text._ZN12RDMNetDevice7CopyCIDEPh
                0x000000000800908c       0x1c build_gd32/firmware/main.o
                0x000000000800908c                RDMNetDevice::CopyCID(unsigned char*)
                0x00000000080090a0                non-virtual thunk to RDMNetDevice::CopyCID(unsigned char*)
 .text._ZN12RDMNetDevice7CopyUIDEPh
                0x00000000080090a8       0x16 build_gd32/firmware/main.o
                0x00000000080090a8                RDMNetDevice::CopyUID(unsigned char*)
                0x00000000080090b8                non-virtual thunk to RDMNetDevice::CopyUID(unsigned char*)
 .text._ZN7Display10TextStatusEPKc
                0x00000000080090be       0x66 build_gd32/firmware/main.o
                0x00000000080090be                Display::TextStatus(char const*)
 .text._ZN7Display10TextStatusEPKc22Display7SegmentMessagem
                0x0000000008009124       0x50 build_gd32/firmware/main.o
                0x0000000008009124                Display::TextStatus(char const*, Display7SegmentMessage, unsigned long)
 .text._ZN7Display8SetSleepEb
                0x0000000008009174       0x20 build_gd32/firmware/main.o
                0x0000000008009174                Display::SetSleep(bool)
 .text._ZN8hardware8ledblink7displayEm
                0x0000000008009194       0x40 build_gd32/firmware/main.o
                0x0000000008009194                hardware::ledblink::display(unsigned long)
 .text._ZN7display7timeout9gpio_initEv
                0x00000000080091d4       0x20 build_gd32/firmware/main.o
                0x00000000080091d4                display::timeout::gpio_init()
 .text._ZN7display7timeout10gpio_renewEv
                0x00000000080091f4       0x14 build_gd32/firmware/main.o
                0x00000000080091f4                display::timeout::gpio_renew()
 .text._ZN8Hardware13RebootHandlerEv
                0x0000000008009208       0x20 build_gd32/firmware/main.o
                0x0000000008009208                Hardware::RebootHandler()
 .text.startup.main
                0x0000000008009228      0x638 build_gd32/firmware/main.o
                0x0000000008009228                main
 .text._ZN12StoreNetwork8SaveDhcpEb
                0x0000000008009860       0x30 build_gd32/lib/factorydefaults.o
                0x0000000008009860                StoreNetwork::SaveDhcp(bool)
                0x0000000008009888                non-virtual thunk to StoreNetwork::SaveDhcp(bool)
 .text._ZN3rdm6device9responder15factorydefaultsEv
                0x0000000008009890       0x30 build_gd32/lib/factorydefaults.o
                0x0000000008009890                rdm::device::responder::factorydefaults()
 .text._ZN18RDMSoftwareVersion10GetVersionEv
                0x00000000080098c0        0x8 build_gd32/lib/rdmsoftwareversion.o
                0x00000000080098c0                RDMSoftwareVersion::GetVersion()
 .text._ZN18RDMSoftwareVersion16GetVersionLengthEv
                0x00000000080098c8        0x4 build_gd32/lib/rdmsoftwareversion.o
                0x00000000080098c8                RDMSoftwareVersion::GetVersionLength()
 .text._ZN18RDMSoftwareVersion12GetVersionIdEv
                0x00000000080098cc        0x8 build_gd32/lib/rdmsoftwareversion.o
                0x00000000080098cc                RDMSoftwareVersion::GetVersionId()
 .text._itostr  0x00000000080098d4       0x74 ../lib-c/lib_gd32/libc.a(printf.o)
 .text._xputch  0x0000000008009948       0x30 ../lib-c/lib_gd32/libc.a(printf.o)
 .text._format_int
                0x0000000008009978       0xd4 ../lib-c/lib_gd32/libc.a(printf.o)
 .text._format_hex
                0x0000000008009a4c       0xba ../lib-c/lib_gd32/libc.a(printf.o)
 *fill*         0x0000000008009b06        0x2 
 .text._vprintf
                0x0000000008009b08      0x3b8 ../lib-c/lib_gd32/libc.a(printf.o)
 .text.printf   0x0000000008009ec0       0x1e ../lib-c/lib_gd32/libc.a(printf.o)
                0x0000000008009ec0                printf
 *fill*         0x0000000008009ede        0x2 
 .text.sprintf  0x0000000008009ee0       0x30 ../lib-c/lib_gd32/libc.a(printf.o)
                0x0000000008009ee0                sprintf
 .text.snprintf
                0x0000000008009f10       0x30 ../lib-c/lib_gd32/libc.a(printf.o)
                0x0000000008009f10                snprintf
 .text.vsnprintf
                0x0000000008009f40       0x20 ../lib-c/lib_gd32/libc.a(printf.o)
                0x0000000008009f40                vsnprintf
 .text.puts     0x0000000008009f60       0x10 ../lib-c/lib_gd32/libc.a(puts.o)
                0x0000000008009f60                puts
 .text.__udivmoddi4
                0x0000000008009f70      0x2c8 /Users/arjanvanvught/Library/xPacks/@xpack-dev-tools/arm-none-eabi-gcc/11.3.1-1.1.2/.content/bin/../lib/gcc/arm-none-eabi/11.3.1/thumb/v7e-m+fp/hard/libgcc.a(_udivmoddi4.o)
                0x0000000008009f70                __udivmoddi4
 .text._ZN12RemoteConfig16HandleDisplayGetEv
                0x000000000800a238       0x54 ../lib-remoteconfig/lib_gd32/libremoteconfig.a(remoteconfig.o)
                0x000000000800a238                RemoteConfig::HandleDisplayGet()
 .text._ZN12RemoteConfig10HandleListEv
                0x000000000800a28c       0xb8 ../lib-remoteconfig/lib_gd32/libremoteconfig.a(remoteconfig.o)
                0x000000000800a28c                RemoteConfig::HandleList()
 .text._ZN12RemoteConfig13HandleTftpGetEv
                0x000000000800a344       0x50 ../lib-remoteconfig/lib_gd32/libremoteconfig.a(remoteconfig.o)
                0x000000000800a344                RemoteConfig::HandleTftpGet()
 .text._ZN12RemoteConfig13HandleVersionEv
                0x000000000800a394       0x40 ../lib-remoteconfig/lib_gd32/libremoteconfig.a(remoteconfig.o)
                0x000000000800a394                RemoteConfig::HandleVersion()
 .text._ZN12RemoteConfig12HandleUptimeEv
                0x000000000800a3d4       0x4c ../lib-remoteconfig/lib_gd32/libremoteconfig.a(remoteconfig.o)
                0x000000000800a3d4                RemoteConfig::HandleUptime()
 .text._ZN12RemoteConfig16HandleDisplaySetEv
                0x000000000800a420       0x28 ../lib-remoteconfig/lib_gd32/libremoteconfig.a(remoteconfig.o)
                0x000000000800a420                RemoteConfig::HandleDisplaySet()
 .text._ZN12RemoteConfig13HandleTftpSetEv
                0x000000000800a448       0x3c ../lib-remoteconfig/lib_gd32/libremoteconfig.a(remoteconfig.o)
                0x000000000800a448                RemoteConfig::HandleTftpSet()
 .text._ZN12RemoteConfigC2EN12remoteconfig4NodeENS0_6OutputEm
                0x000000000800a484       0x58 ../lib-remoteconfig/lib_gd32/libremoteconfig.a(remoteconfig.o)
                0x000000000800a484                RemoteConfig::RemoteConfig(remoteconfig::Node, remoteconfig::Output, unsigned long)
                0x000000000800a484                RemoteConfig::RemoteConfig(remoteconfig::Node, remoteconfig::Output, unsigned long)
 .text._ZNK12RemoteConfig13GetStringNodeEv
                0x000000000800a4dc       0x18 ../lib-remoteconfig/lib_gd32/libremoteconfig.a(remoteconfig.o)
                0x000000000800a4dc                RemoteConfig::GetStringNode() const
 .text._ZNK12RemoteConfig15GetStringOutputEv
                0x000000000800a4f4       0x18 ../lib-remoteconfig/lib_gd32/libremoteconfig.a(remoteconfig.o)
                0x000000000800a4f4                RemoteConfig::GetStringOutput() const
 .text._ZN12RemoteConfig10SetDisableEb
                0x000000000800a50c       0x32 ../lib-remoteconfig/lib_gd32/libremoteconfig.a(remoteconfig.o)
                0x000000000800a50c                RemoteConfig::SetDisable(bool)
 *fill*         0x000000000800a53e        0x2 
 .text._ZN12RemoteConfig14SetDisplayNameEPKc
                0x000000000800a540       0x30 ../lib-remoteconfig/lib_gd32/libremoteconfig.a(remoteconfig.o)
                0x000000000800a540                RemoteConfig::SetDisplayName(char const*)
 .text._ZN12RemoteConfig9HandleGetEPvm
                0x000000000800a570       0xb8 ../lib-remoteconfig/lib_gd32/libremoteconfig.a(remoteconfig.o)
                0x000000000800a570                RemoteConfig::HandleGet(void*, unsigned long)
 .text._ZN12RemoteConfig17HandleGetNoParamsEv
                0x000000000800a628        0x8 ../lib-remoteconfig/lib_gd32/libremoteconfig.a(remoteconfig.o)
                0x000000000800a628                RemoteConfig::HandleGetNoParams()
 .text._ZN12RemoteConfig19HandleGetRconfigTxtERm
                0x000000000800a630       0x30 ../lib-remoteconfig/lib_gd32/libremoteconfig.a(remoteconfig.o)
                0x000000000800a630                RemoteConfig::HandleGetRconfigTxt(unsigned long&)
 .text._ZN12RemoteConfig19HandleGetNetworkTxtERm
                0x000000000800a660       0x30 ../lib-remoteconfig/lib_gd32/libremoteconfig.a(remoteconfig.o)
                0x000000000800a660                RemoteConfig::HandleGetNetworkTxt(unsigned long&)
 .text._ZN12RemoteConfig16HandleGetE131TxtERm
                0x000000000800a690       0x30 ../lib-remoteconfig/lib_gd32/libremoteconfig.a(remoteconfig.o)
                0x000000000800a690                RemoteConfig::HandleGetE131Txt(unsigned long&)
 .text._ZN12RemoteConfig18HandleGetParamsTxtERm
                0x000000000800a6c0       0x30 ../lib-remoteconfig/lib_gd32/libremoteconfig.a(remoteconfig.o)
                0x000000000800a6c0                RemoteConfig::HandleGetParamsTxt(unsigned long&)
 .text._ZN12RemoteConfig19HandleGetDisplayTxtERm
                0x000000000800a6f0       0x30 ../lib-remoteconfig/lib_gd32/libremoteconfig.a(remoteconfig.o)
                0x000000000800a6f0                RemoteConfig::HandleGetDisplayTxt(unsigned long&)
 .text._ZN12RemoteConfig9HandleSetEPvm
                0x000000000800a720       0x84 ../lib-remoteconfig/lib_gd32/libremoteconfig.a(remoteconfig.o)
                0x000000000800a720                RemoteConfig::HandleSet(void*, unsigned long)
 .text._ZN12RemoteConfig13HandleRequestEv
                0x000000000800a7a4      0x124 ../lib-remoteconfig/lib_gd32/libremoteconfig.a(remoteconfig.o)
                0x000000000800a7a4                RemoteConfig::HandleRequest()
 .text._ZN12RemoteConfig16HandleSetRconfigEv
                0x000000000800a8c8       0x30 ../lib-remoteconfig/lib_gd32/libremoteconfig.a(remoteconfig.o)
                0x000000000800a8c8                RemoteConfig::HandleSetRconfig()
 .text._ZN12RemoteConfig19HandleSetNetworkTxtEv
                0x000000000800a8f8       0x28 ../lib-remoteconfig/lib_gd32/libremoteconfig.a(remoteconfig.o)
                0x000000000800a8f8                RemoteConfig::HandleSetNetworkTxt()
 .text._ZN12RemoteConfig16HandleSetE131TxtEv
                0x000000000800a920       0x28 ../lib-remoteconfig/lib_gd32/libremoteconfig.a(remoteconfig.o)
                0x000000000800a920                RemoteConfig::HandleSetE131Txt()
 .text._ZN12RemoteConfig18HandleSetParamsTxtEv
                0x000000000800a948       0x28 ../lib-remoteconfig/lib_gd32/libremoteconfig.a(remoteconfig.o)
                0x000000000800a948                RemoteConfig::HandleSetParamsTxt()
 .text._ZN12RemoteConfig19HandleSetDisplayTxtEv
                0x000000000800a970       0x28 ../lib-remoteconfig/lib_gd32/libremoteconfig.a(remoteconfig.o)
                0x000000000800a970                RemoteConfig::HandleSetDisplayTxt()
 .text._ZN12RemoteConfig13HandleFactoryEv
                0x000000000800a998       0x1c ../lib-remoteconfig/lib_gd32/libremoteconfig.a(remoteconfigfactory.o)
                0x000000000800a998                RemoteConfig::HandleFactory()
 .text._ZN17PropertiesBuilder3AddEPKcb.isra.0
                0x000000000800a9b4       0x50 ../lib-remoteconfig/lib_gd32/libremoteconfig.a(remoteconfigparams.o)
 .text._ZN18RemoteConfigParamsC2EP23RemoteConfigParamsStore
                0x000000000800aa04       0x14 ../lib-remoteconfig/lib_gd32/libremoteconfig.a(remoteconfigparams.o)
                0x000000000800aa04                RemoteConfigParams::RemoteConfigParams(RemoteConfigParamsStore*)
                0x000000000800aa04                RemoteConfigParams::RemoteConfigParams(RemoteConfigParamsStore*)
 .text._ZN18RemoteConfigParams4LoadEv
                0x000000000800aa18       0x18 ../lib-remoteconfig/lib_gd32/libremoteconfig.a(remoteconfigparams.o)
                0x000000000800aa18                RemoteConfigParams::Load()
 .text._ZN18RemoteConfigParams4LoadEPKcm
                0x000000000800aa30       0x3c ../lib-remoteconfig/lib_gd32/libremoteconfig.a(remoteconfigparams.o)
                0x000000000800aa30                RemoteConfigParams::Load(char const*, unsigned long)
 .text._ZN18RemoteConfigParams7SetBoolEhm
                0x000000000800aa6c       0x10 ../lib-remoteconfig/lib_gd32/libremoteconfig.a(remoteconfigparams.o)
                0x000000000800aa6c                RemoteConfigParams::SetBool(unsigned char, unsigned long)
 .text._ZN18RemoteConfigParams16callbackFunctionEPKc
                0x000000000800aa7c       0xac ../lib-remoteconfig/lib_gd32/libremoteconfig.a(remoteconfigparams.o)
                0x000000000800aa7c                RemoteConfigParams::callbackFunction(char const*)
 .text._ZN18RemoteConfigParams22staticCallbackFunctionEPvPKc
                0x000000000800ab28        0x4 ../lib-remoteconfig/lib_gd32/libremoteconfig.a(remoteconfigparams.o)
                0x000000000800ab28                RemoteConfigParams::staticCallbackFunction(void*, char const*)
 .text._ZN18RemoteConfigParams7BuilderEPK19TRemoteConfigParamsPcmRm
                0x000000000800ab2c      0x120 ../lib-remoteconfig/lib_gd32/libremoteconfig.a(remoteconfigparams.o)
                0x000000000800ab2c                RemoteConfigParams::Builder(TRemoteConfigParams const*, char*, unsigned long, unsigned long&)
 .text._ZN18RemoteConfigParams3SetEP12RemoteConfig
                0x000000000800ac4c       0x40 ../lib-remoteconfig/lib_gd32/libremoteconfig.a(remoteconfigparams.o)
                0x000000000800ac4c                RemoteConfigParams::Set(RemoteConfig*)
 .text._ZN18RemoteConfigParams4DumpEv
                0x000000000800ac8c        0x2 ../lib-remoteconfig/lib_gd32/libremoteconfig.a(remoteconfigparamsdump.o)
                0x000000000800ac8c                RemoteConfigParams::Dump()
 *fill*         0x000000000800ac8e        0x2 
 .text._ZN12RemoteConfig12HandleRebootEv
                0x000000000800ac90       0x98 ../lib-remoteconfig/lib_gd32/libremoteconfig.a(remoteconfigreboot.o)
                0x000000000800ac90                RemoteConfig::HandleReboot()
 .text._ZN12RemoteConfig8GetIndexEPKvRm
                0x000000000800ad28       0x54 ../lib-remoteconfig/lib_gd32/libremoteconfig.a(remoteconfigstatic.o)
                0x000000000800ad28                RemoteConfig::GetIndex(void const*, unsigned long&)
 .text._ZN12RemoteConfig21PlatformHandleTftpSetEv
                0x000000000800ad7c       0x40 ../lib-remoteconfig/lib_gd32/libremoteconfig.a(remoteconfig.o)
                0x000000000800ad7c                RemoteConfig::PlatformHandleTftpSet()
 .text._ZN12RemoteConfig21PlatformHandleTftpGetEv
                0x000000000800adbc       0x1a ../lib-remoteconfig/lib_gd32/libremoteconfig.a(remoteconfig.o)
                0x000000000800adbc                RemoteConfig::PlatformHandleTftpGet()
 .text.strcmp   0x000000000800add6       0x1a ../lib-remoteconfig/lib_gd32/libremoteconfig.a(httd.o)
                0x000000000800add6                strcmp
 .text.strcasecmp
                0x000000000800adf0       0x34 ../lib-remoteconfig/lib_gd32/libremoteconfig.a(httd.o)
                0x000000000800adf0                strcasecmp
 .text._ZN16PropertiesConfig10EnableJSONEb
                0x000000000800ae24       0x18 ../lib-remoteconfig/lib_gd32/libremoteconfig.a(httd.o)
                0x000000000800ae24                PropertiesConfig::EnableJSON(bool)
 .text._ZN10HttpDaemonC2Ev
                0x000000000800ae3c       0x38 ../lib-remoteconfig/lib_gd32/libremoteconfig.a(httd.o)
                0x000000000800ae3c                HttpDaemon::HttpDaemon()
                0x000000000800ae3c                HttpDaemon::HttpDaemon()
 .text._ZN10HttpDaemon11ParseMethodEPc
                0x000000000800ae74       0x8c ../lib-remoteconfig/lib_gd32/libremoteconfig.a(httd.o)
                0x000000000800ae74                HttpDaemon::ParseMethod(char*)
 .text._ZN10HttpDaemon16ParseHeaderFieldEPc
                0x000000000800af00       0x94 ../lib-remoteconfig/lib_gd32/libremoteconfig.a(httd.o)
                0x000000000800af00                HttpDaemon::ParseHeaderField(char*)
 .text._ZN10HttpDaemon12ParseRequestEv
                0x000000000800af94       0x68 ../lib-remoteconfig/lib_gd32/libremoteconfig.a(httd.o)
                0x000000000800af94                HttpDaemon::ParseRequest()
 .text._ZN10HttpDaemon12HandleGetTxtEv
                0x000000000800affc       0x88 ../lib-remoteconfig/lib_gd32/libremoteconfig.a(httd.o)
                0x000000000800affc                HttpDaemon::HandleGetTxt()
 .text._ZN10HttpDaemon9HandleGetEv
                0x000000000800b084      0x120 ../lib-remoteconfig/lib_gd32/libremoteconfig.a(httd.o)
                0x000000000800b084                HttpDaemon::HandleGet()
 .text._ZN10HttpDaemon10HandlePostEb
                0x000000000800b1a4      0x158 ../lib-remoteconfig/lib_gd32/libremoteconfig.a(httd.o)
                0x000000000800b1a4                HttpDaemon::HandlePost(bool)
 .text._ZN10HttpDaemon13HandleRequestEm
                0x000000000800b2fc      0x140 ../lib-remoteconfig/lib_gd32/libremoteconfig.a(httd.o)
                0x000000000800b2fc                HttpDaemon::HandleRequest(unsigned long)
 .text._ZN12remoteconfig13json_get_listEPct
                0x000000000800b43c       0x60 ../lib-remoteconfig/lib_gd32/libremoteconfig.a(remoteconfigjson.o)
                0x000000000800b43c                remoteconfig::json_get_list(char*, unsigned short)
 .text._ZN12remoteconfig16json_get_versionEPct
                0x000000000800b49c       0x38 ../lib-remoteconfig/lib_gd32/libremoteconfig.a(remoteconfigjson.o)
                0x000000000800b49c                remoteconfig::json_get_version(char*, unsigned short)
 .text._ZN12remoteconfig15json_get_uptimeEPct
                0x000000000800b4d4       0x20 ../lib-remoteconfig/lib_gd32/libremoteconfig.a(remoteconfigjson.o)
                0x000000000800b4d4                remoteconfig::json_get_uptime(char*, unsigned short)
 .text._ZN12remoteconfig16json_get_displayEPct
                0x000000000800b4f4       0x20 ../lib-remoteconfig/lib_gd32/libremoteconfig.a(remoteconfigjson.o)
                0x000000000800b4f4                remoteconfig::json_get_display(char*, unsigned short)
 .text._ZN12remoteconfig18json_get_directoryEPct
                0x000000000800b514       0x10 ../lib-remoteconfig/lib_gd32/libremoteconfig.a(remoteconfigjson.o)
                0x000000000800b514                remoteconfig::json_get_directory(char*, unsigned short)
 .text._Z16get_file_contentPKcPcRN4http12contentTypesE
                0x000000000800b524       0x4c ../lib-remoteconfig/lib_gd32/libremoteconfig.a(get_file_content.o)
                0x000000000800b524                get_file_content(char const*, char*, http::contentTypes&)
 .text._ZN8lightset4Data13IMergeSourceAEmPKhmNS_9MergeModeE.part.0
                0x000000000800b570       0x28 ../lib-e131/lib_gd32/libe131.a(e131bridge.o)
 .text.memset.isra.0
                0x000000000800b598        0xe ../lib-e131/lib_gd32/libe131.a(e131bridge.o)
 .text.memcpy.isra.0
                0x000000000800b5a6       0x14 ../lib-e131/lib_gd32/libe131.a(e131bridge.o)
 *fill*         0x000000000800b5ba        0x2 
 .text._ZN8lightset4Data3GetEv
                0x000000000800b5bc       0x18 ../lib-e131/lib_gd32/libe131.a(e131bridge.o)
                0x000000000800b5bc                lightset::Data::Get()
 .text._ZN8lightset4Data10SetSourceAEmPKhm
                0x000000000800b5d4       0x3c ../lib-e131/lib_gd32/libe131.a(e131bridge.o)
                0x000000000800b5d4                lightset::Data::SetSourceA(unsigned long, unsigned char const*, unsigned long)
 .text._ZN8lightset4Data12MergeSourceAEmPKhmNS_9MergeModeE
                0x000000000800b610       0x52 ../lib-e131/lib_gd32/libe131.a(e131bridge.o)
                0x000000000800b610                lightset::Data::MergeSourceA(unsigned long, unsigned char const*, unsigned long, lightset::MergeMode)
 .text._ZN8lightset4Data12MergeSourceBEmPKhmNS_9MergeModeE
                0x000000000800b662       0x54 ../lib-e131/lib_gd32/libe131.a(e131bridge.o)
                0x000000000800b662                lightset::Data::MergeSourceB(unsigned long, unsigned char const*, unsigned long, lightset::MergeMode)
 *fill*         0x000000000800b6b6        0x2 
 .text._ZN10E131BridgeC2Ev
                0x000000000800b6b8       0xd4 ../lib-e131/lib_gd32/libe131.a(e131bridge.o)
                0x000000000800b6b8                E131Bridge::E131Bridge()
                0x000000000800b6b8                E131Bridge::E131Bridge()
 .text._ZN10E131Bridge5StartEv
                0x000000000800b78c       0x5c ../lib-e131/lib_gd32/libe131.a(e131bridge.o)
                0x000000000800b78c                E131Bridge::Start()
 .text._ZN10E131Bridge4StopEv
                0x000000000800b7e8       0x64 ../lib-e131/lib_gd32/libe131.a(e131bridge.o)
                0x000000000800b7e8                E131Bridge::Stop()
 .text._ZN10E131Bridge13LeaveUniverseEmt
                0x000000000800b84c       0x2e ../lib-e131/lib_gd32/libe131.a(e131bridge.o)
                0x000000000800b84c                E131Bridge::LeaveUniverse(unsigned long, unsigned short)
 .text._ZN10E131Bridge25SetSynchronizationAddressEbbt
                0x000000000800b87a       0x44 ../lib-e131/lib_gd32/libe131.a(e131bridge.o)
                0x000000000800b87a                E131Bridge::SetSynchronizationAddress(bool, bool, unsigned short)
 .text._ZN10E131Bridge11SetUniverseEmN8lightset7PortDirEt
                0x000000000800b8be       0xf0 ../lib-e131/lib_gd32/libe131.a(e131bridge.o)
                0x000000000800b8be                E131Bridge::SetUniverse(unsigned long, lightset::PortDir, unsigned short)
 .text._ZNK10E131Bridge11GetUniverseEmRtN8lightset7PortDirE
                0x000000000800b9ae       0x2e ../lib-e131/lib_gd32/libe131.a(e131bridge.o)
                0x000000000800b9ae                E131Bridge::GetUniverse(unsigned long, unsigned short&, lightset::PortDir) const
 .text._ZN10E131Bridge17UpdateMergeStatusEm
                0x000000000800b9dc       0x1e ../lib-e131/lib_gd32/libe131.a(e131bridge.o)
                0x000000000800b9dc                E131Bridge::UpdateMergeStatus(unsigned long)
 .text._ZN10E131Bridge18CheckMergeTimeoutsEm
                0x000000000800b9fa       0x72 ../lib-e131/lib_gd32/libe131.a(e131bridge.o)
                0x000000000800b9fa                E131Bridge::CheckMergeTimeouts(unsigned long)
 .text._ZNK10E131Bridge17IsPriorityTimeOutEm
                0x000000000800ba6c       0x4a ../lib-e131/lib_gd32/libe131.a(e131bridge.o)
                0x000000000800ba6c                E131Bridge::IsPriorityTimeOut(unsigned long) const
 .text._ZNK10E131Bridge12isIpCidMatchEPKN10e131bridge6SourceE
                0x000000000800bab6       0x30 ../lib-e131/lib_gd32/libe131.a(e131bridge.o)
                0x000000000800bab6                E131Bridge::isIpCidMatch(e131bridge::Source const*) const
 *fill*         0x000000000800bae6        0x2 
 .text._ZN10E131Bridge27SetNetworkDataLossConditionEbb
                0x000000000800bae8      0x148 ../lib-e131/lib_gd32/libe131.a(e131bridge.o)
                0x000000000800bae8                E131Bridge::SetNetworkDataLossCondition(bool, bool)
 .text._ZN10E131Bridge9HandleDmxEv
                0x000000000800bc30      0x348 ../lib-e131/lib_gd32/libe131.a(e131bridge.o)
                0x000000000800bc30                E131Bridge::HandleDmx()
 .text._ZN10E131Bridge11IsValidRootEv
                0x000000000800bf78       0x40 ../lib-e131/lib_gd32/libe131.a(e131bridge.o)
                0x000000000800bf78                E131Bridge::IsValidRoot()
 .text._ZN10E131Bridge17IsValidDataPacketEv
                0x000000000800bfb8       0x2c ../lib-e131/lib_gd32/libe131.a(e131bridge.o)
                0x000000000800bfb8                E131Bridge::IsValidDataPacket()
 .text._ZN10E131Bridge3RunEv
                0x000000000800bfe4      0x10c ../lib-e131/lib_gd32/libe131.a(e131bridge.o)
                0x000000000800bfe4                E131Bridge::Run()
 .text._ZN10E131Bridge21HandleSynchronizationEv
                0x000000000800c0f0       0xa4 ../lib-e131/lib_gd32/libe131.a(e131bridgehandlesynchronization.o)
                0x000000000800c0f0                E131Bridge::HandleSynchronization()
 .text._ZN10E131Bridge5PrintEv
                0x000000000800c194       0xf4 ../lib-e131/lib_gd32/libe131.a(e131bridgeprint.o)
                0x000000000800c194                E131Bridge::Print()
 .text._ZN17PropertiesBuilder3AddIPKcEEbS2_T_bm.isra.0
                0x000000000800c288       0x50 ../lib-e131/lib_gd32/libe131.a(e131params.o)
 .text._ZN10E131ParamsC2EP15E131ParamsStore
                0x000000000800c2d8       0x2e ../lib-e131/lib_gd32/libe131.a(e131params.o)
                0x000000000800c2d8                E131Params::E131Params(E131ParamsStore*)
                0x000000000800c2d8                E131Params::E131Params(E131ParamsStore*)
 .text._ZN10E131Params4LoadEv
                0x000000000800c306       0x18 ../lib-e131/lib_gd32/libe131.a(e131params.o)
                0x000000000800c306                E131Params::Load()
 *fill*         0x000000000800c31e        0x2 
 .text._ZN10E131Params4LoadEPKcm
                0x000000000800c320       0x3c ../lib-e131/lib_gd32/libe131.a(e131params.o)
                0x000000000800c320                E131Params::Load(char const*, unsigned long)
 .text._ZN10E131Params16callbackFunctionEPKc
                0x000000000800c35c      0x29c ../lib-e131/lib_gd32/libe131.a(e131params.o)
                0x000000000800c35c                E131Params::callbackFunction(char const*)
 .text._ZN10E131Params22staticCallbackFunctionEPvPKc
                0x000000000800c5f8        0x4 ../lib-e131/lib_gd32/libe131.a(e131params.o)
                0x000000000800c5f8                E131Params::staticCallbackFunction(void*, char const*)
 .text._ZN10E131Params7BuilderEPKN10e131params6ParamsEPcmRm
                0x000000000800c5fc      0x2b0 ../lib-e131/lib_gd32/libe131.a(e131params.o)
                0x000000000800c5fc                E131Params::Builder(e131params::Params const*, char*, unsigned long, unsigned long&)
 .text._ZN10E131Params3SetEm
                0x000000000800c8ac       0xa4 ../lib-e131/lib_gd32/libe131.a(e131params.o)
                0x000000000800c8ac                E131Params::Set(unsigned long)
 .text._ZN10E131Params4DumpEv
                0x000000000800c950        0x2 ../lib-e131/lib_gd32/libe131.a(e131paramsdump.o)
                0x000000000800c950                E131Params::Dump()
 *fill*         0x000000000800c952        0x2 
 .text._ZN10E131Bridge19FillDiscoveryPacketEv
                0x000000000800c954       0xd8 ../lib-e131/lib_gd32/libe131.a(e131bridgediscoverypacket.o)
                0x000000000800c954                E131Bridge::FillDiscoveryPacket()
 .text._ZN10E131Bridge19SendDiscoveryPacketEv
                0x000000000800ca2c       0x72 ../lib-e131/lib_gd32/libe131.a(e131bridgediscoverypacket.o)
                0x000000000800ca2c                E131Bridge::SendDiscoveryPacket()
 .text.memcpy.isra.0
                0x000000000800ca9e       0x14 ../lib-e131/lib_gd32/libe131.a(e131bridgehandledmxin.o)
 *fill*         0x000000000800cab2        0x2 
 .text._ZN10E131Bridge14FillDataPacketEv
                0x000000000800cab4       0x8c ../lib-e131/lib_gd32/libe131.a(e131bridgehandledmxin.o)
                0x000000000800cab4                E131Bridge::FillDataPacket()
 .text._ZN10E131Bridge11HandleDmxInEv
                0x000000000800cb40       0xf0 ../lib-e131/lib_gd32/libe131.a(e131bridgehandledmxin.o)
                0x000000000800cb40                E131Bridge::HandleDmxIn()
 .text.memcpy.isra.0
                0x000000000800cc30       0x14 ../lib-rdmnet/lib_gd32/librdmnet.a(llrpdevice.o)
 .text._ZN10LLRPDevice20HandleRequestMessageEv
                0x000000000800cc44       0xa8 ../lib-rdmnet/lib_gd32/librdmnet.a(llrpdevice.o)
                0x000000000800cc44                LLRPDevice::HandleRequestMessage()
 .text._ZN10LLRPDevice16HandleRdmCommandEv
                0x000000000800ccec       0x9c ../lib-rdmnet/lib_gd32/librdmnet.a(llrpdevice.o)
                0x000000000800ccec                LLRPDevice::HandleRdmCommand()
 .text._ZN10LLRPDevice3RunEv
                0x000000000800cd88       0x4c ../lib-rdmnet/lib_gd32/librdmnet.a(llrpdevice.o)
                0x000000000800cd88                LLRPDevice::Run()
 .text._ZN10LLRPDevice5PrintEv
                0x000000000800cdd4       0x48 ../lib-rdmnet/lib_gd32/librdmnet.a(llrpdevice.o)
                0x000000000800cdd4                LLRPDevice::Print()
 .text._ZN12RDMNetDevice5PrintEv
                0x000000000800ce1c       0x40 ../lib-rdmnet/lib_gd32/librdmnet.a(rdmnetdevice.o)
                0x000000000800ce1c                RDMNetDevice::Print()
 .text._ZN10RDMSensorsC2Ev
                0x000000000800ce5c       0x10 ../lib-rdmsensor/lib_gd32/librdmsensor.a(rdmsensors.o)
                0x000000000800ce5c                RDMSensors::RDMSensors()
                0x000000000800ce5c                RDMSensors::RDMSensors()
 .text._ZN10RDMSensorsD2Ev
                0x000000000800ce6c       0x30 ../lib-rdmsensor/lib_gd32/librdmsensor.a(rdmsensors.o)
                0x000000000800ce6c                RDMSensors::~RDMSensors()
                0x000000000800ce6c                RDMSensors::~RDMSensors()
 .text._ZN13RDMSubDevicesC2Ev
                0x000000000800ce9c       0x10 ../lib-rdmsubdevice/lib_gd32/librdmsubdevice.a(rdmsubdevices.o)
                0x000000000800ce9c                RDMSubDevices::RDMSubDevices()
                0x000000000800ce9c                RDMSubDevices::RDMSubDevices()
 .text._ZN13RDMSubDevicesD2Ev
                0x000000000800ceac       0x30 ../lib-rdmsubdevice/lib_gd32/librdmsubdevice.a(rdmsubdevices.o)
                0x000000000800ceac                RDMSubDevices::~RDMSubDevices()
                0x000000000800ceac                RDMSubDevices::~RDMSubDevices()
 .text._ZN13RDMSubDevices7GetInfoEt
                0x000000000800cedc       0x10 ../lib-rdmsubdevice/lib_gd32/librdmsubdevice.a(rdmsubdevices.o)
                0x000000000800cedc                RDMSubDevices::GetInfo(unsigned short)
 .text._ZN13RDMSubDevices8GetLabelEtP18TRDMDeviceInfoData
                0x000000000800ceec       0x12 ../lib-rdmsubdevice/lib_gd32/librdmsubdevice.a(rdmsubdevices.o)
                0x000000000800ceec                RDMSubDevices::GetLabel(unsigned short, TRDMDeviceInfoData*)
 .text._ZN13RDMSubDevices8SetLabelEtPKch
                0x000000000800cefe       0x1c ../lib-rdmsubdevice/lib_gd32/librdmsubdevice.a(rdmsubdevices.o)
                0x000000000800cefe                RDMSubDevices::SetLabel(unsigned short, char const*, unsigned char)
 .text._ZN13RDMSubDevices18GetFactoryDefaultsEv
                0x000000000800cf1a       0x26 ../lib-rdmsubdevice/lib_gd32/librdmsubdevice.a(rdmsubdevices.o)
                0x000000000800cf1a                RDMSubDevices::GetFactoryDefaults()
 .text._ZN13RDMSubDevices18SetFactoryDefaultsEv
                0x000000000800cf40       0x1e ../lib-rdmsubdevice/lib_gd32/librdmsubdevice.a(rdmsubdevices.o)
                0x000000000800cf40                RDMSubDevices::SetFactoryDefaults()
 .text._ZN12RDMSubDevice8GetLabelEP18TRDMDeviceInfoData
                0x000000000800cf5e        0xe ../lib-rdmsubdevice/lib_gd32/librdmsubdevice.a(rdmsubdevice.o)
                0x000000000800cf5e                RDMSubDevice::GetLabel(TRDMDeviceInfoData*)
 .text._ZN12RDMSubDevice8SetLabelEPKc
                0x000000000800cf6c       0x1c ../lib-rdmsubdevice/lib_gd32/librdmsubdevice.a(rdmsubdevice.o)
                0x000000000800cf6c                RDMSubDevice::SetLabel(char const*)
 .text._ZN12RDMSubDevice8SetLabelEPKch
                0x000000000800cf88       0x1e ../lib-rdmsubdevice/lib_gd32/librdmsubdevice.a(rdmsubdevice.o)
                0x000000000800cf88                RDMSubDevice::SetLabel(char const*, unsigned char)
 .text._ZN12RDMSubDevice18SetFactoryDefaultsEv
                0x000000000800cfa6       0x1c ../lib-rdmsubdevice/lib_gd32/librdmsubdevice.a(rdmsubdevice.o)
                0x000000000800cfa6                RDMSubDevice::SetFactoryDefaults()
 .text._ZN12RDMSubDevice17CalculateChecksumEv
                0x000000000800cfc2       0x30 ../lib-rdmsubdevice/lib_gd32/librdmsubdevice.a(rdmsubdevice.o)
                0x000000000800cfc2                RDMSubDevice::CalculateChecksum()
 .text._ZN12RDMSubDevice18GetFactoryDefaultsEv
                0x000000000800cff2       0x1a ../lib-rdmsubdevice/lib_gd32/librdmsubdevice.a(rdmsubdevice.o)
                0x000000000800cff2                RDMSubDevice::GetFactoryDefaults()
 .text._ZN15RDMDeviceParamsC2EP20RDMDeviceParamsStore
                0x000000000800d00c       0x2a ../lib-rdm/lib_gd32/librdm.a(rdmdeviceparams.o)
                0x000000000800d00c                RDMDeviceParams::RDMDeviceParams(RDMDeviceParamsStore*)
                0x000000000800d00c                RDMDeviceParams::RDMDeviceParams(RDMDeviceParamsStore*)
 .text._ZN15RDMDeviceParams4LoadEv
                0x000000000800d036       0x16 ../lib-rdm/lib_gd32/librdm.a(rdmdeviceparams.o)
                0x000000000800d036                RDMDeviceParams::Load()
 .text._ZN15RDMDeviceParams3SetEP9RDMDevice
                0x000000000800d04c       0x6a ../lib-rdm/lib_gd32/librdm.a(rdmdeviceparams.o)
                0x000000000800d04c                RDMDeviceParams::Set(RDMDevice*)
 .text._ZN15RDMDeviceParams4DumpEv
                0x000000000800d0b6        0x2 ../lib-rdm/lib_gd32/librdm.a(rdmdeviceparams.o)
                0x000000000800d0b6                RDMDeviceParams::Dump()
 .text._ZN18RDMDeviceResponder17PersonalityUpdateEP8LightSet
                0x000000000800d0b8        0x2 ../lib-rdm/lib_gd32/librdm.a(rdmdeviceresponder.o)
                0x000000000800d0b8                RDMDeviceResponder::PersonalityUpdate(LightSet*)
 .text._ZN18RDMDeviceResponder21DmxStartAddressUpdateEv
                0x000000000800d0ba        0x2 ../lib-rdm/lib_gd32/librdm.a(rdmdeviceresponder.o)
                0x000000000800d0ba                RDMDeviceResponder::DmxStartAddressUpdate()
 .text._ZN18RDMDeviceResponderD2Ev
                0x000000000800d0bc       0x20 ../lib-rdm/lib_gd32/librdm.a(rdmdeviceresponder.o)
                0x000000000800d0bc                RDMDeviceResponder::~RDMDeviceResponder()
                0x000000000800d0bc                RDMDeviceResponder::~RDMDeviceResponder()
 .text._ZN18RDMDeviceResponderD0Ev
                0x000000000800d0dc       0x12 ../lib-rdm/lib_gd32/librdm.a(rdmdeviceresponder.o)
                0x000000000800d0dc                RDMDeviceResponder::~RDMDeviceResponder()
 *fill*         0x000000000800d0ee        0x2 
 .text._ZN18RDMDeviceResponderC2EPP14RDMPersonalitym
                0x000000000800d0f0       0x9c ../lib-rdm/lib_gd32/librdm.a(rdmdeviceresponder.o)
                0x000000000800d0f0                RDMDeviceResponder::RDMDeviceResponder(RDMPersonality**, unsigned long)
                0x000000000800d0f0                RDMDeviceResponder::RDMDeviceResponder(RDMPersonality**, unsigned long)
 .text._ZN18RDMDeviceResponder4InitEv
                0x000000000800d18c      0x128 ../lib-rdm/lib_gd32/librdm.a(rdmdeviceresponder.o)
                0x000000000800d18c                RDMDeviceResponder::Init()
 .text._ZN18RDMDeviceResponder5PrintEv
                0x000000000800d2b4       0x9c ../lib-rdm/lib_gd32/librdm.a(rdmdeviceresponder.o)
                0x000000000800d2b4                RDMDeviceResponder::Print()
 .text.memcpy.isra.0
                0x000000000800d350       0x14 ../lib-rdm/lib_gd32/librdm.a(rdmhandler.o)
 .text._ZN9RDMDevice8SetLabelEPK18TRDMDeviceInfoData
                0x000000000800d364       0x44 ../lib-rdm/lib_gd32/librdm.a(rdmhandler.o)
                0x000000000800d364                RDMDevice::SetLabel(TRDMDeviceInfoData const*)
 .text._ZN18RDMDeviceResponder18SetFactoryDefaultsEv
                0x000000000800d3a8      0x100 ../lib-rdm/lib_gd32/librdm.a(rdmhandler.o)
                0x000000000800d3a8                RDMDeviceResponder::SetFactoryDefaults()
 .text._ZN10RDMHandlerC2Eb
                0x000000000800d4a8        0xc ../lib-rdm/lib_gd32/librdm.a(rdmhandler.o)
                0x000000000800d4a8                RDMHandler::RDMHandler(bool)
                0x000000000800d4a8                RDMHandler::RDMHandler(bool)
 .text._ZN10RDMHandler12HandleStringEPKcm
                0x000000000800d4b4       0x18 ../lib-rdm/lib_gd32/librdm.a(rdmhandler.o)
                0x000000000800d4b4                RDMHandler::HandleString(char const*, unsigned long)
 .text._ZN10RDMHandler20CreateRespondMessageEht
                0x000000000800d4cc       0x98 ../lib-rdm/lib_gd32/librdm.a(rdmhandler.o)
                0x000000000800d4cc                RDMHandler::CreateRespondMessage(unsigned char, unsigned short)
 .text._ZN10RDMHandler17RespondMessageAckEv
                0x000000000800d564       0x12 ../lib-rdm/lib_gd32/librdm.a(rdmhandler.o)
                0x000000000800d564                RDMHandler::RespondMessageAck()
 *fill*         0x000000000800d576        0x2 
 .text._ZN10RDMHandler13GetDeviceInfoEt
                0x000000000800d578       0x68 ../lib-rdm/lib_gd32/librdm.a(rdmhandler.o)
                0x000000000800d578                RDMHandler::GetDeviceInfo(unsigned short)
 .text._ZN10RDMHandler18GetFactoryDefaultsEt
                0x000000000800d5e0       0x80 ../lib-rdm/lib_gd32/librdm.a(rdmhandler.o)
                0x000000000800d5e0                RDMHandler::GetFactoryDefaults(unsigned short)
 .text._ZN10RDMHandler25GetDeviceModelDescriptionEt
                0x000000000800d660       0x1c ../lib-rdm/lib_gd32/librdm.a(rdmhandler.o)
                0x000000000800d660                RDMHandler::GetDeviceModelDescription(unsigned short)
 .text._ZN10RDMHandler20GetManufacturerLabelEt
                0x000000000800d67c       0x20 ../lib-rdm/lib_gd32/librdm.a(rdmhandler.o)
                0x000000000800d67c                RDMHandler::GetManufacturerLabel(unsigned short)
 .text._ZN10RDMHandler14GetDeviceLabelEt
                0x000000000800d69c       0x3c ../lib-rdm/lib_gd32/librdm.a(rdmhandler.o)
                0x000000000800d69c                RDMHandler::GetDeviceLabel(unsigned short)
 .text._ZN10RDMHandler17GetIdentifyDeviceEt
                0x000000000800d6d8       0x14 ../lib-rdm/lib_gd32/librdm.a(rdmhandler.o)
                0x000000000800d6d8                RDMHandler::GetIdentifyDevice(unsigned short)
 .text._ZN10RDMHandler18RespondMessageNackEt
                0x000000000800d6ec        0x8 ../lib-rdm/lib_gd32/librdm.a(rdmhandler.o)
                0x000000000800d6ec                RDMHandler::RespondMessageNack(unsigned short)
 .text._ZN10RDMHandler14SetResetDeviceEbt
                0x000000000800d6f4       0x48 ../lib-rdm/lib_gd32/librdm.a(rdmhandler.o)
                0x000000000800d6f4                RDMHandler::SetResetDevice(bool, unsigned short)
 .text._ZN10RDMHandler17SetIdentifyDeviceEbt
                0x000000000800d73c       0x7c ../lib-rdm/lib_gd32/librdm.a(rdmhandler.o)
                0x000000000800d73c                RDMHandler::SetIdentifyDevice(bool, unsigned short)
 .text._ZN10RDMHandler18SetFactoryDefaultsEbt
                0x000000000800d7b8       0x34 ../lib-rdm/lib_gd32/librdm.a(rdmhandler.o)
                0x000000000800d7b8                RDMHandler::SetFactoryDefaults(bool, unsigned short)
 .text._ZN10RDMHandler14SetDeviceLabelEbt
                0x000000000800d7ec       0x58 ../lib-rdm/lib_gd32/librdm.a(rdmhandler.o)
                0x000000000800d7ec                RDMHandler::SetDeviceLabel(bool, unsigned short)
 .text._ZN10RDMHandler8HandlersEbhtht
                0x000000000800d844       0xc8 ../lib-rdm/lib_gd32/librdm.a(rdmhandler.o)
                0x000000000800d844                RDMHandler::Handlers(bool, unsigned char, unsigned short, unsigned char, unsigned short)
 .text._ZN10RDMHandler10HandleDataEPKhPh
                0x000000000800d90c      0x1b4 ../lib-rdm/lib_gd32/librdm.a(rdmhandler.o)
                0x000000000800d90c                RDMHandler::HandleData(unsigned char const*, unsigned char*)
 .text._ZN11RDMIdentifyC2Ev
                0x000000000800dac0        0xc ../lib-rdm/lib_gd32/librdm.a(rdmidentify.o)
                0x000000000800dac0                RDMIdentify::RDMIdentify()
                0x000000000800dac0                RDMIdentify::RDMIdentify()
 .text._ZN11RDMIdentify2OnEN3rdm8identify4ModeE
                0x000000000800dacc        0x2 ../lib-rdm/lib_gd32/librdm.a(rdmidentify.o)
                0x000000000800dacc                RDMIdentify::On(rdm::identify::Mode)
 .text._ZN11RDMIdentify3OffEN3rdm8identify4ModeE
                0x000000000800dace        0x2 ../lib-rdm/lib_gd32/librdm.a(rdmidentify.o)
                0x000000000800dace                RDMIdentify::Off(rdm::identify::Mode)
 .text.memcpy.isra.0
                0x000000000800dad0       0x14 ../lib-rdm/lib_gd32/librdm.a(rdmhandlere1372.o)
 .text._ZN10RDMHandler16GetInterfaceListEt
                0x000000000800dae4       0x28 ../lib-rdm/lib_gd32/librdm.a(rdmhandlere1372.o)
                0x000000000800dae4                RDMHandler::GetInterfaceList(unsigned short)
 .text._ZN10RDMHandler16GetInterfaceNameEt
                0x000000000800db0c       0x50 ../lib-rdm/lib_gd32/librdm.a(rdmhandlere1372.o)
                0x000000000800db0c                RDMHandler::GetInterfaceName(unsigned short)
 .text._ZN10RDMHandler18GetHardwareAddressEt
                0x000000000800db5c       0x38 ../lib-rdm/lib_gd32/librdm.a(rdmhandlere1372.o)
                0x000000000800db5c                RDMHandler::GetHardwareAddress(unsigned short)
 .text._ZN10RDMHandler11GetDHCPModeEt
                0x000000000800db94       0x30 ../lib-rdm/lib_gd32/librdm.a(rdmhandlere1372.o)
                0x000000000800db94                RDMHandler::GetDHCPMode(unsigned short)
 .text._ZN10RDMHandler11SetDHCPModeEbt
                0x000000000800dbc4       0x48 ../lib-rdm/lib_gd32/librdm.a(rdmhandlere1372.o)
                0x000000000800dbc4                RDMHandler::SetDHCPMode(bool, unsigned short)
 .text._ZN10RDMHandler14GetNameServersEt
                0x000000000800dc0c       0x22 ../lib-rdm/lib_gd32/librdm.a(rdmhandlere1372.o)
                0x000000000800dc0c                RDMHandler::GetNameServers(unsigned short)
 *fill*         0x000000000800dc2e        0x2 
 .text._ZN10RDMHandler11GetZeroconfEt
                0x000000000800dc30       0x34 ../lib-rdm/lib_gd32/librdm.a(rdmhandlere1372.o)
                0x000000000800dc30                RDMHandler::GetZeroconf(unsigned short)
 .text._ZN10RDMHandler11SetZeroconfEbt
                0x000000000800dc64       0x48 ../lib-rdm/lib_gd32/librdm.a(rdmhandlere1372.o)
                0x000000000800dc64                RDMHandler::SetZeroconf(bool, unsigned short)
 .text._ZN10RDMHandler9RenewDhcpEbt
                0x000000000800dcac       0x2c ../lib-rdm/lib_gd32/librdm.a(rdmhandlere1372.o)
                0x000000000800dcac                RDMHandler::RenewDhcp(bool, unsigned short)
 .text._ZN10RDMHandler17GetAddressNetmaskEt
                0x000000000800dcd8       0x50 ../lib-rdm/lib_gd32/librdm.a(rdmhandlere1372.o)
                0x000000000800dcd8                RDMHandler::GetAddressNetmask(unsigned short)
 .text._ZN10RDMHandler16GetStaticAddressEt
                0x000000000800dd28       0x48 ../lib-rdm/lib_gd32/librdm.a(rdmhandlere1372.o)
                0x000000000800dd28                RDMHandler::GetStaticAddress(unsigned short)
 .text._ZN10RDMHandler16SetStaticAddressEbt
                0x000000000800dd70       0x50 ../lib-rdm/lib_gd32/librdm.a(rdmhandlere1372.o)
                0x000000000800dd70                RDMHandler::SetStaticAddress(bool, unsigned short)
 .text._ZN10RDMHandler18ApplyConfigurationEbt
                0x000000000800ddc0       0x28 ../lib-rdm/lib_gd32/librdm.a(rdmhandlere1372.o)
                0x000000000800ddc0                RDMHandler::ApplyConfiguration(bool, unsigned short)
 .text._ZN10RDMHandler15GetDefaultRouteEt
                0x000000000800dde8       0x3c ../lib-rdm/lib_gd32/librdm.a(rdmhandlere1372.o)
                0x000000000800dde8                RDMHandler::GetDefaultRoute(unsigned short)
 .text._ZN10RDMHandler15SetDefaultRouteEbt
                0x000000000800de24        0x6 ../lib-rdm/lib_gd32/librdm.a(rdmhandlere1372.o)
                0x000000000800de24                RDMHandler::SetDefaultRoute(bool, unsigned short)
 *fill*         0x000000000800de2a        0x2 
 .text._ZN10RDMHandler11GetHostNameEt
                0x000000000800de2c       0x30 ../lib-rdm/lib_gd32/librdm.a(rdmhandlere1372.o)
                0x000000000800de2c                RDMHandler::GetHostName(unsigned short)
 .text._ZN10RDMHandler11SetHostNameEbt
                0x000000000800de5c       0x34 ../lib-rdm/lib_gd32/librdm.a(rdmhandlere1372.o)
                0x000000000800de5c                RDMHandler::SetHostName(bool, unsigned short)
 .text._ZN10RDMHandler13GetDomainNameEt
                0x000000000800de90       0x30 ../lib-rdm/lib_gd32/librdm.a(rdmhandlere1372.o)
                0x000000000800de90                RDMHandler::GetDomainName(unsigned short)
 .text._ZN10RDMHandler13SetDomainNameEbt
                0x000000000800dec0        0x6 ../lib-rdm/lib_gd32/librdm.a(rdmhandlere1372.o)
                0x000000000800dec0                RDMHandler::SetDomainName(bool, unsigned short)
 .text.memcpy.isra.0
                0x000000000800dec6       0x14 ../lib-rdm/lib_gd32/librdm.a(rdmdevice.o)
 *fill*         0x000000000800deda        0x2 
 .text._ZN9RDMDeviceC2Ev
                0x000000000800dedc       0xcc ../lib-rdm/lib_gd32/librdm.a(rdmdevice.o)
                0x000000000800dedc                RDMDevice::RDMDevice()
                0x000000000800dedc                RDMDevice::RDMDevice()
 .text._ZN9RDMDevice5PrintEv
                0x000000000800dfa8       0x84 ../lib-rdm/lib_gd32/librdm.a(rdmdevice.o)
                0x000000000800dfa8                RDMDevice::Print()
 .text.uuid_unparse_x
                0x000000000800e02c       0x7e ../lib-uuid/lib_gd32/libuuid.a(uuid_unparse.o)
 *fill*         0x000000000800e0aa        0x2 
 .text.uuid_unparse
                0x000000000800e0ac        0xc ../lib-uuid/lib_gd32/libuuid.a(uuid_unparse.o)
                0x000000000800e0ac                uuid_unparse
 .text._ZN7DmxSendD2Ev
                0x000000000800e0b8        0x2 ../lib-dmxsend/lib_gd32/libdmxsend.a(dmxsend.o)
                0x000000000800e0b8                DmxSend::~DmxSend()
                0x000000000800e0b8                DmxSend::~DmxSend()
 *fill*         0x000000000800e0ba        0x2 
 .text._ZN7DmxSend5StartEm
                0x000000000800e0bc       0x30 ../lib-dmxsend/lib_gd32/libdmxsend.a(dmxsend.o)
                0x000000000800e0bc                DmxSend::Start(unsigned long)
 .text._ZN7DmxSend4StopEm
                0x000000000800e0ec       0x38 ../lib-dmxsend/lib_gd32/libdmxsend.a(dmxsend.o)
                0x000000000800e0ec                DmxSend::Stop(unsigned long)
 .text._ZN7DmxSend4SyncEm
                0x000000000800e124       0x24 ../lib-dmxsend/lib_gd32/libdmxsend.a(dmxsend.o)
                0x000000000800e124                DmxSend::Sync(unsigned long)
 .text._ZN7DmxSend4SyncEb
                0x000000000800e148       0x50 ../lib-dmxsend/lib_gd32/libdmxsend.a(dmxsend.o)
                0x000000000800e148                DmxSend::Sync(bool)
 .text._ZN7DmxSend5PrintEv
                0x000000000800e198       0x58 ../lib-dmxsend/lib_gd32/libdmxsend.a(dmxsend.o)
                0x000000000800e198                DmxSend::Print()
 .text._ZN7DmxSend6FullOnEv
                0x000000000800e1f0        0xc ../lib-dmxsend/lib_gd32/libdmxsend.a(dmxsend.o)
                0x000000000800e1f0                DmxSend::FullOn()
 .text._ZN7DmxSend8BlackoutEb
                0x000000000800e1fc        0xc ../lib-dmxsend/lib_gd32/libdmxsend.a(dmxsend.o)
                0x000000000800e1fc                DmxSend::Blackout(bool)
 .text._ZNK7DmxSend14GetOutputStyleEm
                0x000000000800e208       0x18 ../lib-dmxsend/lib_gd32/libdmxsend.a(dmxsend.o)
                0x000000000800e208                DmxSend::GetOutputStyle(unsigned long) const
 .text._ZN7DmxSend14SetOutputStyleEmN8lightset11OutputStyleE
                0x000000000800e220       0x14 ../lib-dmxsend/lib_gd32/libdmxsend.a(dmxsend.o)
                0x000000000800e220                DmxSend::SetOutputStyle(unsigned long, lightset::OutputStyle)
 .text._ZN7DmxSendD0Ev
                0x000000000800e234        0xc ../lib-dmxsend/lib_gd32/libdmxsend.a(dmxsend.o)
                0x000000000800e234                DmxSend::~DmxSend()
 .text._ZN7DmxSend7SetDataEmPKhmb
                0x000000000800e240       0x58 ../lib-dmxsend/lib_gd32/libdmxsend.a(dmxsend.o)
                0x000000000800e240                DmxSend::SetData(unsigned long, unsigned char const*, unsigned long, bool)
 .text._ZN17PropertiesBuilder3AddItEEbPKcT_bm.isra.0
                0x000000000800e298       0x50 ../lib-dmx/lib_gd32/libdmx.a(dmxparams.o)
 .text._ZN9DmxParamsC2EP14DmxParamsStore
                0x000000000800e2e8       0x18 ../lib-dmx/lib_gd32/libdmx.a(dmxparams.o)
                0x000000000800e2e8                DmxParams::DmxParams(DmxParamsStore*)
                0x000000000800e2e8                DmxParams::DmxParams(DmxParamsStore*)
 .text._ZN9DmxParams4LoadEv
                0x000000000800e300       0x18 ../lib-dmx/lib_gd32/libdmx.a(dmxparams.o)
                0x000000000800e300                DmxParams::Load()
 .text._ZN9DmxParams4LoadEPKcm
                0x000000000800e318       0x3c ../lib-dmx/lib_gd32/libdmx.a(dmxparams.o)
                0x000000000800e318                DmxParams::Load(char const*, unsigned long)
 .text._ZN9DmxParams16callbackFunctionEPKc
                0x000000000800e354       0xcc ../lib-dmx/lib_gd32/libdmx.a(dmxparams.o)
                0x000000000800e354                DmxParams::callbackFunction(char const*)
 .text._ZN9DmxParams22staticCallbackFunctionEPvPKc
                0x000000000800e420        0x4 ../lib-dmx/lib_gd32/libdmx.a(dmxparams.o)
                0x000000000800e420                DmxParams::staticCallbackFunction(void*, char const*)
 .text._ZN9DmxParams7BuilderEPK10TDmxParamsPcmRm
                0x000000000800e424      0x104 ../lib-dmx/lib_gd32/libdmx.a(dmxparams.o)
                0x000000000800e424                DmxParams::Builder(TDmxParams const*, char*, unsigned long, unsigned long&)
 .text._ZN9DmxParams3SetEP3Dmx
                0x000000000800e528       0x5c ../lib-dmx/lib_gd32/libdmx.a(dmxparams.o)
                0x000000000800e528                DmxParams::Set(Dmx*)
 .text._ZN9DmxParams4DumpEv
                0x000000000800e584        0x2 ../lib-dmx/lib_gd32/libdmx.a(dmxparams.o)
                0x000000000800e584                DmxParams::Dump()
 *fill*         0x000000000800e586        0x2 
 .text._ZN3Dmx8StopDataEmm.part.0
                0x000000000800e588       0xa0 ../lib-dmx/lib_gd32/libdmx.a(dmx.o)
 .text.USART2_IRQHandler
                0x000000000800e628      0x1ec ../lib-dmx/lib_gd32/libdmx.a(dmx.o)
                0x000000000800e628                USART2_IRQHandler
 .text.USART5_IRQHandler
                0x000000000800e814      0x20c ../lib-dmx/lib_gd32/libdmx.a(dmx.o)
                0x000000000800e814                USART5_IRQHandler
 .text.TIMER1_IRQHandler
                0x000000000800ea20       0xe8 ../lib-dmx/lib_gd32/libdmx.a(dmx.o)
                0x000000000800ea20                TIMER1_IRQHandler
 .text.TIMER4_IRQHandler
                0x000000000800eb08       0xec ../lib-dmx/lib_gd32/libdmx.a(dmx.o)
                0x000000000800eb08                TIMER4_IRQHandler
 .text.TIMER2_IRQHandler
                0x000000000800ebf4       0x90 ../lib-dmx/lib_gd32/libdmx.a(dmx.o)
                0x000000000800ebf4                TIMER2_IRQHandler
 .text.TIMER3_IRQHandler
                0x000000000800ec84       0x14 ../lib-dmx/lib_gd32/libdmx.a(dmx.o)
                0x000000000800ec84                TIMER3_IRQHandler
 .text.TIMER6_IRQHandler
                0x000000000800ec98       0x30 ../lib-dmx/lib_gd32/libdmx.a(dmx.o)
                0x000000000800ec98                TIMER6_IRQHandler
 .text.DMA0_Channel3_IRQHandler
                0x000000000800ecc8       0x58 ../lib-dmx/lib_gd32/libdmx.a(dmx.o)
                0x000000000800ecc8                DMA0_Channel3_IRQHandler
 .text.DMA1_Channel6_IRQHandler
                0x000000000800ed20       0x64 ../lib-dmx/lib_gd32/libdmx.a(dmx.o)
                0x000000000800ed20                DMA1_Channel6_IRQHandler
 .text._ZN3DmxC2Ev
                0x000000000800ed84      0x3f0 ../lib-dmx/lib_gd32/libdmx.a(dmx.o)
                0x000000000800ed84                Dmx::Dmx()
                0x000000000800ed84                Dmx::Dmx()
 .text._ZN3Dmx14StartDmxOutputEm
                0x000000000800f174       0xd0 ../lib-dmx/lib_gd32/libdmx.a(dmx.o)
                0x000000000800f174                Dmx::StartDmxOutput(unsigned long)
 .text._ZN3Dmx11StartOutputEm
                0x000000000800f244       0x34 ../lib-dmx/lib_gd32/libdmx.a(dmx.o)
                0x000000000800f244                Dmx::StartOutput(unsigned long)
 .text._ZN3Dmx9SetOutputEb
                0x000000000800f278       0xf8 ../lib-dmx/lib_gd32/libdmx.a(dmx.o)
                0x000000000800f278                Dmx::SetOutput(bool)
 .text._ZN3Dmx14SetOutputStyleEmN3dmx11OutputStyleE
                0x000000000800f370       0x14 ../lib-dmx/lib_gd32/libdmx.a(dmx.o)
                0x000000000800f370                Dmx::SetOutputStyle(unsigned long, dmx::OutputStyle)
 .text._ZNK3Dmx14GetOutputStyleEm
                0x000000000800f384       0x14 ../lib-dmx/lib_gd32/libdmx.a(dmx.o)
                0x000000000800f384                Dmx::GetOutputStyle(unsigned long) const
 .text._ZN3Dmx9StartDataEmm
                0x000000000800f398       0x80 ../lib-dmx/lib_gd32/libdmx.a(dmx.o)
                0x000000000800f398                Dmx::StartData(unsigned long, unsigned long)
 .text._ZN3Dmx16SetPortDirectionEmN3dmx13PortDirectionEb
                0x000000000800f418       0x98 ../lib-dmx/lib_gd32/libdmx.a(dmx.o)
                0x000000000800f418                Dmx::SetPortDirection(unsigned long, dmx::PortDirection, bool)
 .text._ZN3Dmx15SetDmxBreakTimeEm
                0x000000000800f4b0       0x6c ../lib-dmx/lib_gd32/libdmx.a(dmx.o)
                0x000000000800f4b0                Dmx::SetDmxBreakTime(unsigned long)
 .text._ZN3Dmx13SetDmxMabTimeEm
                0x000000000800f51c       0x6c ../lib-dmx/lib_gd32/libdmx.a(dmx.o)
                0x000000000800f51c                Dmx::SetDmxMabTime(unsigned long)
 .text._ZN3Dmx16SetDmxPeriodTimeEm
                0x000000000800f588       0x68 ../lib-dmx/lib_gd32/libdmx.a(dmx.o)
                0x000000000800f588                Dmx::SetDmxPeriodTime(unsigned long)
 .text._ZN3Dmx11SetDmxSlotsEt
                0x000000000800f5f0       0x7c ../lib-dmx/lib_gd32/libdmx.a(dmx.o)
                0x000000000800f5f0                Dmx::SetDmxSlots(unsigned short)
 .text._ZN3Dmx24SetPortSendDataWithoutSCEmPKhm
                0x000000000800f66c       0xd0 ../lib-dmx/lib_gd32/libdmx.a(dmx.o)
                0x000000000800f66c                Dmx::SetPortSendDataWithoutSC(unsigned long, unsigned char const*, unsigned long)
 .text._ZN3Dmx8BlackoutEv
                0x000000000800f73c       0xe8 ../lib-dmx/lib_gd32/libdmx.a(dmx.o)
                0x000000000800f73c                Dmx::Blackout()
 .text._ZN3Dmx6FullOnEv
                0x000000000800f824       0xec ../lib-dmx/lib_gd32/libdmx.a(dmx.o)
                0x000000000800f824                Dmx::FullOn()
 .text._ZN3Dmx15GetDmxAvailableEm
                0x000000000800f910       0x34 ../lib-dmx/lib_gd32/libdmx.a(dmx.o)
                0x000000000800f910                Dmx::GetDmxAvailable(unsigned long)
 .text._ZN3Dmx19GetUpdatesPerSecondEm
                0x000000000800f944       0x10 ../lib-dmx/lib_gd32/libdmx.a(dmx.o)
                0x000000000800f944                Dmx::GetUpdatesPerSecond(unsigned long)
 .text._ZN4e1319dmx_startEm
                0x000000000800f954       0x30 ../lib-dmx/lib_gd32/libdmx.a(dmxinput.o)
                0x000000000800f954                e131::dmx_start(unsigned long)
 .text._ZN4e1318dmx_stopEm
                0x000000000800f984       0x34 ../lib-dmx/lib_gd32/libdmx.a(dmxinput.o)
                0x000000000800f984                e131::dmx_stop(unsigned long)
 .text._ZN4e13111dmx_handlerEmRmS0_
                0x000000000800f9b8       0x40 ../lib-dmx/lib_gd32/libdmx.a(dmxinput.o)
                0x000000000800f9b8                e131::dmx_handler(unsigned long, unsigned long&, unsigned long&)
 .text._ZN11ConfigStore14GetStoreOffsetEN11configstore5StoreE
                0x000000000800f9f8       0x1c ../lib-configstore/lib_gd32/libconfigstore.a(configstore.o)
                0x000000000800f9f8                ConfigStore::GetStoreOffset(configstore::Store)
 .text._ZN11ConfigStore4InitEv
                0x000000000800fa14       0xf8 ../lib-configstore/lib_gd32/libconfigstore.a(configstore.o)
                0x000000000800fa14                ConfigStore::Init()
 .text._ZN11ConfigStoreC2Ev
                0x000000000800fb0c       0x48 ../lib-configstore/lib_gd32/libconfigstore.a(configstore.o)
                0x000000000800fb0c                ConfigStore::ConfigStore()
                0x000000000800fb0c                ConfigStore::ConfigStore()
 .text._ZN11ConfigStore12ResetSetListEN11configstore5StoreE
                0x000000000800fb54       0x24 ../lib-configstore/lib_gd32/libconfigstore.a(configstore.o)
                0x000000000800fb54                ConfigStore::ResetSetList(configstore::Store)
 .text._ZN11ConfigStore6UpdateEN11configstore5StoreEmPKvmmm
                0x000000000800fb78       0x70 ../lib-configstore/lib_gd32/libconfigstore.a(configstore.o)
                0x000000000800fb78                ConfigStore::Update(configstore::Store, unsigned long, void const*, unsigned long, unsigned long, unsigned long)
 .text._ZN11ConfigStore4CopyEN11configstore5StoreEPvmmb
                0x000000000800fbe8       0x64 ../lib-configstore/lib_gd32/libconfigstore.a(configstore.o)
                0x000000000800fbe8                ConfigStore::Copy(configstore::Store, void*, unsigned long, unsigned long, bool)
 .text._ZN11ConfigStore5FlashEv
                0x000000000800fc4c       0xac ../lib-configstore/lib_gd32/libconfigstore.a(configstore.o)
                0x000000000800fc4c                ConfigStore::Flash()
 .text._ZN15StoreDisplayUdfD2Ev
                0x000000000800fcf8        0x2 ../lib-configstore/lib_gd32/libconfigstore.a(storedisplayudf.o)
                0x000000000800fcf8                StoreDisplayUdf::~StoreDisplayUdf()
                0x000000000800fcf8                StoreDisplayUdf::~StoreDisplayUdf()
 *fill*         0x000000000800fcfa        0x2 
 .text._ZN15StoreDisplayUdf4CopyEPN16displayudfparams6ParamsE
                0x000000000800fcfc       0x24 ../lib-configstore/lib_gd32/libconfigstore.a(storedisplayudf.o)
                0x000000000800fcfc                StoreDisplayUdf::Copy(displayudfparams::Params*)
 .text._ZN15StoreDisplayUdf6UpdateEPKN16displayudfparams6ParamsE
                0x000000000800fd20       0x24 ../lib-configstore/lib_gd32/libconfigstore.a(storedisplayudf.o)
                0x000000000800fd20                StoreDisplayUdf::Update(displayudfparams::Params const*)
 .text._ZN15StoreDisplayUdfD0Ev
                0x000000000800fd44        0xc ../lib-configstore/lib_gd32/libconfigstore.a(storedisplayudf.o)
                0x000000000800fd44                StoreDisplayUdf::~StoreDisplayUdf()
 .text._ZN15StoreDisplayUdfC2Ev
                0x000000000800fd50       0x14 ../lib-configstore/lib_gd32/libconfigstore.a(storedisplayudf.o)
                0x000000000800fd50                StoreDisplayUdf::StoreDisplayUdf()
                0x000000000800fd50                StoreDisplayUdf::StoreDisplayUdf()
 .text._ZN12StoreDmxSendD2Ev
                0x000000000800fd64        0x2 ../lib-configstore/lib_gd32/libconfigstore.a(storedmxsend.o)
                0x000000000800fd64                StoreDmxSend::~StoreDmxSend()
                0x000000000800fd64                StoreDmxSend::~StoreDmxSend()
 *fill*         0x000000000800fd66        0x2 
 .text._ZN12StoreDmxSend4CopyEP10TDmxParams
                0x000000000800fd68       0x24 ../lib-configstore/lib_gd32/libconfigstore.a(storedmxsend.o)
                0x000000000800fd68                StoreDmxSend::Copy(TDmxParams*)
 .text._ZN12StoreDmxSend6UpdateEPK10TDmxParams
                0x000000000800fd8c       0x24 ../lib-configstore/lib_gd32/libconfigstore.a(storedmxsend.o)
                0x000000000800fd8c                StoreDmxSend::Update(TDmxParams const*)
 .text._ZN12StoreDmxSendD0Ev
                0x000000000800fdb0        0xc ../lib-configstore/lib_gd32/libconfigstore.a(storedmxsend.o)
                0x000000000800fdb0                StoreDmxSend::~StoreDmxSend()
 .text._ZN12StoreDmxSendC2Ev
                0x000000000800fdbc       0x14 ../lib-configstore/lib_gd32/libconfigstore.a(storedmxsend.o)
                0x000000000800fdbc                StoreDmxSend::StoreDmxSend()
                0x000000000800fdbc                StoreDmxSend::StoreDmxSend()
 .text._ZN12StoreNetworkD2Ev
                0x000000000800fdd0        0x6 ../lib-configstore/lib_gd32/libconfigstore.a(storenetwork.o)
                0x000000000800fdd0                StoreNetwork::~StoreNetwork()
                0x000000000800fdd0                StoreNetwork::~StoreNetwork()
                0x000000000800fdd2                non-virtual thunk to StoreNetwork::~StoreNetwork()
 *fill*         0x000000000800fdd6        0x2 
 .text._ZN12StoreNetwork6UpdateEPKN13networkparams6ParamsE
                0x000000000800fdd8       0x24 ../lib-configstore/lib_gd32/libconfigstore.a(storenetwork.o)
                0x000000000800fdd8                StoreNetwork::Update(networkparams::Params const*)
 .text._ZN12StoreNetwork13SaveGatewayIpEm
                0x000000000800fdfc       0x30 ../lib-configstore/lib_gd32/libconfigstore.a(storenetwork.o)
                0x000000000800fdfc                StoreNetwork::SaveGatewayIp(unsigned long)
                0x000000000800fe24                non-virtual thunk to StoreNetwork::SaveGatewayIp(unsigned long)
 .text._ZN12StoreNetwork11SaveNetMaskEm
                0x000000000800fe2c       0x2c ../lib-configstore/lib_gd32/libconfigstore.a(storenetwork.o)
                0x000000000800fe2c                StoreNetwork::SaveNetMask(unsigned long)
                0x000000000800fe50                non-virtual thunk to StoreNetwork::SaveNetMask(unsigned long)
 .text._ZN12StoreNetwork6SaveIpEm
                0x000000000800fe58       0x2c ../lib-configstore/lib_gd32/libconfigstore.a(storenetwork.o)
                0x000000000800fe58                StoreNetwork::SaveIp(unsigned long)
                0x000000000800fe7c                non-virtual thunk to StoreNetwork::SaveIp(unsigned long)
 .text._ZN12StoreNetwork12SaveHostNameEPKcm
                0x000000000800fe84       0x34 ../lib-configstore/lib_gd32/libconfigstore.a(storenetwork.o)
                0x000000000800fe84                StoreNetwork::SaveHostName(char const*, unsigned long)
                0x000000000800feb0                non-virtual thunk to StoreNetwork::SaveHostName(char const*, unsigned long)
 .text._ZN12StoreNetworkD0Ev
                0x000000000800feb8       0x12 ../lib-configstore/lib_gd32/libconfigstore.a(storenetwork.o)
                0x000000000800feb8                StoreNetwork::~StoreNetwork()
                0x000000000800fec4                non-virtual thunk to StoreNetwork::~StoreNetwork()
 *fill*         0x000000000800feca        0x2 
 .text._ZN12StoreNetwork4CopyEPN13networkparams6ParamsE
                0x000000000800fecc       0x20 ../lib-configstore/lib_gd32/libconfigstore.a(storenetwork.o)
                0x000000000800fecc                StoreNetwork::Copy(networkparams::Params*)
 .text._ZN12StoreNetworkC2Ev
                0x000000000800feec       0x18 ../lib-configstore/lib_gd32/libconfigstore.a(storenetwork.o)
                0x000000000800feec                StoreNetwork::StoreNetwork()
                0x000000000800feec                StoreNetwork::StoreNetwork()
 .text._ZN17StoreRemoteConfigD2Ev
                0x000000000800ff04        0x2 ../lib-configstore/lib_gd32/libconfigstore.a(storeremoteconfig.o)
                0x000000000800ff04                StoreRemoteConfig::~StoreRemoteConfig()
                0x000000000800ff04                StoreRemoteConfig::~StoreRemoteConfig()
 *fill*         0x000000000800ff06        0x2 
 .text._ZN17StoreRemoteConfig4CopyEP19TRemoteConfigParams
                0x000000000800ff08       0x24 ../lib-configstore/lib_gd32/libconfigstore.a(storeremoteconfig.o)
                0x000000000800ff08                StoreRemoteConfig::Copy(TRemoteConfigParams*)
 .text._ZN17StoreRemoteConfig6UpdateEPK19TRemoteConfigParams
                0x000000000800ff2c       0x24 ../lib-configstore/lib_gd32/libconfigstore.a(storeremoteconfig.o)
                0x000000000800ff2c                StoreRemoteConfig::Update(TRemoteConfigParams const*)
 .text._ZN17StoreRemoteConfigD0Ev
                0x000000000800ff50        0xc ../lib-configstore/lib_gd32/libconfigstore.a(storeremoteconfig.o)
                0x000000000800ff50                StoreRemoteConfig::~StoreRemoteConfig()
 .text._ZN17StoreRemoteConfigC2Ev
                0x000000000800ff5c       0x14 ../lib-configstore/lib_gd32/libconfigstore.a(storeremoteconfig.o)
                0x000000000800ff5c                StoreRemoteConfig::StoreRemoteConfig()
                0x000000000800ff5c                StoreRemoteConfig::StoreRemoteConfig()
 .text._ZN11StoreDeviceC2Ev
                0x000000000800ff70       0x1c ../lib-configstore/lib_gd32/libconfigstore.a(storedevice.o)
                0x000000000800ff70                StoreDevice::StoreDevice()
                0x000000000800ff70                StoreDevice::StoreDevice()
 .text._ZNK11StoreDevice7GetSizeEv
                0x000000000800ff8c        0x6 ../lib-configstore/lib_gd32/libconfigstore.a(storedevice.o)
                0x000000000800ff8c                StoreDevice::GetSize() const
 .text._ZNK11StoreDevice13GetSectorSizeEv
                0x000000000800ff92        0x6 ../lib-configstore/lib_gd32/libconfigstore.a(storedevice.o)
                0x000000000800ff92                StoreDevice::GetSectorSize() const
 .text._ZN11StoreDevice4ReadEmmPhRN11storedevice6resultE
                0x000000000800ff98        0xa ../lib-configstore/lib_gd32/libconfigstore.a(storedevice.o)
                0x000000000800ff98                StoreDevice::Read(unsigned long, unsigned long, unsigned char*, storedevice::result&)
 .text._ZN11StoreDevice5EraseEmmRN11storedevice6resultE
                0x000000000800ffa2        0x8 ../lib-configstore/lib_gd32/libconfigstore.a(storedevice.o)
                0x000000000800ffa2                StoreDevice::Erase(unsigned long, unsigned long, storedevice::result&)
 .text._ZN11StoreDevice5WriteEmmPKhRN11storedevice6resultE
                0x000000000800ffaa        0xa ../lib-configstore/lib_gd32/libconfigstore.a(storedevice.o)
                0x000000000800ffaa                StoreDevice::Write(unsigned long, unsigned long, unsigned char const*, storedevice::result&)
 .text._ZN9StoreE131D2Ev
                0x000000000800ffb4        0x2 ../lib-configstore/lib_gd32/libconfigstore.a(storee131.o)
                0x000000000800ffb4                StoreE131::~StoreE131()
                0x000000000800ffb4                StoreE131::~StoreE131()
 *fill*         0x000000000800ffb6        0x2 
 .text._ZN9StoreE1314CopyEPN10e131params6ParamsE
                0x000000000800ffb8       0x24 ../lib-configstore/lib_gd32/libconfigstore.a(storee131.o)
                0x000000000800ffb8                StoreE131::Copy(e131params::Params*)
 .text._ZN9StoreE1316UpdateEPKN10e131params6ParamsE
                0x000000000800ffdc       0x24 ../lib-configstore/lib_gd32/libconfigstore.a(storee131.o)
                0x000000000800ffdc                StoreE131::Update(e131params::Params const*)
 .text._ZN9StoreE131D0Ev
                0x0000000008010000        0xc ../lib-configstore/lib_gd32/libconfigstore.a(storee131.o)
                0x0000000008010000                StoreE131::~StoreE131()
 .text._ZN9StoreE131C2Ev
                0x000000000801000c       0x14 ../lib-configstore/lib_gd32/libconfigstore.a(storee131.o)
                0x000000000801000c                StoreE131::StoreE131()
                0x000000000801000c                StoreE131::StoreE131()
 .text._ZN14StoreRDMDeviceD2Ev
                0x0000000008010020        0x6 ../lib-configstore/lib_gd32/libconfigstore.a(storerdmdevice.o)
                0x0000000008010020                StoreRDMDevice::~StoreRDMDevice()
                0x0000000008010020                StoreRDMDevice::~StoreRDMDevice()
                0x0000000008010022                non-virtual thunk to StoreRDMDevice::~StoreRDMDevice()
 *fill*         0x0000000008010026        0x2 
 .text._ZN14StoreRDMDevice6UpdateEPKN3rdm12deviceparams6ParamsE
                0x0000000008010028       0x24 ../lib-configstore/lib_gd32/libconfigstore.a(storerdmdevice.o)
                0x0000000008010028                StoreRDMDevice::Update(rdm::deviceparams::Params const*)
 .text._ZN14StoreRDMDevice9SaveLabelEPKch
                0x000000000801004c       0x44 ../lib-configstore/lib_gd32/libconfigstore.a(storerdmdevice.o)
                0x000000000801004c                StoreRDMDevice::SaveLabel(char const*, unsigned char)
                0x0000000008010088                non-virtual thunk to StoreRDMDevice::SaveLabel(char const*, unsigned char)
 .text._ZN14StoreRDMDeviceD0Ev
                0x0000000008010090       0x12 ../lib-configstore/lib_gd32/libconfigstore.a(storerdmdevice.o)
                0x0000000008010090                StoreRDMDevice::~StoreRDMDevice()
                0x000000000801009c                non-virtual thunk to StoreRDMDevice::~StoreRDMDevice()
 *fill*         0x00000000080100a2        0x2 
 .text._ZN14StoreRDMDevice4CopyEPN3rdm12deviceparams6ParamsE
                0x00000000080100a4       0x24 ../lib-configstore/lib_gd32/libconfigstore.a(storerdmdevice.o)
                0x00000000080100a4                StoreRDMDevice::Copy(rdm::deviceparams::Params*)
 .text._ZN14StoreRDMDeviceC2Ev
                0x00000000080100c8       0x18 ../lib-configstore/lib_gd32/libconfigstore.a(storerdmdevice.o)
                0x00000000080100c8                StoreRDMDevice::StoreRDMDevice()
                0x00000000080100c8                StoreRDMDevice::StoreRDMDevice()
 .text.memcpy.isra.0
                0x00000000080100e0       0x14 ../lib-network/lib_gd32/libnetwork.a(mdns.o)
 .text.strlen   0x00000000080100f4       0x10 ../lib-network/lib_gd32/libnetwork.a(mdns.o)
                0x00000000080100f4                strlen
 .text._ZN4mdns6Domain11AddDotLocalEv
                0x0000000008010104       0x24 ../lib-network/lib_gd32/libnetwork.a(mdns.o)
                0x0000000008010104                mdns::Domain::AddDotLocal()
 .text._ZL18create_host_domainRN4mdns6DomainE
                0x0000000008010128       0x44 ../lib-network/lib_gd32/libnetwork.a(mdns.o)
 .text._ZL21create_service_domainRN4mdns6DomainERKNS_13ServiceRecordEb
                0x000000000801016c       0xa4 ../lib-network/lib_gd32/libnetwork.a(mdns.o)
 .text._ZN4mdns6Domain5PrintEb
                0x0000000008010210       0x48 ../lib-network/lib_gd32/libnetwork.a(mdns.o)
                0x0000000008010210                mdns::Domain::Print(bool)
 .text._ZN4mdnseqERKNS_6DomainES2_
                0x0000000008010258       0x66 ../lib-network/lib_gd32/libnetwork.a(mdns.o)
                0x0000000008010258                mdns::operator==(mdns::Domain const&, mdns::Domain const&)
 .text._Z24find_compression_pointerPKhS0_S0_
                0x00000000080102be       0x9c ../lib-network/lib_gd32/libnetwork.a(mdns.o)
                0x00000000080102be                find_compression_pointer(unsigned char const*, unsigned char const*, unsigned char const*)
 *fill*         0x000000000801035a        0x2 
 .text._ZL25put_domain_name_as_labelsPhRKN4mdns6DomainE
                0x000000000801035c       0x5c ../lib-network/lib_gd32/libnetwork.a(mdns.o)
 .text._ZL12add_answer_aPhm
                0x00000000080103b8       0x44 ../lib-network/lib_gd32/libnetwork.a(mdns.o)
 .text._ZL19add_answer_dnsd_ptrRKN4mdns13ServiceRecordEPhm.constprop.0
                0x00000000080103fc       0x50 ../lib-network/lib_gd32/libnetwork.a(mdns.o)
 .text._ZL14add_answer_srvRKN4mdns13ServiceRecordEPhm
                0x000000000801044c       0x58 ../lib-network/lib_gd32/libnetwork.a(mdns.o)
 .text._ZL14add_answer_ptrRKN4mdns13ServiceRecordEPhm
                0x00000000080104a4       0x50 ../lib-network/lib_gd32/libnetwork.a(mdns.o)
 .text._ZL14add_answer_txtRKN4mdns13ServiceRecordEPhm
                0x00000000080104f4       0x5a ../lib-network/lib_gd32/libnetwork.a(mdns.o)
 .text._Z15get_domain_namePKhS0_S0_Ph
                0x000000000801054e       0x86 ../lib-network/lib_gd32/libnetwork.a(mdns.o)
                0x000000000801054e                get_domain_name(unsigned char const*, unsigned char const*, unsigned char const*, unsigned char*)
 .text._ZN4MDNS6SendToEt
                0x00000000080105d4       0x48 ../lib-network/lib_gd32/libnetwork.a(mdns.o)
                0x00000000080105d4                MDNS::SendTo(unsigned short)
 .text._ZN4MDNS24SendAnswerLocalIpAddressEtm
                0x000000000801061c       0x54 ../lib-network/lib_gd32/libnetwork.a(mdns.o)
                0x000000000801061c                MDNS::SendAnswerLocalIpAddress(unsigned short, unsigned long)
 .text._ZN4MDNS11SendMessageERKN4mdns13ServiceRecordEtm
                0x0000000008010670       0xa8 ../lib-network/lib_gd32/libnetwork.a(mdns.o)
                0x0000000008010670                MDNS::SendMessage(mdns::ServiceRecord const&, unsigned short, unsigned long)
 .text._ZN4MDNS16SendAnnouncementEm
                0x0000000008010718       0x70 ../lib-network/lib_gd32/libnetwork.a(mdns.o)
                0x0000000008010718                MDNS::SendAnnouncement(unsigned long)
 .text._ZN7network17mdns_announcementEv
                0x0000000008010788       0x10 ../lib-network/lib_gd32/libnetwork.a(mdns.o)
                0x0000000008010788                network::mdns_announcement()
 .text._ZN7network13mdns_shutdownEv
                0x0000000008010798       0x10 ../lib-network/lib_gd32/libnetwork.a(mdns.o)
                0x0000000008010798                network::mdns_shutdown()
 .text._ZN4MDNSC2Ev
                0x00000000080107a8       0x74 ../lib-network/lib_gd32/libnetwork.a(mdns.o)
                0x00000000080107a8                MDNS::MDNS()
                0x00000000080107a8                MDNS::MDNS()
 .text._ZN4MDNS16AddServiceRecordEPKcN4mdns8ServicesES1_t
                0x000000000801081c       0xc0 ../lib-network/lib_gd32/libnetwork.a(mdns.o)
                0x000000000801081c                MDNS::AddServiceRecord(char const*, mdns::Services, char const*, unsigned short)
 .text._ZN4MDNS15HandleQuestionsEm
                0x00000000080108dc      0x198 ../lib-network/lib_gd32/libnetwork.a(mdns.o)
                0x00000000080108dc                MDNS::HandleQuestions(unsigned long)
 .text._ZN4MDNS5PrintEv
                0x0000000008010a74       0x70 ../lib-network/lib_gd32/libnetwork.a(mdns.o)
                0x0000000008010a74                MDNS::Print()
 .text.strncpy.isra.0
                0x0000000008010ae4       0x22 ../lib-network/lib_gd32/libnetwork.a(network.o)
 .text._ZN7Network12SetDefaultIpEv
                0x0000000008010b06       0x22 ../lib-network/lib_gd32/libnetwork.a(network.o)
                0x0000000008010b06                Network::SetDefaultIp()
 .text._ZN8Hardware12WatchdogInitEv
                0x0000000008010b28       0x24 ../lib-network/lib_gd32/libnetwork.a(network.o)
                0x0000000008010b28                Hardware::WatchdogInit()
 .text._ZN7NetworkC2EP18NetworkParamsStore
                0x0000000008010b4c      0x2cc ../lib-network/lib_gd32/libnetwork.a(network.o)
                0x0000000008010b4c                Network::Network(NetworkParamsStore*)
                0x0000000008010b4c                Network::Network(NetworkParamsStore*)
 .text._ZN7Network5SetIpEm
                0x0000000008010e18       0x64 ../lib-network/lib_gd32/libnetwork.a(network.o)
                0x0000000008010e18                Network::SetIp(unsigned long)
 .text._ZN7Network10SetNetmaskEm
                0x0000000008010e7c       0x2e ../lib-network/lib_gd32/libnetwork.a(network.o)
                0x0000000008010e7c                Network::SetNetmask(unsigned long)
 .text._ZN7Network11SetHostNameEPKc
                0x0000000008010eaa       0x40 ../lib-network/lib_gd32/libnetwork.a(network.o)
                0x0000000008010eaa                Network::SetHostName(char const*)
 *fill*         0x0000000008010eea        0x2 
 .text._ZN7Network11SetZeroconfEv
                0x0000000008010eec       0x54 ../lib-network/lib_gd32/libnetwork.a(network.o)
                0x0000000008010eec                Network::SetZeroconf()
 .text._ZN7Network10EnableDhcpEv
                0x0000000008010f40       0x6c ../lib-network/lib_gd32/libnetwork.a(network.o)
                0x0000000008010f40                Network::EnableDhcp()
 .text._ZN7Network17SetQueuedStaticIpEmm
                0x0000000008010fac       0x1a ../lib-network/lib_gd32/libnetwork.a(network.o)
                0x0000000008010fac                Network::SetQueuedStaticIp(unsigned long, unsigned long)
 .text._ZN7Network17ApplyQueuedConfigEv
                0x0000000008010fc6       0x80 ../lib-network/lib_gd32/libnetwork.a(network.o)
                0x0000000008010fc6                Network::ApplyQueuedConfig()
 *fill*         0x0000000008011046        0x2 
 .text._ZN7Network5PrintEv
                0x0000000008011048       0xf8 ../lib-network/lib_gd32/libnetwork.a(network.o)
                0x0000000008011048                Network::Print()
 .text._ZN13NetworkParamsC2EP18NetworkParamsStore
                0x0000000008011140       0x18 ../lib-network/lib_gd32/libnetwork.a(networkparams.o)