Archive member included to satisfy reference by file (symbol)

../lib-remoteconfig/lib_gd32/libremoteconfig.a(remoteconfig.o)
                              build_gd32/firmware/main.o (RemoteConfig::RemoteConfig(remoteconfig::Output, unsigned long))
../lib-remoteconfig/lib_gd32/libremoteconfig.a(remoteconfig.o)
                              ../lib-remoteconfig/lib_gd32/libremoteconfig.a(remoteconfig.o) (RemoteConfig::PlatformHandleTftpSet())
../lib-remoteconfig/lib_gd32/libremoteconfig.a(remoteconfigparams.o)
                              ../lib-remoteconfig/lib_gd32/libremoteconfig.a(remoteconfig.o) (json::RemoteConfigParams::RemoteConfigParams())
../lib-remoteconfig/lib_gd32/libremoteconfig.a(httpdhandlerequest.o)
                              ../lib-remoteconfig/lib_gd32/libremoteconfig.a(remoteconfig.o) (HttpDeamonHandleRequest::HandleRequest(unsigned long, char*))
../lib-remoteconfig/lib_gd32/libremoteconfig.a(html_infos.o)
                              ../lib-remoteconfig/lib_gd32/libremoteconfig.a(httpdhandlerequest.o) (html::GetFileIndex(char const*))
../lib-remoteconfig/lib_gd32/libremoteconfig.a(json_infos.o)
                              ../lib-remoteconfig/lib_gd32/libremoteconfig.a(httpdhandlerequest.o) (json::GetFileIndex(char const*))
../lib-remoteconfig/lib_gd32/libremoteconfig.a(khtmlinfos.o)
                              ../lib-remoteconfig/lib_gd32/libremoteconfig.a(html_infos.o) (html::kHtmlInfosSize)
../lib-remoteconfig/lib_gd32/libremoteconfig.a(kjsoninfos.o)
                              ../lib-remoteconfig/lib_gd32/libremoteconfig.a(json_infos.o) (json::kFileInfosSize)
../lib-remoteconfig/lib_gd32/libremoteconfig.a(json_config_remoteconfig.o)
                              ../lib-remoteconfig/lib_gd32/libremoteconfig.a(kjsoninfos.o) (json::config::GetRemoteConfig(char*, unsigned long))
../lib-remoteconfig/lib_gd32/libremoteconfig.a(get_file_content.o)
                              ../lib-remoteconfig/lib_gd32/libremoteconfig.a(httpdhandlerequest.o) (GetFileContent(char const*, unsigned long&, http::contentTypes&))
../lib-remoteconfig/lib_gd32/libremoteconfig.a(json_action.o)
                              ../lib-remoteconfig/lib_gd32/libremoteconfig.a(kjsoninfos.o) (json::action::Set(char const*, unsigned long))
../lib-remoteconfig/lib_gd32/libremoteconfig.a(json_config_getdirectory.o)
                              ../lib-remoteconfig/lib_gd32/libremoteconfig.a(kjsoninfos.o) (json::config::GetDirectory(char*, unsigned long))
../lib-remoteconfig/lib_gd32/libremoteconfig.a(json_datetime.o)
                              ../lib-remoteconfig/lib_gd32/libremoteconfig.a(kjsoninfos.o) (json::GetTimeofday(char*, unsigned long))
../lib-remoteconfig/lib_gd32/libremoteconfig.a(json_getlist.o)
                              ../lib-remoteconfig/lib_gd32/libremoteconfig.a(kjsoninfos.o) (json::GetList(char*, unsigned long))
../lib-remoteconfig/lib_gd32/libremoteconfig.a(json_getuptime.o)
                              ../lib-remoteconfig/lib_gd32/libremoteconfig.a(kjsoninfos.o) (json::GetUptime(char*, unsigned long))
../lib-remoteconfig/lib_gd32/libremoteconfig.a(json_getversion.o)
                              ../lib-remoteconfig/lib_gd32/libremoteconfig.a(kjsoninfos.o) (json::GetVersion(char*, unsigned long))
../lib-remoteconfig/lib_gd32/libremoteconfig.a(json_status_display.o)
                              ../lib-remoteconfig/lib_gd32/libremoteconfig.a(kjsoninfos.o) (json::status::Display(char*, unsigned long))
../lib-remoteconfig/lib_gd32/libremoteconfig.a(json_status_identify.o)
                              ../lib-remoteconfig/lib_gd32/libremoteconfig.a(kjsoninfos.o) (json::status::Identify(char*, unsigned long))
../lib-e131/lib_gd32/libe131.a(e131bridge.o)
                              build_gd32/firmware/main.o (E131Bridge::E131Bridge())
../lib-e131/lib_gd32/libe131.a(e131params.o)
                              build_gd32/firmware/main.o (json::E131Params::E131Params())
../lib-e131/lib_gd32/libe131.a(json_config_e131.o)
                              ../lib-remoteconfig/lib_gd32/libremoteconfig.a(kjsoninfos.o) (json::config::GetE131(char*, unsigned long))
../lib-e131/lib_gd32/libe131.a(discoverypacket.o)
                              ../lib-e131/lib_gd32/libe131.a(e131bridge.o) (E131Bridge::FillDiscoveryPacket())
../lib-e131/lib_gd32/libe131.a(handledmxin.o)
                              ../lib-e131/lib_gd32/libe131.a(e131bridge.o) (E131Bridge::FillDataPacket())
../lib-e131/lib_gd32/libe131.a(e131const.o)
                              ../lib-e131/lib_gd32/libe131.a(e131bridge.o) (E131Const::kVersion)
../lib-dmxnode/lib_gd32/libdmxnode.a(dmxnodeparams.o)
                              build_gd32/firmware/main.o (json::DmxNodeParams::DmxNodeParams())
../lib-dmxnode/lib_gd32/libdmxnode.a(json_config_dmxnode.o)
                              ../lib-remoteconfig/lib_gd32/libremoteconfig.a(kjsoninfos.o) (json::config::GetDmxNode(char*, unsigned long))
../lib-rdm/lib_gd32/librdm.a(rdmconst.o)
[...]
Memory Configuration

Name             Origin             Length             Attributes
FLASH            0x08008000         0x0001a800         xr
TCMSRAM          0x10000000         0x00010000         rw
RAM              0x20000000         0x0001c000         xrw
RAM1             0x2001c000         0x00004000         xrw
RAM2             0x20020000         0x00000000         xrw
RAMADD           0x20030000         0x00000000         xrw
BKPSRAM          0x40024000         0x00001000         rw
*default*        0x00000000         0xffffffff

Linker script and memory map

LOAD build_gd32/startup_gd32f407.o
LOAD build_gd32/hardfault_handler.o
LOAD build_gd32/firmware/main.o
                0x00001000                        __heap_size = DEFINED (__heap_size)?__heap_size:0x1000
                0x00002800                        __stack_size = DEFINED (__stack_size)?__stack_size:0x2800

.vectors        0x08008000      0x188
                0x08008000                        . = ALIGN (0x4)
 *(.vectors)
 .vectors       0x08008000      0x188 build_gd32/startup_gd32f407.o
                0x08008000                __gVectors
                0x08008188                        . = ALIGN (0x4)
                0x08008188                        __Vectors_End = .
                0x08008188                        __Vectors_Size = (__Vectors_End - __gVectors)

.text           0x08008188     0xf258
                0x08008188                        . = ALIGN (0x4)
 *(.text.unlikely*)
 .text.unlikely._ZN7network3tcp4InitEv
                0x08008188       0x34 ../lib-network/lib_gd32/libnetwork.a(tcp.o)
                0x08008188                network::tcp::Init()
 .text.unlikely._ZN7network3udp4InitEv
                0x080081bc       0x10 ../lib-network/lib_gd32/libnetwork.a(udp.o)
                0x080081bc                network::udp::Init()
 .text.unlikely._ZN7network3arp4InitEv
                0x080081cc       0xf8 ../lib-network/lib_gd32/libnetwork.a(arp.o)
                0x080081cc                network::arp::Init()
 .text.unlikely._ZN7network4igmp4InitEv
                0x080082c4       0xb0 ../lib-network/lib_gd32/libnetwork.a(igmp.o)
                0x080082c4                network::igmp::Init()
 .text.unlikely._ZN7network4igmp8ShutdownEv
                0x08008374       0x24 ../lib-network/lib_gd32/libnetwork.a(igmp.o)
                0x08008374                network::igmp::Shutdown()
 .text.unlikely._ZN3net4emac6ConfigEv
                0x08008398       0x48 ../lib-network/lib_gd32/libnetwork.a(emac.o)
                0x08008398                net::emac::Config()
 .text.unlikely._ZN3net4emac5StartEPhRNS_3phy4LinkE
                0x080083e0       0x5c ../lib-network/lib_gd32/libnetwork.a(emac.o)
                0x080083e0                net::emac::Start(unsigned char*, net::phy::Link&)
 .text.unlikely._ZN7console4InitEv
                0x0800843c       0x16 ../lib-hal/lib_gd32/libhal.a(console.o)
                0x0800843c                console::Init()
 *(.text.hot*)
 *fill*         0x08008452        0x2 
 .text.hot._ZN7network3tcp3RunEv
                0x08008454      0x238 ../lib-network/lib_gd32/libnetwork.a(tcp.o)
                0x08008454                network::tcp::Run()
 .text.hot._ZN7network3tcp5InputEPNS0_6HeaderE
                0x0800868c      0x658 ../lib-network/lib_gd32/libnetwork.a(tcp.o)
                0x0800868c                network::tcp::Input(network::tcp::Header*)
 .text.hot._ZN7network3udp5InputEPKNS0_6HeaderE
                0x08008ce4       0x94 ../lib-network/lib_gd32/libnetwork.a(udp.o)
                0x08008ce4                network::udp::Input(network::udp::Header const*)
 .text.hot._ZN7network3arp5InputEPKNS0_6HeaderE
                0x08008d78      0x168 ../lib-network/lib_gd32/libnetwork.a(arp.o)
                0x08008d78                network::arp::Input(network::arp::Header const*)
 .text.hot._ZN7network4icmp5InputEPNS0_6HeaderE
                0x08008ee0      0x108 ../lib-network/lib_gd32/libnetwork.a(icmp.o)
                0x08008ee0                network::icmp::Input(network::icmp::Header*)
 .text.hot._ZN7network4igmp5InputEPKNS0_6HeaderE
                0x08008fe8       0xb8 ../lib-network/lib_gd32/libnetwork.a(igmp.o)
                0x08008fe8                network::igmp::Input(network::igmp::Header const*)
 *(.text)
 .text          0x080090a0       0xa0 /Users/arjanvanvught/Library/xPacks/@xpack-dev-tools/arm-none-eabi-gcc/14.2.1-1.1.1/.content/bin/../lib/gcc/arm-none-eabi/14.2.1/thumb/v7e-m+fp/hard/libgcc.a(_arm_truncdfsf2.o)
                0x080090a0                __aeabi_d2f
                0x080090a0                __truncdfsf2
 .text          0x08009140       0x30 /Users/arjanvanvught/Library/xPacks/@xpack-dev-tools/arm-none-eabi-gcc/14.2.1-1.1.1/.content/bin/../lib/gcc/arm-none-eabi/14.2.1/thumb/v7e-m+fp/hard/libgcc.a(_aeabi_uldivmod.o)
                0x08009140                __aeabi_uldivmod
 .text          0x08009170        0x4 /Users/arjanvanvught/Library/xPacks/@xpack-dev-tools/arm-none-eabi-gcc/14.2.1-1.1.1/.content/bin/../lib/gcc/arm-none-eabi/14.2.1/thumb/v7e-m+fp/hard/libgcc.a(_dvmd_tls.o)
                0x08009170                __aeabi_ldiv0
                0x08009170                __aeabi_idiv0
 *(.text*)
 .text.Reset_Handler
                0x08009174       0x50 build_gd32/startup_gd32f407.o
                0x08009174                Reset_Handler
 .text.Default_Handler
                0x080091c4        0x2 build_gd32/startup_gd32f407.o
                0x080091c4                USBHS_EP1_Out_IRQHandler
                0x080091c4                EXTI2_IRQHandler
                0x080091c4                TIMER2_IRQHandler
                0x080091c4                DebugMon_Handler
                0x080091c4                LVD_IRQHandler
                0x080091c4                CAN1_EWMC_IRQHandler
                0x080091c4                TIMER7_UP_TIMER12_IRQHandler
                0x080091c4                SDIO_IRQHandler
                0x080091c4                PendSV_Handler
                0x080091c4                NMI_Handler
                0x080091c4                EXTI3_IRQHandler
                0x080091c4                DCI_IRQHandler
                0x080091c4                USBFS_WKUP_IRQHandler
                0x080091c4                USBHS_IRQHandler
                0x080091c4                TIMER5_DAC_IRQHandler
                0x080091c4                TIMER0_TRG_CMT_TIMER10_IRQHandler
                0x080091c4                USBFS_IRQHandler
                0x080091c4                TIMER3_IRQHandler
                0x080091c4                DMA0_Channel6_IRQHandler
                0x080091c4                I2C0_EV_IRQHandler
                0x080091c4                EXTI0_IRQHandler
                0x080091c4                I2C2_EV_IRQHandler
                0x080091c4                CAN1_RX0_IRQHandler
                0x080091c4                FPU_IRQHandler
                0x080091c4                TIMER7_TRG_CMT_TIMER13_IRQHandler
                0x080091c4                UsageFault_Handler
                0x080091c4                SPI1_IRQHandler
                0x080091c4                DMA0_Channel0_IRQHandler
                0x080091c4                TIMER0_BRK_TIMER8_IRQHandler
                0x080091c4                DMA1_Channel0_IRQHandler
                0x080091c4                TIMER7_BRK_TIMER11_IRQHandler
                0x080091c4                DMA1_Channel4_IRQHandler
                0x080091c4                I2C0_ER_IRQHandler
                0x080091c4                TIMER0_UP_TIMER9_IRQHandler
                0x080091c4                DMA1_Channel7_IRQHandler
                0x080091c4                CAN1_RX1_IRQHandler
                0x080091c4                DMA0_Channel2_IRQHandler
                0x080091c4                I2C1_EV_IRQHandler
                0x080091c4                UART4_IRQHandler
                0x080091c4                EXTI10_15_IRQHandler
                0x080091c4                DMA1_Channel1_IRQHandler
                0x080091c4                Default_Handler
                0x080091c4                TIMER7_Channel_IRQHandler
                0x080091c4                DMA0_Channel7_IRQHandler
                0x080091c4                ADC_IRQHandler
                0x080091c4                CAN0_TX_IRQHandler
                0x080091c4                WWDGT_IRQHandler
                0x080091c4                EXMC_IRQHandler
                0x080091c4                TAMPER_STAMP_IRQHandler
                0x080091c4                RTC_WKUP_IRQHandler
                0x080091c4                SPI2_IRQHandler
                0x080091c4                MemManage_Handler
                0x080091c4                CAN1_TX_IRQHandler
                0x080091c4                SVC_Handler
                0x080091c4                RCU_CTC_IRQHandler
                0x080091c4                DMA1_Channel5_IRQHandler
                0x080091c4                EXTI4_IRQHandler
                0x080091c4                CAN0_RX1_IRQHandler
                0x080091c4                DMA0_Channel5_IRQHandler
                0x080091c4                DMA1_Channel3_IRQHandler
                0x080091c4                EXTI5_9_IRQHandler
                0x080091c4                DMA0_Channel1_IRQHandler
                0x080091c4                TIMER0_Channel_IRQHandler
                0x080091c4                EXTI1_IRQHandler
                0x080091c4                ENET_WKUP_IRQHandler
                0x080091c4                USBHS_EP1_In_IRQHandler
                0x080091c4                SPI0_IRQHandler
                0x080091c4                CAN0_EWMC_IRQHandler
                0x080091c4                CAN0_RX0_IRQHandler
                0x080091c4                I2C2_ER_IRQHandler
                0x080091c4                DMA1_Channel2_IRQHandler
                0x080091c4                BusFault_Handler
                0x080091c4                USART1_IRQHandler
                0x080091c4                UART3_IRQHandler
                0x080091c4                I2C1_ER_IRQHandler
                0x080091c4                FMC_IRQHandler
                0x080091c4                USBHS_WKUP_IRQHandler
                0x080091c4                DMA0_Channel4_IRQHandler
                0x080091c4                TRNG_IRQHandler
                0x080091c4                ENET_IRQHandler
                0x080091c4                RTC_Alarm_IRQHandler
 .text.HardFault_Handler
                0x080091c6       0x16 build_gd32/hardfault_handler.o
                0x080091c6                HardFault_Handler
 .text.HardfaultHandler
                0x080091dc      0x114 build_gd32/hardfault_handler.o
                0x080091dc                HardfaultHandler
 .text._ZN11ConfigStore16SetStatusChangedEv.isra.0
                0x080092f0       0x28 build_gd32/firmware/main.o
 .text._ZN10LLRPDevice22StaticCallbackFunctionEPKhmmt
                0x08009318       0x34 build_gd32/firmware/main.o
                0x08009318                LLRPDevice::StaticCallbackFunction(unsigned char const*, unsigned long, unsigned long, unsigned short)
 .text._ZN12DmxConfigUdp4AtoiEPKcm.isra.0
                0x0800934c       0x24 build_gd32/firmware/main.o
 .text._ZN12DmxConfigUdp11HandleBreakEPKhm
                0x08009370       0x28 build_gd32/firmware/main.o
                0x08009370                DmxConfigUdp::HandleBreak(unsigned char const*, unsigned long)
 .text._ZN12DmxConfigUdp13HandleRefreshEPKhm
                0x08009398       0x2c build_gd32/firmware/main.o
                0x08009398                DmxConfigUdp::HandleRefresh(unsigned char const*, unsigned long)
 .text.memcpy.isra.0
                0x080093c4       0x12 build_gd32/firmware/main.o
 *fill*         0x080093d6        0x2 
 .text._ZN12DmxConfigUdp11HandleSlotsEPKhm
                0x080093d8       0x2c build_gd32/firmware/main.o
                0x080093d8                DmxConfigUdp::HandleSlots(unsigned char const*, unsigned long)
 .text._ZN12DmxConfigUdp9HandleMabEPKhm
                0x08009404       0x30 build_gd32/firmware/main.o
                0x08009404                DmxConfigUdp::HandleMab(unsigned char const*, unsigned long)
 .text._ZN7Display10TextStatusEPKc
                0x08009434       0x6c build_gd32/firmware/main.o
                0x08009434                Display::TextStatus(char const*)
 .text.memcmp   0x080094a0       0x20 build_gd32/firmware/main.o
                0x080094a0                memcmp
 .text._ZN12DmxConfigUdp22StaticCallbackFunctionEPKhmmt
                0x080094c0       0x94 build_gd32/firmware/main.o
                0x080094c0                DmxConfigUdp::StaticCallbackFunction(unsigned char const*, unsigned long, unsigned long, unsigned short)
 .text._ZN3hal3utc13IsValidOffsetEl
                0x08009554       0x70 build_gd32/firmware/main.o
                0x08009554                hal::utc::IsValidOffset(long)
 .text._ZN11ConfigStoreC2Ev
                0x080095c4       0xd8 build_gd32/firmware/main.o
                0x080095c4                ConfigStore::ConfigStore()
                0x080095c4                ConfigStore::ConfigStore()
 .text._ZN11ConfigStore5FlashEv
                0x0800969c       0x84 build_gd32/firmware/main.o
                0x0800969c                ConfigStore::Flash()
 .text._ZN11ConfigStore5TimerEl
                0x08009720       0x28 build_gd32/firmware/main.o
                0x08009720                ConfigStore::Timer(long)
 .text._ZN9RdmDevice4InitEv
                0x08009748       0xb0 build_gd32/firmware/main.o
                0x08009748                RdmDevice::Init()
 .text._ZN9RdmDevice5PrintEv
                0x080097f8       0xa8 build_gd32/firmware/main.o
                0x080097f8                RdmDevice::Print()
 .text._ZN3hal13RebootHandlerEv
                0x080098a0       0x20 build_gd32/firmware/main.o
                0x080098a0                hal::RebootHandler()
 .text.startup.main
                0x080098c0      0x3e8 build_gd32/firmware/main.o
                0x080098c0                main
 .text.startup._GLOBAL__sub_I__ZN3hal13RebootHandlerEv
                0x08009ca8       0x4c build_gd32/firmware/main.o
 .text._ZN10HttpDaemon5InputEmPKhm
                0x08009cf4       0x20 ../lib-remoteconfig/lib_gd32/libremoteconfig.a(remoteconfig.o)
                0x08009cf4                HttpDaemon::Input(unsigned long, unsigned char const*, unsigned long)
 .text._ZN12RemoteConfig13HandleFactoryEv
                0x08009d14        0x4 ../lib-remoteconfig/lib_gd32/libremoteconfig.a(remoteconfig.o)
                0x08009d14                RemoteConfig::HandleFactory()
 .text._ZN12RemoteConfig12HandleUptimeEv
                0x08009d18       0x30 ../lib-remoteconfig/lib_gd32/libremoteconfig.a(remoteconfig.o)
                0x08009d18                RemoteConfig::HandleUptime()
 .text._ZN12RemoteConfig13HandleVersionEv
                0x08009d48       0x30 ../lib-remoteconfig/lib_gd32/libremoteconfig.a(remoteconfig.o)
                0x08009d48                RemoteConfig::HandleVersion()
 .text._ZN12RemoteConfig16HandleDisplayGetEv
                0x08009d78       0x48 ../lib-remoteconfig/lib_gd32/libremoteconfig.a(remoteconfig.o)
                0x08009d78                RemoteConfig::HandleDisplayGet()
 .text._ZN12RemoteConfig13HandleTftpGetEv
                0x08009dc0       0x44 ../lib-remoteconfig/lib_gd32/libremoteconfig.a(remoteconfig.o)
                0x08009dc0                RemoteConfig::HandleTftpGet()
 .text._ZN12RemoteConfig10HandleListEv
                0x08009e04       0xb8 ../lib-remoteconfig/lib_gd32/libremoteconfig.a(remoteconfig.o)
                0x08009e04                RemoteConfig::HandleList()
 .text._ZN7Display8SetSleepEb
                0x08009ebc       0x28 ../lib-remoteconfig/lib_gd32/libremoteconfig.a(remoteconfig.o)
                0x08009ebc                Display::SetSleep(bool)
 .text._ZN12RemoteConfig13HandleTftpSetEv
                0x08009ee4       0x34 ../lib-remoteconfig/lib_gd32/libremoteconfig.a(remoteconfig.o)
                0x08009ee4                RemoteConfig::HandleTftpSet()
 .text._ZN12RemoteConfig12HandleRebootEv
                0x08009f18       0x30 ../lib-remoteconfig/lib_gd32/libremoteconfig.a(remoteconfig.o)
                0x08009f18                RemoteConfig::HandleReboot()
 .text._ZN12RemoteConfig16HandleDisplaySetEv
                0x08009f48       0x24 ../lib-remoteconfig/lib_gd32/libremoteconfig.a(remoteconfig.o)
                0x08009f48                RemoteConfig::HandleDisplaySet()
 .text._ZN12RemoteConfigC2EN12remoteconfig6OutputEm
                0x08009f6c       0xd8 ../lib-remoteconfig/lib_gd32/libremoteconfig.a(remoteconfig.o)
                0x08009f6c                RemoteConfig::RemoteConfig(remoteconfig::Output, unsigned long)
                0x08009f6c                RemoteConfig::RemoteConfig(remoteconfig::Output, unsigned long)
 .text._ZN12RemoteConfig14SetDisplayNameEPKc
                0x0800a044       0x8c ../lib-remoteconfig/lib_gd32/libremoteconfig.a(remoteconfig.o)
                0x0800a044                RemoteConfig::SetDisplayName(char const*)
 .text._ZN12RemoteConfig5InputEPKhmmt
                0x0800a0d0      0x100 ../lib-remoteconfig/lib_gd32/libremoteconfig.a(remoteconfig.o)
                0x0800a0d0                RemoteConfig::Input(unsigned char const*, unsigned long, unsigned long, unsigned short)
 .text._ZN12RemoteConfig22StaticCallbackFunctionEPKhmmt
                0x0800a1d0       0x1c ../lib-remoteconfig/lib_gd32/libremoteconfig.a(remoteconfig.o)
                0x0800a1d0                RemoteConfig::StaticCallbackFunction(unsigned char const*, unsigned long, unsigned long, unsigned short)
 .text.startup._GLOBAL__sub_I__ZN12RemoteConfigC2EN12remoteconfig6OutputEm
                0x0800a1ec       0x4c ../lib-remoteconfig/lib_gd32/libremoteconfig.a(remoteconfig.o)
 .text._ZN12RemoteConfig21PlatformHandleTftpSetEv
                0x0800a238       0x44 ../lib-remoteconfig/lib_gd32/libremoteconfig.a(remoteconfig.o)
                0x0800a238                RemoteConfig::PlatformHandleTftpSet()
 .text._ZN12RemoteConfig21PlatformHandleTftpGetEv
                0x0800a27c       0x18 ../lib-remoteconfig/lib_gd32/libremoteconfig.a(remoteconfig.o)
                0x0800a27c                RemoteConfig::PlatformHandleTftpGet()
 .text.startup._GLOBAL__sub_I__ZN12RemoteConfig21PlatformHandleTftpSetEv
                0x0800a294       0x4c ../lib-remoteconfig/lib_gd32/libremoteconfig.a(remoteconfig.o)
 .text._ZN4json18RemoteConfigParams14SetDisplayNameEPKcm
                0x0800a2e0       0x2c ../lib-remoteconfig/lib_gd32/libremoteconfig.a(remoteconfigparams.o)
                0x0800a2e0                json::RemoteConfigParams::SetDisplayName(char const*, unsigned long)
 .text._ZN13JsonTokenizer14SkipWhitespaceEv
                0x0800a30c       0x2c ../lib-remoteconfig/lib_gd32/libremoteconfig.a(remoteconfigparams.o)
                0x0800a30c                JsonTokenizer::SkipWhitespace()
 .text._ZN13JsonTokenizer10NextStringERPKcRj
                0x0800a338       0x46 ../lib-remoteconfig/lib_gd32/libremoteconfig.a(remoteconfigparams.o)
                0x0800a338                JsonTokenizer::NextString(char const*&, unsigned int&)
 *fill*         0x0800a37e        0x2 
 .text._Z18ParseJsonWithTablePKcjPKN4json3KeyEj
                0x0800a380      0x12c ../lib-remoteconfig/lib_gd32/libremoteconfig.a(remoteconfigparams.o)
                0x0800a380                ParseJsonWithTable(char const*, unsigned int, json::Key const*, unsigned int)
 .text._ZN4json18RemoteConfigParamsC2Ev
                0x0800a4ac       0x20 ../lib-remoteconfig/lib_gd32/libremoteconfig.a(remoteconfigparams.o)
                0x0800a4ac                json::RemoteConfigParams::RemoteConfigParams()
                0x0800a4ac                json::RemoteConfigParams::RemoteConfigParams()
 .text._ZN4json18RemoteConfigParams5StoreEPKcm
                0x0800a4cc       0x60 ../lib-remoteconfig/lib_gd32/libremoteconfig.a(remoteconfigparams.o)
                0x0800a4cc                json::RemoteConfigParams::Store(char const*, unsigned long)
 .text._ZN4json18RemoteConfigParams3SetEv
                0x0800a52c       0x14 ../lib-remoteconfig/lib_gd32/libremoteconfig.a(remoteconfigparams.o)
                0x0800a52c                json::RemoteConfigParams::Set()
 .text.startup._GLOBAL__sub_I__ZN4json18RemoteConfigParamsC2Ev
                0x0800a540       0x4c ../lib-remoteconfig/lib_gd32/libremoteconfig.a(remoteconfigparams.o)
 .text._ZN23HttpDeamonHandleRequest11ParseMethodEPc
                0x0800a58c       0xc8 ../lib-remoteconfig/lib_gd32/libremoteconfig.a(httpdhandlerequest.o)
                0x0800a58c                HttpDeamonHandleRequest::ParseMethod(char*)
 .text._ZN23HttpDeamonHandleRequest16ParseHeaderFieldEPc
                0x0800a654      0x168 ../lib-remoteconfig/lib_gd32/libremoteconfig.a(httpdhandlerequest.o)
                0x0800a654                HttpDeamonHandleRequest::ParseHeaderField(char*)
 .text._ZN23HttpDeamonHandleRequest12ParseRequestEv
                0x0800a7bc       0x80 ../lib-remoteconfig/lib_gd32/libremoteconfig.a(httpdhandlerequest.o)
                0x0800a7bc                HttpDeamonHandleRequest::ParseRequest()
 .text._ZN23HttpDeamonHandleRequest9HandleGetEv
                0x0800a83c      0x100 ../lib-remoteconfig/lib_gd32/libremoteconfig.a(httpdhandlerequest.o)
                0x0800a83c                HttpDeamonHandleRequest::HandleGet()
 .text._ZN23HttpDeamonHandleRequest14HandlePostJSONEv
                0x0800a93c       0x58 ../lib-remoteconfig/lib_gd32/libremoteconfig.a(httpdhandlerequest.o)
                0x0800a93c                HttpDeamonHandleRequest::HandlePostJSON()
 .text._ZN23HttpDeamonHandleRequest10HandlePostEv
                0x0800a994       0x44 ../lib-remoteconfig/lib_gd32/libremoteconfig.a(httpdhandlerequest.o)
                0x0800a994                HttpDeamonHandleRequest::HandlePost()
 .text._ZN23HttpDeamonHandleRequest13HandleRequestEmPc
                0x0800a9d8      0x174 ../lib-remoteconfig/lib_gd32/libremoteconfig.a(httpdhandlerequest.o)
                0x0800a9d8                HttpDeamonHandleRequest::HandleRequest(unsigned long, char*)
 .text._ZN4html12GetFileIndexEPKc
                0x0800ab4c       0x50 ../lib-remoteconfig/lib_gd32/libremoteconfig.a(html_infos.o)
                0x0800ab4c                html::GetFileIndex(char const*)
 .text._ZN4json12GetFileIndexEPKc
                0x0800ab9c       0x50 ../lib-remoteconfig/lib_gd32/libremoteconfig.a(json_infos.o)
                0x0800ab9c                json::GetFileIndex(char const*)
 .text._ZN7JsonDoc5WriteEPKc
                0x0800abec       0x3e ../lib-remoteconfig/lib_gd32/libremoteconfig.a(json_config_remoteconfig.o)
                0x0800abec                JsonDoc::Write(char const*)
 *fill*         0x0800ac2a        0x2 
 .text._ZN4json6config15GetRemoteConfigEPcm
                0x0800ac2c       0x98 ../lib-remoteconfig/lib_gd32/libremoteconfig.a(json_config_remoteconfig.o)
                0x0800ac2c                json::config::GetRemoteConfig(char*, unsigned long)
 .text._ZN4json6config15SetRemoteConfigEPKcm
                0x0800acc4       0x20 ../lib-remoteconfig/lib_gd32/libremoteconfig.a(json_config_remoteconfig.o)
                0x0800acc4                json::config::SetRemoteConfig(char const*, unsigned long)
 .text._Z14GetFileContentPKcRmRN4http12contentTypesE
                0x0800ace4       0x40 ../lib-remoteconfig/lib_gd32/libremoteconfig.a(get_file_content.o)
                0x0800ace4                GetFileContent(char const*, unsigned long&, http::contentTypes&)
 .text.startup._GLOBAL__sub_I__Z14GetFileContentPKcRmRN4http12contentTypesE
                0x0800ad24       0x4c ../lib-remoteconfig/lib_gd32/libremoteconfig.a(get_file_content.o)
 .text._ZL11SetIdentifyPKcm
                0x0800ad70       0x14 ../lib-remoteconfig/lib_gd32/libremoteconfig.a(json_action.o)
 .text._ZL10SetDisplayPKcm
                0x0800ad84       0x3c ../lib-remoteconfig/lib_gd32/libremoteconfig.a(json_action.o)
 .text._ZL9SetRebootPKcm
                0x0800adc0       0x10 ../lib-remoteconfig/lib_gd32/libremoteconfig.a(json_action.o)
 .text._ZN4json6action3SetEPKcm
                0x0800add0       0x10 ../lib-remoteconfig/lib_gd32/libremoteconfig.a(json_action.o)
                0x0800add0                json::action::Set(char const*, unsigned long)
 .text._ZN4json6config12GetDirectoryEPcm
                0x0800ade0       0x88 ../lib-remoteconfig/lib_gd32/libremoteconfig.a(json_config_getdirectory.o)
                0x0800ade0                json::config::GetDirectory(char*, unsigned long)
 .text._ZN4json4AtoiEPKcm.part.0
                0x0800ae68       0x3c ../lib-remoteconfig/lib_gd32/libremoteconfig.a(json_datetime.o)
 .text._ZN3hal3utc14ValidateOffsetElmRl
                0x0800aea4       0x54 ../lib-remoteconfig/lib_gd32/libremoteconfig.a(json_datetime.o)
                0x0800aea4                hal::utc::ValidateOffset(long, unsigned long, long&)
 .text._ZN4jsonL7SetDateEPKcm
                0x0800aef8      0x114 ../lib-remoteconfig/lib_gd32/libremoteconfig.a(json_datetime.o)
 .text._ZN4json12GetTimeofdayEPcm
                0x0800b00c       0xb8 ../lib-remoteconfig/lib_gd32/libremoteconfig.a(json_datetime.o)
                0x0800b00c                json::GetTimeofday(char*, unsigned long)
 .text._ZN4json12SetTimeofdayEPKcm
                0x0800b0c4       0x10 ../lib-remoteconfig/lib_gd32/libremoteconfig.a(json_datetime.o)
                0x0800b0c4                json::SetTimeofday(char const*, unsigned long)
 .text._ZN4json7GetListEPcm
                0x0800b0d4       0x90 ../lib-remoteconfig/lib_gd32/libremoteconfig.a(json_getlist.o)
                0x0800b0d4                json::GetList(char*, unsigned long)
 .text._ZN4json9GetUptimeEPcm
                0x0800b164       0x20 ../lib-remoteconfig/lib_gd32/libremoteconfig.a(json_getuptime.o)
                0x0800b164                json::GetUptime(char*, unsigned long)
 .text._ZN4json10GetVersionEPcm
                0x0800b184       0x40 ../lib-remoteconfig/lib_gd32/libremoteconfig.a(json_getversion.o)
                0x0800b184                json::GetVersion(char*, unsigned long)
 .text._ZN4json6status7DisplayEPcm
                0x0800b1c4       0x18 ../lib-remoteconfig/lib_gd32/libremoteconfig.a(json_status_display.o)
                0x0800b1c4                json::status::Display(char*, unsigned long)
 .text._ZN4json6status8IdentifyEPcm
                0x0800b1dc       0x18 ../lib-remoteconfig/lib_gd32/libremoteconfig.a(json_status_identify.o)
                0x0800b1dc                json::status::Identify(char*, unsigned long)
 .text._ZN10E131Bridge41StaticCallbackFunctionSendDiscoveryPacketEl
                0x0800b1f4        0xc ../lib-e131/lib_gd32/libe131.a(e131bridge.o)
                0x0800b1f4                E131Bridge::StaticCallbackFunctionSendDiscoveryPacket(long)
 .text._ZN7dmxnode4Data13IMergeSourceAEmPKhmNS_9MergeModeE.part.0
                0x0800b200       0x28 ../lib-e131/lib_gd32/libe131.a(e131bridge.o)
 .text.memcpy.isra.0
                0x0800b228       0x12 ../lib-e131/lib_gd32/libe131.a(e131bridge.o)
 .text._ZN4e13121UniverseToMulticastIpEt
                0x0800b23a        0xc ../lib-e131/lib_gd32/libe131.a(e131bridge.o)
                0x0800b23a                e131::UniverseToMulticastIp(unsigned short)
 *fill*         0x0800b246        0x2 
 .text._ZN10E131Bridge18GetLongNameDefaultEPc
                0x0800b248       0x28 ../lib-e131/lib_gd32/libe131.a(e131bridge.o)
                0x0800b248                E131Bridge::GetLongNameDefault(char*)
 .text._ZN10E131BridgeC2Ev
                0x0800b270      0x118 ../lib-e131/lib_gd32/libe131.a(e131bridge.o)
                0x0800b270                E131Bridge::E131Bridge()
                0x0800b270                E131Bridge::E131Bridge()
 .text._ZN10E131Bridge4StopEv
                0x0800b388       0x94 ../lib-e131/lib_gd32/libe131.a(e131bridge.o)
                0x0800b388                E131Bridge::Stop()
 .text._ZN10E131Bridge12JoinUniverseEmt
                0x0800b41c       0x30 ../lib-e131/lib_gd32/libe131.a(e131bridge.o)
                0x0800b41c                E131Bridge::JoinUniverse(unsigned long, unsigned short)
 .text._ZN10E131Bridge13LeaveUniverseEmt
                0x0800b44c       0x30 ../lib-e131/lib_gd32/libe131.a(e131bridge.o)
                0x0800b44c                E131Bridge::LeaveUniverse(unsigned long, unsigned short)
 .text._ZN10E131Bridge25SetSynchronizationAddressEbbt
                0x0800b47c       0x44 ../lib-e131/lib_gd32/libe131.a(e131bridge.o)
                0x0800b47c                E131Bridge::SetSynchronizationAddress(bool, bool, unsigned short)
 .text._ZN10E131Bridge15SetLocalMergingEv
                0x0800b4c0       0x78 ../lib-e131/lib_gd32/libe131.a(e131bridge.o)
                0x0800b4c0                E131Bridge::SetLocalMerging()
 .text._ZN10E131Bridge5StartEv
                0x0800b538       0xbc ../lib-e131/lib_gd32/libe131.a(e131bridge.o)
                0x0800b538                E131Bridge::Start()
 .text._ZN10E131Bridge11SetUniverseEmt
                0x0800b5f4       0x52 ../lib-e131/lib_gd32/libe131.a(e131bridge.o)
                0x0800b5f4                E131Bridge::SetUniverse(unsigned long, unsigned short)
 .text._ZN10E131Bridge12SetDirectionEmN7dmxnode13PortDirectionE
                0x0800b646       0xb8 ../lib-e131/lib_gd32/libe131.a(e131bridge.o)
                0x0800b646                E131Bridge::SetDirection(unsigned long, dmxnode::PortDirection)
 *fill*         0x0800b6fe        0x2 
 .text._ZN10E131Bridge5PrintEv
                0x0800b700       0xe4 ../lib-e131/lib_gd32/libe131.a(e131bridge.o)
                0x0800b700                E131Bridge::Print()
 .text._ZN10E131Bridge21HandleSynchronizationEv
                0x0800b7e4      0x120 ../lib-e131/lib_gd32/libe131.a(e131bridge.o)
                0x0800b7e4                E131Bridge::HandleSynchronization()
 .text._ZN10E131Bridge18CheckMergeTimeoutsEm
                0x0800b904       0x80 ../lib-e131/lib_gd32/libe131.a(e131bridge.o)
                0x0800b904                E131Bridge::CheckMergeTimeouts(unsigned long)
 .text._ZNK10E131Bridge17IsPriorityTimeOutEm
                0x0800b984       0x58 ../lib-e131/lib_gd32/libe131.a(e131bridge.o)
                0x0800b984                E131Bridge::IsPriorityTimeOut(unsigned long) const
 .text._ZN10E131Bridge27SetNetworkDataLossConditionEbb
                0x0800b9dc      0x10c ../lib-e131/lib_gd32/libe131.a(e131bridge.o)
                0x0800b9dc                E131Bridge::SetNetworkDataLossCondition(bool, bool)
 .text._ZN10E131Bridge9HandleDmxEv
                0x0800bae8      0x470 ../lib-e131/lib_gd32/libe131.a(e131bridge.o)
                0x0800bae8                E131Bridge::HandleDmx()
 .text._ZN10E131Bridge8InputUdpEPKhmmt
                0x0800bf58       0xb4 ../lib-e131/lib_gd32/libe131.a(e131bridge.o)
                0x0800bf58                E131Bridge::InputUdp(unsigned char const*, unsigned long, unsigned long, unsigned short)
 .text._ZN10E131Bridge25StaticCallbackFunctionUdpEPKhmmt
                0x0800c00c       0x1c ../lib-e131/lib_gd32/libe131.a(e131bridge.o)
                0x0800c00c                E131Bridge::StaticCallbackFunctionUdp(unsigned char const*, unsigned long, unsigned long, unsigned short)
 .text._ZN4json10E131Params11SetPriorityEPKcmS2_m
                0x0800c028       0x58 ../lib-e131/lib_gd32/libe131.a(e131params.o)
                0x0800c028                json::E131Params::SetPriority(char const*, unsigned long, char const*, unsigned long)
 .text._ZN4json10E131ParamsC2Ev
                0x0800c080       0x20 ../lib-e131/lib_gd32/libe131.a(e131params.o)
                0x0800c080                json::E131Params::E131Params()
                0x0800c080                json::E131Params::E131Params()
 .text._ZN4json10E131Params5StoreEPKcm
                0x0800c0a0       0x58 ../lib-e131/lib_gd32/libe131.a(e131params.o)
                0x0800c0a0                json::E131Params::Store(char const*, unsigned long)
 .text._ZN4json10E131Params3SetEv
                0x0800c0f8       0x34 ../lib-e131/lib_gd32/libe131.a(e131params.o)
                0x0800c0f8                json::E131Params::Set()
 .text._ZN4json6config7GetE131EPcm
                0x0800c12c       0xcc ../lib-e131/lib_gd32/libe131.a(json_config_e131.o)
                0x0800c12c                json::config::GetE131(char*, unsigned long)
 .text._ZN4json6config7SetE131EPKcm
                0x0800c1f8       0x20 ../lib-e131/lib_gd32/libe131.a(json_config_e131.o)
                0x0800c1f8                json::config::SetE131(char const*, unsigned long)
 .text._ZN10E131Bridge19FillDiscoveryPacketEv
                0x0800c218       0xc0 ../lib-e131/lib_gd32/libe131.a(discoverypacket.o)
                0x0800c218                E131Bridge::FillDiscoveryPacket()
 .text._ZN10E131Bridge19SendDiscoveryPacketEv
                0x0800c2d8       0x4e ../lib-e131/lib_gd32/libe131.a(discoverypacket.o)
                0x0800c2d8                E131Bridge::SendDiscoveryPacket()
 .text.memcpy.isra.0
                0x0800c326       0x12 ../lib-e131/lib_gd32/libe131.a(handledmxin.o)
 .text._ZN10E131Bridge14FillDataPacketEv
                0x0800c338       0x7c ../lib-e131/lib_gd32/libe131.a(handledmxin.o)
                0x0800c338                E131Bridge::FillDataPacket()
 .text._ZN10E131Bridge11HandleDmxInEv
                0x0800c3b4      0x1e4 ../lib-e131/lib_gd32/libe131.a(handledmxin.o)
                0x0800c3b4                E131Bridge::HandleDmxIn()
 .text._ZN4json13DmxNodeParams15SetUniversePortEPKcmS2_m
                0x0800c598       0x58 ../lib-dmxnode/lib_gd32/libdmxnode.a(dmxnodeparams.o)
                0x0800c598                json::DmxNodeParams::SetUniversePort(char const*, unsigned long, char const*, unsigned long)
 .text._ZN4json13DmxNodeParams22SetDisableMergeTimeoutEPKcm
                0x0800c5f0       0x20 ../lib-dmxnode/lib_gd32/libdmxnode.a(dmxnodeparams.o)
                0x0800c5f0                json::DmxNodeParams::SetDisableMergeTimeout(char const*, unsigned long)
 .text.strncpy.isra.0
                0x0800c610       0x22 ../lib-dmxnode/lib_gd32/libdmxnode.a(dmxnodeparams.o)
 *fill*         0x0800c632        0x2 
 .text._ZN4json13DmxNodeParams11SetNodeNameEPKcm
                0x0800c634       0x30 ../lib-dmxnode/lib_gd32/libdmxnode.a(dmxnodeparams.o)
                0x0800c634                json::DmxNodeParams::SetNodeName(char const*, unsigned long)
 .text._ZN4json13DmxNodeParams12SetLabelPortEPKcmS2_m
                0x0800c664       0x40 ../lib-dmxnode/lib_gd32/libdmxnode.a(dmxnodeparams.o)
                0x0800c664                json::DmxNodeParams::SetLabelPort(char const*, unsigned long, char const*, unsigned long)
 .text.strncasecmp
                0x0800c6a4       0x3c ../lib-dmxnode/lib_gd32/libdmxnode.a(dmxnodeparams.o)
                0x0800c6a4                strncasecmp
 .text._ZN4json13DmxNodeParams14SetPersonalityEPKcm
                0x0800c6e0       0x34 ../lib-dmxnode/lib_gd32/libdmxnode.a(dmxnodeparams.o)
                0x0800c6e0                json::DmxNodeParams::SetPersonality(char const*, unsigned long)
 .text._ZN4json13DmxNodeParams16SetMergeModePortEPKcmS2_m
                0x0800c714       0x40 ../lib-dmxnode/lib_gd32/libdmxnode.a(dmxnodeparams.o)
                0x0800c714                json::DmxNodeParams::SetMergeModePort(char const*, unsigned long, char const*, unsigned long)
 .text._ZN4json13DmxNodeParams16SetDirectionPortEPKcmS2_m
                0x0800c754       0x50 ../lib-dmxnode/lib_gd32/libdmxnode.a(dmxnodeparams.o)
                0x0800c754                json::DmxNodeParams::SetDirectionPort(char const*, unsigned long, char const*, unsigned long)
 .text._ZN4json13DmxNodeParams18SetOutputStylePortEPKcmS2_m
                0x0800c7a4       0x3c ../lib-dmxnode/lib_gd32/libdmxnode.a(dmxnodeparams.o)
                0x0800c7a4                json::DmxNodeParams::SetOutputStylePort(char const*, unsigned long, char const*, unsigned long)
 .text._ZN7dmxnode11GetFailsafeEPKc
                0x0800c7e0       0x68 ../lib-dmxnode/lib_gd32/libdmxnode.a(dmxnodeparams.o)
                0x0800c7e0                dmxnode::GetFailsafe(char const*)
 .text._ZN4json13DmxNodeParams11SetFailsafeEPKcm
                0x0800c848       0x10 ../lib-dmxnode/lib_gd32/libdmxnode.a(dmxnodeparams.o)
                0x0800c848                json::DmxNodeParams::SetFailsafe(char const*, unsigned long)
 .text._ZN7DmxNode19SetShortNameDefaultEm
                0x0800c858       0x24 ../lib-dmxnode/lib_gd32/libdmxnode.a(dmxnodeparams.o)
                0x0800c858                DmxNode::SetShortNameDefault(unsigned long)
 .text._ZN4json13DmxNodeParamsC2Ev
                0x0800c87c       0x20 ../lib-dmxnode/lib_gd32/libdmxnode.a(dmxnodeparams.o)
                0x0800c87c                json::DmxNodeParams::DmxNodeParams()
                0x0800c87c                json::DmxNodeParams::DmxNodeParams()
 .text._ZN4json13DmxNodeParams5StoreEPKcm
                0x0800c89c       0x58 ../lib-dmxnode/lib_gd32/libdmxnode.a(dmxnodeparams.o)
                0x0800c89c                json::DmxNodeParams::Store(char const*, unsigned long)
 .text._ZN4json13DmxNodeParams3SetEv
                0x0800c8f4      0x12c ../lib-dmxnode/lib_gd32/libdmxnode.a(dmxnodeparams.o)
                0x0800c8f4                json::DmxNodeParams::Set()
 .text._ZN7JsonDoc10WriteFieldEPKcm
                0x0800ca20       0x74 ../lib-dmxnode/lib_gd32/libdmxnode.a(json_config_dmxnode.o)
                0x0800ca20                JsonDoc::WriteField(char const*, unsigned long)
 .text._ZN7JsonDoc8KeyProxyaSEPKc.isra.0
                0x0800ca94       0x50 ../lib-dmxnode/lib_gd32/libdmxnode.a(json_config_dmxnode.o)
 .text._ZN4json6config10GetDmxNodeEPcm
                0x0800cae4      0x1d8 ../lib-dmxnode/lib_gd32/libdmxnode.a(json_config_dmxnode.o)
                0x0800cae4                json::config::GetDmxNode(char*, unsigned long)
 .text._ZN4json6config10SetDmxNodeEPKcm
                0x0800ccbc       0x20 ../lib-dmxnode/lib_gd32/libdmxnode.a(json_config_dmxnode.o)
                0x0800ccbc                json::config::SetDmxNode(char const*, unsigned long)
 .text._ZN11ConfigStore16SetStatusChangedEv.isra.0
                0x0800ccdc       0x28 ../lib-rdm/lib_gd32/librdm.a(rdmdeviceparams.o)
 .text.memcpy.isra.0
                0x0800cd04       0x12 ../lib-rdm/lib_gd32/librdm.a(rdmdeviceparams.o)
 *fill*         0x0800cd16        0x2 
 .text._ZN4json15RdmDeviceParamsC2Ev
                0x0800cd18       0x1c ../lib-rdm/lib_gd32/librdm.a(rdmdeviceparams.o)
                0x0800cd18                json::RdmDeviceParams::RdmDeviceParams()
                0x0800cd18                json::RdmDeviceParams::RdmDeviceParams()
 .text._ZN4json15RdmDeviceParams3SetEv
                0x0800cd34      0x150 ../lib-rdm/lib_gd32/librdm.a(rdmdeviceparams.o)
                0x0800cd34                json::RdmDeviceParams::Set()
 .text.memcpy.isra.0
                0x0800ce84       0x12 ../lib-rdm/lib_gd32/librdm.a(llrpdevice.o)
 *fill*         0x0800ce96        0x2 
 .text._ZN9RdmDevice3GetEv
                0x0800ce98       0xc8 ../lib-rdm/lib_gd32/librdm.a(llrpdevice.o)
                0x0800ce98                RdmDevice::Get()
 .text._ZN10LLRPDevice20HandleRequestMessageEv
                0x0800cf60      0x110 ../lib-rdm/lib_gd32/librdm.a(llrpdevice.o)
                0x0800cf60                LLRPDevice::HandleRequestMessage()
 .text._ZN10LLRPDevice16HandleRdmCommandEv
                0x0800d070       0x90 ../lib-rdm/lib_gd32/librdm.a(llrpdevice.o)
                0x0800d070                LLRPDevice::HandleRdmCommand()
 .text.memcpy.isra.0
                0x0800d100       0x12 ../lib-rdm/lib_gd32/librdm.a(rdmhandler.o)
 *fill*         0x0800d112        0x2 
 .text._ZN15rdmdevice_store9SaveLabelEPKcm
                0x0800d114       0x88 ../lib-rdm/lib_gd32/librdm.a(rdmhandler.o)
                0x0800d114                rdmdevice_store::SaveLabel(char const*, unsigned long)
 .text._ZN9RdmDevice8SetLabelEPKN3rdm14DeviceInfoDataE
                0x0800d19c       0x38 ../lib-rdm/lib_gd32/librdm.a(rdmhandler.o)
                0x0800d19c                RdmDevice::SetLabel(rdm::DeviceInfoData const*)
 .text._ZN10RDMHandlerC2Eb
                0x0800d1d4        0xc ../lib-rdm/lib_gd32/librdm.a(rdmhandler.o)
                0x0800d1d4                RDMHandler::RDMHandler(bool)
                0x0800d1d4                RDMHandler::RDMHandler(bool)
 .text._ZN10RDMHandler12HandleStringEPKcm
                0x0800d1e0       0x18 ../lib-rdm/lib_gd32/librdm.a(rdmhandler.o)
                0x0800d1e0                RDMHandler::HandleString(char const*, unsigned long)
 .text._ZN10RDMHandler20CreateRespondMessageEht
                0x0800d1f8       0x92 ../lib-rdm/lib_gd32/librdm.a(rdmhandler.o)
                0x0800d1f8                RDMHandler::CreateRespondMessage(unsigned char, unsigned short)
 .text._ZN10RDMHandler17RespondMessageAckEv
                0x0800d28a        0x8 ../lib-rdm/lib_gd32/librdm.a(rdmhandler.o)
                0x0800d28a                RDMHandler::RespondMessageAck()
 .text._ZN10RDMHandler13GetDeviceInfoEt
                0x0800d292       0x22 ../lib-rdm/lib_gd32/librdm.a(rdmhandler.o)
                0x0800d292                RDMHandler::GetDeviceInfo(unsigned short)
 .text._ZN10RDMHandler18GetFactoryDefaultsEt
                0x0800d2b4       0x44 ../lib-rdm/lib_gd32/librdm.a(rdmhandler.o)
                0x0800d2b4                RDMHandler::GetFactoryDefaults(unsigned short)
 .text._ZN10RDMHandler25GetDeviceModelDescriptionEt
                0x0800d2f8       0x22 ../lib-rdm/lib_gd32/librdm.a(rdmhandler.o)
                0x0800d2f8                RDMHandler::GetDeviceModelDescription(unsigned short)
 .text._ZN10RDMHandler14GetDeviceLabelEt
                0x0800d31a       0x20 ../lib-rdm/lib_gd32/librdm.a(rdmhandler.o)
                0x0800d31a                RDMHandler::GetDeviceLabel(unsigned short)
 *fill*         0x0800d33a        0x2 
 .text._ZN10RDMHandler17GetIdentifyDeviceEt
                0x0800d33c       0x14 ../lib-rdm/lib_gd32/librdm.a(rdmhandler.o)
                0x0800d33c                RDMHandler::GetIdentifyDevice(unsigned short)
 .text._ZN10RDMHandler20GetManufacturerLabelEt
                0x0800d350       0x34 ../lib-rdm/lib_gd32/librdm.a(rdmhandler.o)
                0x0800d350                RDMHandler::GetManufacturerLabel(unsigned short)
 .text._ZN10RDMHandler18RespondMessageNackEt
                0x0800d384        0x8 ../lib-rdm/lib_gd32/librdm.a(rdmhandler.o)
                0x0800d384                RDMHandler::RespondMessageNack(unsigned short)
 .text._ZN10RDMHandler14SetResetDeviceEbt
                0x0800d38c       0x3e ../lib-rdm/lib_gd32/librdm.a(rdmhandler.o)
                0x0800d38c                RDMHandler::SetResetDevice(bool, unsigned short)
 *fill*         0x0800d3ca        0x2 
 .text._ZN10RDMHandler17SetIdentifyDeviceEbt
                0x0800d3cc       0x74 ../lib-rdm/lib_gd32/librdm.a(rdmhandler.o)
                0x0800d3cc                RDMHandler::SetIdentifyDevice(bool, unsigned short)
 .text._ZN10RDMHandler18SetFactoryDefaultsEbt
                0x0800d440       0x6c ../lib-rdm/lib_gd32/librdm.a(rdmhandler.o)
                0x0800d440                RDMHandler::SetFactoryDefaults(bool, unsigned short)
 .text._ZN10RDMHandler14SetDeviceLabelEbt
                0x0800d4ac       0x42 ../lib-rdm/lib_gd32/librdm.a(rdmhandler.o)
                0x0800d4ac                RDMHandler::SetDeviceLabel(bool, unsigned short)
 *fill*         0x0800d4ee        0x2 
 .text._ZN10RDMHandler8HandlersEbhtht
                0x0800d4f0       0xb8 ../lib-rdm/lib_gd32/librdm.a(rdmhandler.o)
                0x0800d4f0                RDMHandler::Handlers(bool, unsigned char, unsigned short, unsigned char, unsigned short)
 .text._ZN10RDMHandler10HandleDataEPKhPh
                0x0800d5a8      0x160 ../lib-rdm/lib_gd32/librdm.a(rdmhandler.o)
                0x0800d5a8                RDMHandler::HandleData(unsigned char const*, unsigned char*)
 .text._ZN11RDMIdentify2OnENS_4ModeE
                0x0800d708        0x2 ../lib-rdm/lib_gd32/librdm.a(rdmidentify.o)
                0x0800d708                RDMIdentify::On(RDMIdentify::Mode)
 .text._ZN11RDMIdentify3OffENS_4ModeE
                0x0800d70a        0x2 ../lib-rdm/lib_gd32/librdm.a(rdmidentify.o)
                0x0800d70a                RDMIdentify::Off(RDMIdentify::Mode)
 .text.memcpy.isra.0
                0x0800d70c       0x12 ../lib-rdm/lib_gd32/librdm.a(rdmhandlere1372.o)
 .text._ZN10RDMHandler16GetInterfaceListEt
                0x0800d71e       0x1a ../lib-rdm/lib_gd32/librdm.a(rdmhandlere1372.o)
                0x0800d71e                RDMHandler::GetInterfaceList(unsigned short)
 .text._ZN10RDMHandler16GetInterfaceNameEt
                0x0800d738       0x64 ../lib-rdm/lib_gd32/librdm.a(rdmhandlere1372.o)
                0x0800d738                RDMHandler::GetInterfaceName(unsigned short)
 .text._ZN10RDMHandler18GetHardwareAddressEt
                0x0800d79c       0x2a ../lib-rdm/lib_gd32/librdm.a(rdmhandlere1372.o)
                0x0800d79c                RDMHandler::GetHardwareAddress(unsigned short)
 .text._ZN10RDMHandler11GetDHCPModeEt
                0x0800d7c6       0x28 ../lib-rdm/lib_gd32/librdm.a(rdmhandlere1372.o)
                0x0800d7c6                RDMHandler::GetDHCPMode(unsigned short)
 *fill*         0x0800d7ee        0x2 
 .text._ZN10RDMHandler11SetDHCPModeEbt
                0x0800d7f0       0x24 ../lib-rdm/lib_gd32/librdm.a(rdmhandlere1372.o)
                0x0800d7f0                RDMHandler::SetDHCPMode(bool, unsigned short)
 .text._ZN10RDMHandler14GetNameServersEt
                0x0800d814       0x4c ../lib-rdm/lib_gd32/librdm.a(rdmhandlere1372.o)
                0x0800d814                RDMHandler::GetNameServers(unsigned short)
 .text._ZN10RDMHandler11GetZeroconfEt
                0x0800d860       0x28 ../lib-rdm/lib_gd32/librdm.a(rdmhandlere1372.o)
                0x0800d860                RDMHandler::GetZeroconf(unsigned short)
 .text._ZN10RDMHandler9SetAutoIpEbt
                0x0800d888       0x3c ../lib-rdm/lib_gd32/librdm.a(rdmhandlere1372.o)
                0x0800d888                RDMHandler::SetAutoIp(bool, unsigned short)
 .text._ZN10RDMHandler9RenewDhcpEbt
                0x0800d8c4       0x24 ../lib-rdm/lib_gd32/librdm.a(rdmhandlere1372.o)
                0x0800d8c4                RDMHandler::RenewDhcp(bool, unsigned short)
 .text._ZN10RDMHandler17GetAddressNetmaskEt
                0x0800d8e8       0x50 ../lib-rdm/lib_gd32/librdm.a(rdmhandlere1372.o)
                0x0800d8e8                RDMHandler::GetAddressNetmask(unsigned short)
 .text._ZN10RDMHandler16GetStaticAddressEt
                0x0800d938       0x48 ../lib-rdm/lib_gd32/librdm.a(rdmhandlere1372.o)
                0x0800d938                RDMHandler::GetStaticAddress(unsigned short)
 .text._ZN10RDMHandler16SetStaticAddressEbt
                0x0800d980       0x68 ../lib-rdm/lib_gd32/librdm.a(rdmhandlere1372.o)
                0x0800d980                RDMHandler::SetStaticAddress(bool, unsigned short)
 .text._ZN10RDMHandler18ApplyConfigurationEbt
                0x0800d9e8       0x70 ../lib-rdm/lib_gd32/librdm.a(rdmhandlere1372.o)
                0x0800d9e8                RDMHandler::ApplyConfiguration(bool, unsigned short)
 .text._ZN10RDMHandler15GetDefaultRouteEt
                0x0800da58       0x3c ../lib-rdm/lib_gd32/librdm.a(rdmhandlere1372.o)
                0x0800da58                RDMHandler::GetDefaultRoute(unsigned short)
 .text._ZN10RDMHandler15SetDefaultRouteEbt
                0x0800da94       0x4c ../lib-rdm/lib_gd32/librdm.a(rdmhandlere1372.o)
                0x0800da94                RDMHandler::SetDefaultRoute(bool, unsigned short)
 .text._ZN10RDMHandler11GetHostNameEt
                0x0800dae0       0x28 ../lib-rdm/lib_gd32/librdm.a(rdmhandlere1372.o)
                0x0800dae0                RDMHandler::GetHostName(unsigned short)
 .text._ZN10RDMHandler11SetHostNameEbt
                0x0800db08       0x2e ../lib-rdm/lib_gd32/librdm.a(rdmhandlere1372.o)
                0x0800db08                RDMHandler::SetHostName(bool, unsigned short)
 .text._ZN10RDMHandler13GetDomainNameEt
                0x0800db36       0x28 ../lib-rdm/lib_gd32/librdm.a(rdmhandlere1372.o)
                0x0800db36                RDMHandler::GetDomainName(unsigned short)
 .text._ZN10RDMHandler13SetDomainNameEbt
                0x0800db5e        0x6 ../lib-rdm/lib_gd32/librdm.a(rdmhandlere1372.o)
                0x0800db5e                RDMHandler::SetDomainName(bool, unsigned short)
 .text.startup._GLOBAL__sub_I__ZN10RDMHandler16CheckInterfaceIDEPK15TRdmMessageNoSc
                0x0800db64        0xc ../lib-rdm/lib_gd32/librdm.a(rdmhandlere1372.o)
 .text._ZL13UartDmxConfigm
                0x0800db70       0x1c ../lib-dmx/lib_gd32/libdmx.a(dmx.o)
 .text._ZN3Dmx8StopDataEm.part.0
                0x0800db8c       0xa8 ../lib-dmx/lib_gd32/libdmx.a(dmx.o)
 .text.USART2_IRQHandler
                0x0800dc34      0x180 ../lib-dmx/lib_gd32/libdmx.a(dmx.o)
                0x0800dc34                USART2_IRQHandler
 .text.USART5_IRQHandler
                0x0800ddb4      0x188 ../lib-dmx/lib_gd32/libdmx.a(dmx.o)
                0x0800ddb4                USART5_IRQHandler
 .text.TIMER1_IRQHandler
                0x0800df3c      0x120 ../lib-dmx/lib_gd32/libdmx.a(dmx.o)
                0x0800df3c                TIMER1_IRQHandler
 .text.TIMER4_IRQHandler
                0x0800e05c      0x144 ../lib-dmx/lib_gd32/libdmx.a(dmx.o)
                0x0800e05c                TIMER4_IRQHandler
 .text.TIMER6_IRQHandler
                0x0800e1a0       0x54 ../lib-dmx/lib_gd32/libdmx.a(dmx.o)
                0x0800e1a0                TIMER6_IRQHandler
 .text.DMA0_Channel3_IRQHandler
                0x0800e1f4       0x70 ../lib-dmx/lib_gd32/libdmx.a(dmx.o)
                0x0800e1f4                DMA0_Channel3_IRQHandler
 .text.DMA1_Channel6_IRQHandler
                0x0800e264       0x88 ../lib-dmx/lib_gd32/libdmx.a(dmx.o)
                0x0800e264                DMA1_Channel6_IRQHandler
 .text._ZN3Dmx18GetTotalStatisticsEm
                0x0800e2ec       0x24 ../lib-dmx/lib_gd32/libdmx.a(dmx.o)
                0x0800e2ec                Dmx::GetTotalStatistics(unsigned long)
 .text._ZN3Dmx14StartDmxOutputEm
                0x0800e310       0xb4 ../lib-dmx/lib_gd32/libdmx.a(dmx.o)
                0x0800e310                Dmx::StartDmxOutput(unsigned long)
 .text._ZN3Dmx8StopDataEm
                0x0800e3c4       0xb4 ../lib-dmx/lib_gd32/libdmx.a(dmx.o)
                0x0800e3c4                Dmx::StopData(unsigned long)
 .text._ZN3Dmx4SyncEv
                0x0800e478       0x68 ../lib-dmx/lib_gd32/libdmx.a(dmx.o)
                0x0800e478                Dmx::Sync()
 .text._ZN3Dmx13GetDmxChangedEm
                0x0800e4e0       0xd0 ../lib-dmx/lib_gd32/libdmx.a(dmx.o)
                0x0800e4e0                Dmx::GetDmxChanged(unsigned long)
 .text._ZN3Dmx17GetDmxCurrentDataEm
                0x0800e5b0       0x10 ../lib-dmx/lib_gd32/libdmx.a(dmx.o)
                0x0800e5b0                Dmx::GetDmxCurrentData(unsigned long)
 .text._ZN3Dmx22GetDmxUpdatesPerSecondEm
                0x0800e5c0       0x10 ../lib-dmx/lib_gd32/libdmx.a(dmx.o)
                0x0800e5c0                Dmx::GetDmxUpdatesPerSecond(unsigned long)
 .text._ZNK3Dmx15GetDmxBreakTimeEv
                0x0800e5d0        0xc ../lib-dmx/lib_gd32/libdmx.a(dmx.o)
                0x0800e5d0                Dmx::GetDmxBreakTime() const
 .text._ZNK3Dmx13GetDmxMabTimeEv
                0x0800e5dc        0xc ../lib-dmx/lib_gd32/libdmx.a(dmx.o)
                0x0800e5dc                Dmx::GetDmxMabTime() const
 .text._ZN3Dmx14SetOutputStyleEmN3dmx11OutputStyleE
                0x0800e5e8       0x9c ../lib-dmx/lib_gd32/libdmx.a(dmx.o)
                0x0800e5e8                Dmx::SetOutputStyle(unsigned long, dmx::OutputStyle)
 .text._ZNK3Dmx14GetOutputStyleEm
                0x0800e684       0x14 ../lib-dmx/lib_gd32/libdmx.a(dmx.o)
                0x0800e684                Dmx::GetOutputStyle(unsigned long) const
 .text._ZN3Dmx9StartDataEm
                0x0800e698       0xa4 ../lib-dmx/lib_gd32/libdmx.a(dmx.o)
                0x0800e698                Dmx::StartData(unsigned long)
 .text._ZN3Dmx6FullOnEv
                0x0800e73c       0x88 ../lib-dmx/lib_gd32/libdmx.a(dmx.o)
                0x0800e73c                Dmx::FullOn()
 .text._ZN3Dmx8BlackoutEv
                0x0800e7c4      0x13c ../lib-dmx/lib_gd32/libdmx.a(dmx.o)
                0x0800e7c4                Dmx::Blackout()
 .text._ZN3Dmx16SetPortDirectionEmN3dmx13PortDirectionEb
                0x0800e900      0x100 ../lib-dmx/lib_gd32/libdmx.a(dmx.o)
                0x0800e900                Dmx::SetPortDirection(unsigned long, dmx::PortDirection, bool)
 .text._ZN3DmxC2Ev
                0x0800ea00      0x2b0 ../lib-dmx/lib_gd32/libdmx.a(dmx.o)
                0x0800ea00                Dmx::Dmx()
                0x0800ea00                Dmx::Dmx()
 .text._ZSt3maxImERKT_S2_S2_
                0x0800ecb0        0xc ../lib-dmx/lib_gd32/libdmx.a(dmx.o)
                0x0800ecb0                unsigned long const& std::max<unsigned long>(unsigned long const&, unsigned long const&)
 .text._ZN3Dmx16SetDmxPeriodTimeEm
                0x0800ecbc       0x54 ../lib-dmx/lib_gd32/libdmx.a(dmx.o)
                0x0800ecbc                Dmx::SetDmxPeriodTime(unsigned long)
 .text._ZN3Dmx19SetSendDataInternalILm0ELb0ELN3dmx9SendStyleE1EEEvPKhm
                0x0800ed10       0x64 ../lib-dmx/lib_gd32/libdmx.a(dmx.o)
                0x0800ed10                void Dmx::SetSendDataInternal<0ul, false, (dmx::SendStyle)1>(unsigned char const*, unsigned long)
 .text._ZN3Dmx19SetSendDataInternalILm1ELb0ELN3dmx9SendStyleE1EEEvPKhm
                0x0800ed74       0x68 ../lib-dmx/lib_gd32/libdmx.a(dmx.o)
                0x0800ed74                void Dmx::SetSendDataInternal<1ul, false, (dmx::SendStyle)1>(unsigned char const*, unsigned long)
 .text._ZN3Dmx19SetSendDataInternalILm0ELb0ELN3dmx9SendStyleE0EEEvPKhm
                0x0800eddc       0xcc ../lib-dmx/lib_gd32/libdmx.a(dmx.o)
                0x0800eddc                void Dmx::SetSendDataInternal<0ul, false, (dmx::SendStyle)0>(unsigned char const*, unsigned long)
 .text._ZN3Dmx19SetSendDataInternalILm1ELb0ELN3dmx9SendStyleE0EEEvPKhm
                0x0800eea8       0xd4 ../lib-dmx/lib_gd32/libdmx.a(dmx.o)
                0x0800eea8                void Dmx::SetSendDataInternal<1ul, false, (dmx::SendStyle)0>(unsigned char const*, unsigned long)
 .text._ZN3Dmx15SetDmxBreakTimeEm
                0x0800ef7c       0x28 ../lib-dmx/lib_gd32/libdmx.a(dmx.o)
                0x0800ef7c                Dmx::SetDmxBreakTime(unsigned long)
 .text._ZN3Dmx13SetDmxMabTimeEm
                0x0800efa4       0x28 ../lib-dmx/lib_gd32/libdmx.a(dmx.o)
                0x0800efa4                Dmx::SetDmxMabTime(unsigned long)
 .text._ZSt3minImERKT_S2_S2_
                0x0800efcc        0xc ../lib-dmx/lib_gd32/libdmx.a(dmx.o)
                0x0800efcc                unsigned long const& std::min<unsigned long>(unsigned long const&, unsigned long const&)
 .text._ZN3Dmx11SetDmxSlotsEt
                0x0800efd8       0x3a ../lib-dmx/lib_gd32/libdmx.a(dmx.o)
                0x0800efd8                Dmx::SetDmxSlots(unsigned short)
 *fill*         0x0800f012        0x2 
 .text._ZN4json13DmxSendParamsC2Ev
                0x0800f014       0x20 ../lib-dmx/lib_gd32/libdmx.a(dmxsendparams.o)
                0x0800f014                json::DmxSendParams::DmxSendParams()
                0x0800f014                json::DmxSendParams::DmxSendParams()
 .text._ZN4json13DmxSendParams5StoreEPKcm
                0x0800f034       0x60 ../lib-dmx/lib_gd32/libdmx.a(dmxsendparams.o)
                0x0800f034                json::DmxSendParams::Store(char const*, unsigned long)
 .text._ZN4json13DmxSendParams3SetEv
                0x0800f094       0x48 ../lib-dmx/lib_gd32/libdmx.a(dmxsendparams.o)
                0x0800f094                json::DmxSendParams::Set()
 .text._ZN4json10ParseValueItEET_PKcm
                0x0800f0dc       0x44 ../lib-dmx/lib_gd32/libdmx.a(dmxsendparams.o)
                0x0800f0dc                unsigned short json::ParseValue<unsigned short>(char const*, unsigned long)
 .text._ZN4json13DmxSendParams13SetSlotsCountEPKcm
                0x0800f120       0x28 ../lib-dmx/lib_gd32/libdmx.a(dmxsendparams.o)
                0x0800f120                json::DmxSendParams::SetSlotsCount(char const*, unsigned long)
 .text._ZN4json13DmxSendParams14SetRefreshRateEPKcm
                0x0800f148       0x10 ../lib-dmx/lib_gd32/libdmx.a(dmxsendparams.o)
                0x0800f148                json::DmxSendParams::SetRefreshRate(char const*, unsigned long)
 .text._ZN4json13DmxSendParams10SetMabTimeEPKcm
                0x0800f158       0x18 ../lib-dmx/lib_gd32/libdmx.a(dmxsendparams.o)
                0x0800f158                json::DmxSendParams::SetMabTime(char const*, unsigned long)
 .text._ZN4json13DmxSendParams12SetBreakTimeEPKcm
                0x0800f170       0x18 ../lib-dmx/lib_gd32/libdmx.a(dmxsendparams.o)
                0x0800f170                json::DmxSendParams::SetBreakTime(char const*, unsigned long)
 .text._ZN7JsonDoc8KeyProxyaSEm.isra.0
                0x0800f188       0x78 ../lib-dmx/lib_gd32/libdmx.a(json_config_dmxsend.o)
 .text._ZN4json6config10GetDmxSendEPcm
                0x0800f200       0x98 ../lib-dmx/lib_gd32/libdmx.a(json_config_dmxsend.o)
                0x0800f200                json::config::GetDmxSend(char*, unsigned long)
 .text._ZN4json6config10SetDmxSendEPKcm
                0x0800f298       0x20 ../lib-dmx/lib_gd32/libdmx.a(json_config_dmxsend.o)
                0x0800f298                json::config::SetDmxSend(char const*, unsigned long)
 .text._ZN4json6status3DmxEPcm
                0x0800f2b8       0x70 ../lib-dmx/lib_gd32/libdmx.a(json_status_dmx.o)
                0x0800f2b8                json::status::Dmx(char*, unsigned long)
 .text._ZN4json6status3DmxEPcmm
                0x0800f328       0x60 ../lib-dmx/lib_gd32/libdmx.a(json_status_dmx.o)
                0x0800f328                json::status::Dmx(char*, unsigned long, unsigned long)
 .text._ZN11configstore18SetFactoryDefaultsEv
                0x0800f388        0x2 ../lib-configstore/lib_gd32/libconfigstore.a(set_factory_defaults.o)
                0x0800f388                configstore::SetFactoryDefaults()
 *fill*         0x0800f38a        0x2 
 .text._ZN11StoreDeviceC2Ev
                0x0800f38c       0x4c ../lib-configstore/lib_gd32/libconfigstore.a(storedevice.o)
                0x0800f38c                StoreDevice::StoreDevice()
                0x0800f38c                StoreDevice::StoreDevice()
 .text._ZNK11StoreDevice7GetSizeEv
                0x0800f3d8        0x4 ../lib-configstore/lib_gd32/libconfigstore.a(storedevice.o)
                0x0800f3d8                StoreDevice::GetSize() const
 .text._ZNK11StoreDevice13GetSectorSizeEv
                0x0800f3dc        0x6 ../lib-configstore/lib_gd32/libconfigstore.a(storedevice.o)
                0x0800f3dc                StoreDevice::GetSectorSize() const
 .text._ZN11StoreDevice4ReadEmmPhRN11storedevice6ResultE
                0x0800f3e2       0x1a ../lib-configstore/lib_gd32/libconfigstore.a(storedevice.o)
                0x0800f3e2                StoreDevice::Read(unsigned long, unsigned long, unsigned char*, storedevice::Result&)
 .text._ZN11StoreDevice5EraseEmmRN11storedevice6ResultE
                0x0800f3fc       0x18 ../lib-configstore/lib_gd32/libconfigstore.a(storedevice.o)
                0x0800f3fc                StoreDevice::Erase(unsigned long, unsigned long, storedevice::Result&)
 .text._ZN11StoreDevice5WriteEmmPKhRN11storedevice6ResultE
                0x0800f414       0x1a ../lib-configstore/lib_gd32/libconfigstore.a(storedevice.o)
                0x0800f414                StoreDevice::Write(unsigned long, unsigned long, unsigned char const*, storedevice::Result&)
 *fill*         0x0800f42e        0x2 
 .text._Z13emac_eth_recvPPh
                0x0800f430       0x3c ../lib-network/lib_gd32/libnetwork.a(emac_eth.o)
                0x0800f430                emac_eth_recv(unsigned char**)
 .text._Z13emac_free_pktv
                0x0800f46c       0x40 ../lib-network/lib_gd32/libnetwork.a(emac_eth.o)
                0x0800f46c                emac_free_pkt()
 .text._Z28emac_eth_send_get_dma_bufferv
                0x0800f4ac       0x18 ../lib-network/lib_gd32/libnetwork.a(emac_eth.o)
                0x0800f4ac                emac_eth_send_get_dma_buffer()
 .text._Z13emac_eth_sendm
                0x0800f4c4       0x38 ../lib-network/lib_gd32/libnetwork.a(emac_eth.o)
                0x0800f4c4                emac_eth_send(unsigned long)
 .text._Z13emac_eth_sendPvm
                0x0800f4fc       0x30 ../lib-network/lib_gd32/libnetwork.a(emac_eth.o)
                0x0800f4fc                emac_eth_send(void*, unsigned long)
 .text._ZN5netifL15DefaultCallbackEtPKNS_25netif_ext_callback_args_tE
                0x0800f52c        0x2 ../lib-network/lib_gd32/libnetwork.a(netif.o)
 *fill*         0x0800f52e        0x2 
 .text._ZN5netifL20NetifDoUpdateGlobalsEv
                0x0800f530       0x28 ../lib-network/lib_gd32/libnetwork.a(netif.o)
 .text._ZN5netifL17NetifIssueReportsEv
                0x0800f558       0x18 ../lib-network/lib_gd32/libnetwork.a(netif.o)
 .text._ZN5netifL16NetifDoSetIpaddrEN7network7ip_addrERS1_
                0x0800f570       0x2c ../lib-network/lib_gd32/libnetwork.a(netif.o)
 .text._ZN5netif4InitEv
                0x0800f59c       0x40 ../lib-network/lib_gd32/libnetwork.a(netif.o)
                0x0800f59c                netif::Init()
 .text._ZN5netif9SetIpAddrEN7network7ip_addrE
                0x0800f5dc       0x24 ../lib-network/lib_gd32/libnetwork.a(netif.o)
                0x0800f5dc                netif::SetIpAddr(network::ip_addr)
 .text._ZN5netif10SetNetmaskEN7network7ip_addrE
                0x0800f600       0x28 ../lib-network/lib_gd32/libnetwork.a(netif.o)
                0x0800f600                netif::SetNetmask(network::ip_addr)
 .text._ZN5netif5SetGwEN7network7ip_addrE
                0x0800f628       0x28 ../lib-network/lib_gd32/libnetwork.a(netif.o)
                0x0800f628                netif::SetGw(network::ip_addr)
 .text._ZN5netif7SetAddrEN7network7ip_addrES1_S1_
                0x0800f650       0x94 ../lib-network/lib_gd32/libnetwork.a(netif.o)
                0x0800f650                netif::SetAddr(network::ip_addr, network::ip_addr, network::ip_addr)
 .text._ZN5netif14AddExtCallbackEPFvtPKNS_25netif_ext_callback_args_tEE
                0x0800f6e4        0xc ../lib-network/lib_gd32/libnetwork.a(netif.o)
                0x0800f6e4                netif::AddExtCallback(void (*)(unsigned short, netif::netif_ext_callback_args_t const*))
 .text._ZN5netif11SetLinkDownEv
                0x0800f6f0       0x38 ../lib-network/lib_gd32/libnetwork.a(netif.o)
                0x0800f6f0                netif::SetLinkDown()
 .text._ZN7network3tcpL8AllocTcbEtPm
                0x0800f728       0x98 ../lib-network/lib_gd32/libnetwork.a(tcp.o)
 .text._ZN7network3tcpL21TcpSwap32AcknumSeqnumEPNS0_6HeaderE
                0x0800f7c0       0x18 ../lib-network/lib_gd32/libnetwork.a(tcp.o)
 .text._ZN7network3tcpL11ScanOptionsEPNS0_6HeaderEPNS0_3TcbEl
                0x0800f7d8       0xa8 ../lib-network/lib_gd32/libnetwork.a(tcp.o)
 .text._ZN7network3tcpL11SendSegmentEPNS0_3TcbERKNS0_8SendInfoEb
                0x0800f880      0x31c ../lib-network/lib_gd32/libnetwork.a(tcp.o)
 .text._ZN7network3tcpL9SendResetEPNS0_6HeaderEPNS0_3TcbE
                0x0800fb9c       0x58 ../lib-network/lib_gd32/libnetwork.a(tcp.o)
 .text._ZN7network3tcpL7FreeTcbEPNS0_3TcbE
                0x0800fbf4       0xd4 ../lib-network/lib_gd32/libnetwork.a(tcp.o)
 .text._ZN7network3tcpL8RtxOnAckEPNS0_3TcbEm
                0x0800fcc8      0x10c ../lib-network/lib_gd32/libnetwork.a(tcp.o)
 .text._ZN7network3tcp11datasegment5QueueC2Ev
                0x0800fdd4        0xc ../lib-network/lib_gd32/libnetwork.a(tcp.o)
                0x0800fdd4                network::tcp::datasegment::Queue::Queue()
                0x0800fdd4                network::tcp::datasegment::Queue::Queue()
 .text._ZN7network3tcp6ListenEtPFvmPKhmE
                0x0800fde0       0x1c ../lib-network/lib_gd32/libnetwork.a(tcp.o)
                0x0800fde0                network::tcp::Listen(unsigned short, void (*)(unsigned long, unsigned char const*, unsigned long))
 .text._ZN7network3tcp5AbortEm
                0x0800fdfc       0x48 ../lib-network/lib_gd32/libnetwork.a(tcp.o)
                0x0800fdfc                network::tcp::Abort(unsigned long)
 .text._ZN7network3tcp4SendEmPKhm
                0x0800fe44      0x1cc ../lib-network/lib_gd32/libnetwork.a(tcp.o)
                0x0800fe44                network::tcp::Send(unsigned long, unsigned char const*, unsigned long)
 .text.startup._GLOBAL__sub_I__ZN7network3tcp4InitEv
                0x08010010       0x20 ../lib-network/lib_gd32/libnetwork.a(tcp.o)
 .text._ZN7network3udp5BeginEtPFvPKhmmtE
                0x08010030       0x40 ../lib-network/lib_gd32/libnetwork.a(udp.o)
                0x08010030                network::udp::Begin(unsigned short, void (*)(unsigned char const*, unsigned long, unsigned long, unsigned short))
 .text._ZN7network3udp3EndEt
                0x08010070       0x40 ../lib-network/lib_gd32/libnetwork.a(udp.o)
                0x08010070                network::udp::End(unsigned short)
 .text._ZN7network3udp4SendElPKhmmt
                0x080100b0      0x150 ../lib-network/lib_gd32/libnetwork.a(udp.o)
                0x080100b0                network::udp::Send(long, unsigned char const*, unsigned long, unsigned long, unsigned short)
 .text._ZN7network5iface13EthernetInputEPKhm
                0x08010200       0xb8 ../lib-network/lib_gd32/libnetwork.a(ethernet.o)
                0x08010200                network::iface::EthernetInput(unsigned char const*, unsigned long)
 .text.strncpy.isra.0
                0x080102b8       0x22 ../lib-network/lib_gd32/libnetwork.a(iface.o)
 *fill*         0x080102da        0x2 
 .text._ZN7network5ifaceL20BuildDefaultHostnameEv
                0x080102dc       0x94 ../lib-network/lib_gd32/libnetwork.a(iface.o)
 .text._ZN7network5iface16CopyMacAddressToEPh
                0x08010370       0x18 ../lib-network/lib_gd32/libnetwork.a(iface.o)
                0x08010370                network::iface::CopyMacAddressTo(unsigned char*)
 .text._ZN7network5iface13SetDomainNameEPKc
                0x08010388       0x28 ../lib-network/lib_gd32/libnetwork.a(iface.o)
                0x08010388                network::iface::SetDomainName(char const*)
 .text._ZN7network5iface10DomainNameEv
                0x080103b0        0x8 ../lib-network/lib_gd32/libnetwork.a(iface.o)
                0x080103b0                network::iface::DomainName()
 .text._ZN7network5iface11SetHostnameEPKc
                0x080103b8       0x58 ../lib-network/lib_gd32/libnetwork.a(iface.o)
                0x080103b8                network::iface::SetHostname(char const*)
 .text._ZN7network5iface8HostNameEv
                0x08010410        0xc ../lib-network/lib_gd32/libnetwork.a(iface.o)
                0x08010410                network::iface::HostName()
 .text._ZN7network5iface10NameServerEm
                0x0801041c        0x4 ../lib-network/lib_gd32/libnetwork.a(iface.o)
                0x0801041c                network::iface::NameServer(unsigned long)
 .text._ZN7network5iface15NameServerCountEv
                0x08010420        0x4 ../lib-network/lib_gd32/libnetwork.a(iface.o)
                0x08010420                network::iface::NameServerCount()
 .text._ZN7network5iface4DhcpEv
                0x08010424       0x10 ../lib-network/lib_gd32/libnetwork.a(iface.o)
                0x08010424                network::iface::Dhcp()
 .text._ZN7network5iface10EnableDhcpEv
                0x08010434       0x10 ../lib-network/lib_gd32/libnetwork.a(iface.o)
                0x08010434                network::iface::EnableDhcp()
 .text._ZN7network5iface9SetAutoIpEv
                0x08010444       0x10 ../lib-network/lib_gd32/libnetwork.a(iface.o)
                0x08010444                network::iface::SetAutoIp()
 .text._ZN7network5iface6AutoIpEv
                0x08010454       0x10 ../lib-network/lib_gd32/libnetwork.a(iface.o)
                0x08010454                network::iface::AutoIp()
 .text._ZN7network9memcpy_ipEPKh
                0x08010464       0x18 ../lib-network/lib_gd32/libnetwork.a(acd.o)
                0x08010464                network::memcpy_ip(unsigned char const*)
 .text._ZN7network3acd5StartEPNS0_3AcdENS_7ip_addrE
                0x0801047c       0x30 ../lib-network/lib_gd32/libnetwork.a(acd.o)
                0x0801047c                network::acd::Start(network::acd::Acd*, network::ip_addr)
 .text._ZN7network3acd4StopEPNS0_3AcdE
                0x080104ac       0x20 ../lib-network/lib_gd32/libnetwork.a(acd.o)
                0x080104ac                network::acd::Stop(network::acd::Acd*)
 .text._ZN7network3acdL5TimerEl
                0x080104cc       0xc0 ../lib-network/lib_gd32/libnetwork.a(acd.o)
 .text._ZN7network3acdL7RestartEPNS0_3AcdE
                0x0801058c       0x32 ../lib-network/lib_gd32/libnetwork.a(acd.o)
 *fill*         0x080105be        0x2 
 .text._ZN7network3acd22NetworkChangedLinkDownEv
                0x080105c0       0x10 ../lib-network/lib_gd32/libnetwork.a(acd.o)
                0x080105c0                network::acd::NetworkChangedLinkDown()
 .text._ZN7network3acd8ArpReplyEPKNS_3arp6HeaderE
                0x080105d0       0xac ../lib-network/lib_gd32/libnetwork.a(acd.o)
                0x080105d0                network::acd::ArpReply(network::arp::Header const*)
 .text._ZN7network3acd3AddEPNS0_3AcdEPFvNS0_8CallbackEE
                0x0801067c        0xc ../lib-network/lib_gd32/libnetwork.a(acd.o)
                0x0801067c                network::acd::Add(network::acd::Acd*, void (*)(network::acd::Callback))
 .text._ZN7network3acd18NetifIpAddrChangedENS_7ip_addrES1_
                0x08010688       0x50 ../lib-network/lib_gd32/libnetwork.a(acd.o)
                0x08010688                network::acd::NetifIpAddrChanged(network::ip_addr, network::ip_addr)
 .text._ZN7network3arpL10FindRecordEmNS0_5FlagsE
                0x080106d8       0xa0 ../lib-network/lib_gd32/libnetwork.a(arp.o)
 .text._ZN7network3arpL5TimerEl
                0x08010778       0xb0 ../lib-network/lib_gd32/libnetwork.a(arp.o)
 .text._ZN7network3arp4SendEPvmm
                0x08010828      0x19c ../lib-network/lib_gd32/libnetwork.a(arp.o)
                0x08010828                network::arp::Send(void*, unsigned long, unsigned long)
 .text._ZN7network3arp8AcdProbeENS_7ip_addrE
                0x080109c4       0x28 ../lib-network/lib_gd32/libnetwork.a(arp.o)
                0x080109c4                network::arp::AcdProbe(network::ip_addr)
 .text._ZN7network3arp19AcdSendAnnouncementENS_7ip_addrE
                0x080109ec       0x14 ../lib-network/lib_gd32/libnetwork.a(arp.o)
                0x080109ec                network::arp::AcdSendAnnouncement(network::ip_addr)
 .text._ZN7network6autoip5StartEv
                0x08010a00       0x98 ../lib-network/lib_gd32/libnetwork.a(autoip.o)
                0x08010a00                network::autoip::Start()
 .text._ZN7network6autoip4StopEv
                0x08010a98       0x24 ../lib-network/lib_gd32/libnetwork.a(autoip.o)
                0x08010a98                network::autoip::Stop()
 .text._ZN7network6autoipL16ConflictCallbackENS_3acd8CallbackE
                0x08010abc       0x4c ../lib-network/lib_gd32/libnetwork.a(autoip.o)
 .text._ZN7network6autoip22NetworkChangedLinkDownEv
                0x08010b08       0x14 ../lib-network/lib_gd32/libnetwork.a(autoip.o)
                0x08010b08                network::autoip::NetworkChangedLinkDown()
 .text._ZN7network4dhcpL4BindEv
                0x08010b1c       0xd4 ../lib-network/lib_gd32/libnetwork.a(dhcp.o)
 .text._ZN7network4dhcpL11MessageInitEv
                0x08010bf0       0x44 ../lib-network/lib_gd32/libnetwork.a(dhcp.o)
 .text._ZN7network4dhcpL8DiscoverEv
                0x08010c34       0xb4 ../lib-network/lib_gd32/libnetwork.a(dhcp.o)
 .text._ZN7network9memcpy_ipEPhm
                0x08010ce8       0x18 ../lib-network/lib_gd32/libnetwork.a(dhcp.o)
                0x08010ce8                network::memcpy_ip(unsigned char*, unsigned long)
 .text._ZN7network4dhcpL11SendRequestEv
                0x08010d00       0xd0 ../lib-network/lib_gd32/libnetwork.a(dhcp.o)
 .text._ZN7network4dhcpL6SelectEv
                0x08010dd0       0x4c ../lib-network/lib_gd32/libnetwork.a(dhcp.o)
 .text._ZN7network4dhcpL6RebootEv
                0x08010e1c       0x50 ../lib-network/lib_gd32/libnetwork.a(dhcp.o)
 .text._ZN7network4dhcpL9HandleAckEPKNS0_7MessageE
                0x08010e6c       0x40 ../lib-network/lib_gd32/libnetwork.a(dhcp.o)
 .text._ZN7network4dhcp6InformEv
                0x08010eac       0x74 ../lib-network/lib_gd32/libnetwork.a(dhcp.o)
                0x08010eac                network::dhcp::Inform()
 .text._ZN7network4dhcp5StartEv
                0x08010f20       0x64 ../lib-network/lib_gd32/libnetwork.a(dhcp.o)
                0x08010f20                network::dhcp::Start()
 .text._ZN7network4dhcp7ProcessEPKNS0_7MessageEm
                0x08010f84      0x16c ../lib-network/lib_gd32/libnetwork.a(dhcp.o)
                0x08010f84                network::dhcp::Process(network::dhcp::Message const*, unsigned long)
 .text._ZN7network4dhcp5InputEPKhmmt
                0x080110f0       0x1c ../lib-network/lib_gd32/libnetwork.a(dhcp.o)
                0x080110f0                network::dhcp::Input(unsigned char const*, unsigned long, unsigned long, unsigned short)
 .text._ZN7network4dhcp15SuppliedAddressEv
                0x0801110c       0x20 ../lib-network/lib_gd32/libnetwork.a(dhcp.o)
                0x0801110c                network::dhcp::SuppliedAddress()
 .text._ZN7network4dhcp14ReleaseAndStopEv
                0x0801112c       0xa0 ../lib-network/lib_gd32/libnetwork.a(dhcp.o)
                0x0801112c                network::dhcp::ReleaseAndStop()
 .text._ZN7network4dhcpL7FineTmrEl
                0x080111cc       0x8c ../lib-network/lib_gd32/libnetwork.a(dhcp.o)
 .text._ZN7network4igmpL10SendReportEm
                0x08011258       0x94 ../lib-network/lib_gd32/libnetwork.a(igmp.o)
 .text._ZN7network4igmpL5TimerEl
                0x080112ec       0x54 ../lib-network/lib_gd32/libnetwork.a(igmp.o)
 .text._ZN7network4igmpL5LeaveEm
                0x08011340       0xa8 ../lib-network/lib_gd32/libnetwork.a(igmp.o)
 .text._ZN7network4igmp9JoinGroupElm
                0x080113e8       0x70 ../lib-network/lib_gd32/libnetwork.a(igmp.o)
                0x080113e8                network::igmp::JoinGroup(long, unsigned long)
 .text._ZN7network4igmp10LeaveGroupElm
                0x08011458        0x8 ../lib-network/lib_gd32/libnetwork.a(igmp.o)
                0x08011458                network::igmp::LeaveGroup(long, unsigned long)
 .text._ZN7network4igmp11LookupGroupEm
                0x08011460       0x30 ../lib-network/lib_gd32/libnetwork.a(igmp.o)
                0x08011460                network::igmp::LookupGroup(unsigned long)
 .text._ZN7network4igmp12ReportGroupsEv
                0x08011490       0x5c ../lib-network/lib_gd32/libnetwork.a(igmp.o)
                0x08011490                network::igmp::ReportGroups()
 .text._ZN7network4apps4mdnsL4SendEm
                0x080114ec       0x48 ../lib-network/lib_gd32/libnetwork.a(mdns.o)
 .text._ZN7network4apps4mdnsL21PutDomainNameAsLabelsEPhRKNS1_6DomainE
                0x08011534       0xe4 ../lib-network/lib_gd32/libnetwork.a(mdns.o)
 .text._ZN7network4apps4mdnsL11AddQuestionEPhRKNS1_6DomainENS_3dns6RRTypeEb
                0x08011618       0x20 ../lib-network/lib_gd32/libnetwork.a(mdns.o)
 .text.memcpy.isra.0
                0x08011638       0x12 ../lib-network/lib_gd32/libnetwork.a(mdns.o)
 .text.strlen   0x0801164a       0x10 ../lib-network/lib_gd32/libnetwork.a(mdns.o)
                0x0801164a                strlen
 .text._ZN7network4apps4mdns6Domain8AddLabelEPKcj
                0x0801165a       0x26 ../lib-network/lib_gd32/libnetwork.a(mdns.o)
                0x0801165a                network::apps::mdns::Domain::AddLabel(char const*, unsigned int)
 .text._ZN7network4apps4mdns6Domain11AddDotLocalEv
                0x08011680       0x24 ../lib-network/lib_gd32/libnetwork.a(mdns.o)
                0x08011680                network::apps::mdns::Domain::AddDotLocal()
 .text._ZN7network4apps4mdnsL16CreateHostDomainERNS1_6DomainE
                0x080116a4       0x2a ../lib-network/lib_gd32/libnetwork.a(mdns.o)
 *fill*         0x080116ce        0x2 
 .text._ZN7network4apps4mdnsL10AddAnswerAEPhm
                0x080116d0       0x38 ../lib-network/lib_gd32/libnetwork.a(mdns.o)
 .text._ZN7network4apps4mdnsL24SendAnswerLocalIpAddressEtm
                0x08011708       0x4c ../lib-network/lib_gd32/libnetwork.a(mdns.o)
 .text._ZN7network4apps4mdnsL19CreateServiceDomainERNS1_6DomainERKNS1_13ServiceRecordEb
                0x08011754       0x88 ../lib-network/lib_gd32/libnetwork.a(mdns.o)
 .text._ZN7network4apps4mdnsL12AddAnswerPtrERKNS1_13ServiceRecordEPhm
                0x080117dc       0x48 ../lib-network/lib_gd32/libnetwork.a(mdns.o)
 .text._ZN7network4apps4mdnsL12AddAnswerSrvERKNS1_13ServiceRecordEPhm
                0x08011824       0x50 ../lib-network/lib_gd32/libnetwork.a(mdns.o)
 .text._ZN7network4apps4mdnsL12AddAnswerTxtERKNS1_13ServiceRecordEPhm
                0x08011874       0x52 ../lib-network/lib_gd32/libnetwork.a(mdns.o)
 *fill*         0x080118c6        0x2 
 .text._ZN7network4apps4mdnsL16AddAnswerDnsdPtrERKNS1_13ServiceRecordEPhm.constprop.0
                0x080118c8       0x48 ../lib-network/lib_gd32/libnetwork.a(mdns.o)
 .text._ZN7network4apps4mdnsL11SendMessageERKNS1_13ServiceRecordEtm
                0x08011910       0xa8 ../lib-network/lib_gd32/libnetwork.a(mdns.o)
 .text._ZN7network4apps4mdns6Domain5PrintEb
                0x080119b8       0x38 ../lib-network/lib_gd32/libnetwork.a(mdns.o)
                0x080119b8                network::apps::mdns::Domain::Print(bool)
 .text._ZN7network4apps4mdnseqERKNS1_6DomainES4_
                0x080119f0       0x66 ../lib-network/lib_gd32/libnetwork.a(mdns.o)
                0x080119f0                network::apps::mdns::operator==(network::apps::mdns::Domain const&, network::apps::mdns::Domain const&)
 *fill*         0x08011a56        0x2 
 .text._ZN7network4apps4mdnsL15HandleQuestionsEm
                0x08011a58      0x21c ../lib-network/lib_gd32/libnetwork.a(mdns.o)
 .text._ZN7network4apps4mdnsL5InputEPKhmmt
                0x08011c74       0x40 ../lib-network/lib_gd32/libnetwork.a(mdns.o)
 .text._ZN7network4apps4mdns16SendAnnouncementEm
                0x08011cb4       0x58 ../lib-network/lib_gd32/libnetwork.a(mdns.o)
                0x08011cb4                network::apps::mdns::SendAnnouncement(unsigned long)
 .text._ZN7network4apps4mdns5StartEv
                0x08011d0c       0x3c ../lib-network/lib_gd32/libnetwork.a(mdns.o)
                0x08011d0c                network::apps::mdns::Start()
 .text._ZN7network4apps4mdns4StopEv
                0x08011d48       0x4c ../lib-network/lib_gd32/libnetwork.a(mdns.o)
                0x08011d48                network::apps::mdns::Stop()
 .text._ZN7network4apps4mdns16ServiceRecordAddEPKcNS1_8ServicesES3_t
                0x08011d94       0xec ../lib-network/lib_gd32/libnetwork.a(mdns.o)
                0x08011d94                network::apps::mdns::ServiceRecordAdd(char const*, network::apps::mdns::Services, char const*, unsigned short)
 .text._ZN7network4apps4mdns4InitEv
                0x08011e80       0x30 ../lib-network/lib_gd32/libnetwork.a(mdns.o)
                0x08011e80                network::apps::mdns::Init()
 .text._ZN7networkL16NetifExtCallbackEtPKN5netif25netif_ext_callback_args_tE
                0x08011eb0       0xe0 ../lib-network/lib_gd32/libnetwork.a(network.o)
 .text._ZN7network3SetENS_7ip_addrES0_S0_b
                0x08011f90       0x8c ../lib-network/lib_gd32/libnetwork.a(network.o)
                0x08011f90                network::Set(network::ip_addr, network::ip_addr, network::ip_addr, bool)
 .text._ZN7network4InitEv
                0x0801201c       0xb4 ../lib-network/lib_gd32/libnetwork.a(network.o)
                0x0801201c                network::Init()
 .text._ZN7network12SetPrimaryIpEm
                0x080120d0       0x44 ../lib-network/lib_gd32/libnetwork.a(network.o)
                0x080120d0                network::SetPrimaryIp(unsigned long)
 .text._ZN7network14SetSecondaryIpEv
                0x08012114       0x10 ../lib-network/lib_gd32/libnetwork.a(network.o)
                0x08012114                network::SetSecondaryIp()
 .text._ZN7networkL25PrimaryIpConflictCallbackENS_3acd8CallbackE
                0x08012124       0x44 ../lib-network/lib_gd32/libnetwork.a(network.o)
 .text._ZN7network10SetNetmaskEm
                0x08012168       0x20 ../lib-network/lib_gd32/libnetwork.a(network.o)
                0x08012168                network::SetNetmask(unsigned long)
 .text._ZN7network12SetGatewayIpEm
                0x08012188       0x20 ../lib-network/lib_gd32/libnetwork.a(network.o)
                0x08012188                network::SetGatewayIp(unsigned long)
 .text._ZN7network8ShutdownEv
                0x080121a8       0x12 ../lib-network/lib_gd32/libnetwork.a(network.o)
                0x080121a8                network::Shutdown()
 .text._ZN3net3phy7GetLinkEm
                0x080121ba       0x20 ../lib-network/lib_gd32/libnetwork.a(phy.o)
                0x080121ba                net::phy::GetLink(unsigned long)
 *fill*         0x080121da        0x2 
 .text._ZN3net3phy5StartEmRNS0_6StatusE
                0x080121dc      0x148 ../lib-network/lib_gd32/libnetwork.a(phy.o)
                0x080121dc                net::phy::Start(unsigned long, net::phy::Status&)
 .text._ZN7JsonDoc8KeyProxyaSEPKc.isra.0
                0x08012324       0x50 ../lib-network/lib_gd32/libnetwork.a(json_config_network.o)
 .text._ZN3net8FormatIpEmRA16_c
                0x08012374       0x2c ../lib-network/lib_gd32/libnetwork.a(json_config_network.o)
                0x08012374                net::FormatIp(unsigned long, char (&) [16])
 .text._ZN4json6config10GetNetworkEPcm
                0x080123a0      0x110 ../lib-network/lib_gd32/libnetwork.a(json_config_network.o)
                0x080123a0                json::config::GetNetwork(char*, unsigned long)
 .text._ZN4json6config10SetNetworkEPKcm
                0x080124b0       0x20 ../lib-network/lib_gd32/libnetwork.a(json_config_network.o)
                0x080124b0                json::config::SetNetwork(char const*, unsigned long)
 .text._ZZN4json6status3net4EmacEPcmENKUlPKcE_clES4_
                0x080124d0       0x20 ../lib-network/lib_gd32/libnetwork.a(json_status_emac.o)
 .text._ZZN4json6status3net4EmacEPcmENKUlyE_clEy
                0x080124f0       0x66 ../lib-network/lib_gd32/libnetwork.a(json_status_emac.o)
 *fill*         0x08012556        0x2 
 .text._ZN4json6status3net4EmacEPcm
                0x08012558       0xec ../lib-network/lib_gd32/libnetwork.a(json_status_emac.o)
                0x08012558                json::status::net::Emac(char*, unsigned long)
 .text._ZN4json6status3net3PhyEPcm
                0x08012644       0x4c ../lib-network/lib_gd32/libnetwork.a(json_status_phy.o)
                0x08012644                json::status::net::Phy(char*, unsigned long)
 .text._ZN4json13NetworkParams14SetUseStaticIpEPKcm
                0x08012690       0x20 ../lib-network/lib_gd32/libnetwork.a(networkparams.o)
                0x08012690                json::NetworkParams::SetUseStaticIp(char const*, unsigned long)
 .text._ZN4json13NetworkParams11SetHostnameEPKcm
                0x080126b0       0x30 ../lib-network/lib_gd32/libnetwork.a(networkparams.o)
                0x080126b0                json::NetworkParams::SetHostname(char const*, unsigned long)
 .text._ZN3net13ParseIpStringEPKcm
                0x080126e0       0x4a ../lib-network/lib_gd32/libnetwork.a(networkparams.o)
                0x080126e0                net::ParseIpString(char const*, unsigned long)
 *fill*         0x0801272a        0x2 
 .text._ZN4json13NetworkParams12SetIpAddressEPKcm
                0x0801272c       0x10 ../lib-network/lib_gd32/libnetwork.a(networkparams.o)
                0x0801272c                json::NetworkParams::SetIpAddress(char const*, unsigned long)
 .text._ZN4json13NetworkParams10SetNetMaskEPKcm
                0x0801273c       0x10 ../lib-network/lib_gd32/libnetwork.a(networkparams.o)
                0x0801273c                json::NetworkParams::SetNetMask(char const*, unsigned long)
 .text._ZN4json13NetworkParams17SetDefaultGatewayEPKcm
                0x0801274c       0x10 ../lib-network/lib_gd32/libnetwork.a(networkparams.o)
                0x0801274c                json::NetworkParams::SetDefaultGateway(char const*, unsigned long)
 .text._ZN4json13NetworkParams12SetNtpServerEPKcm
                0x0801275c       0x10 ../lib-network/lib_gd32/libnetwork.a(networkparams.o)
                0x0801275c                json::NetworkParams::SetNtpServer(char const*, unsigned long)
 .text._ZN4json13NetworkParamsC2Ev
                0x0801276c       0x20 ../lib-network/lib_gd32/libnetwork.a(networkparams.o)
                0x0801276c                json::NetworkParams::NetworkParams()
                0x0801276c                json::NetworkParams::NetworkParams()
 .text._ZN4json13NetworkParams5StoreEPKcm
                0x0801278c       0x58 ../lib-network/lib_gd32/libnetwork.a(networkparams.o)
                0x0801278c                json::NetworkParams::Store(char const*, unsigned long)
 .text._ZN4json13NetworkParams3SetEv
                0x080127e4       0x84 ../lib-network/lib_gd32/libnetwork.a(networkparams.o)
                0x080127e4                json::NetworkParams::Set()
 .text._ZN3net3phy13CustomizedLedEv
                0x08012868        0x2 ../lib-network/lib_gd32/libnetwork.a(phy.o)
                0x08012868                net::phy::CustomizedLed()
 .text._ZN3net3phy16CustomizedTimingEv
                0x0801286a        0x2 ../lib-network/lib_gd32/libnetwork.a(phy.o)
                0x0801286a                net::phy::CustomizedTiming()
 .text._ZN3net3phy16CustomizedStatusERNS0_6StatusE
                0x0801286c       0x34 ../lib-network/lib_gd32/libnetwork.a(phy.o)
                0x0801286c                net::phy::CustomizedStatus(net::phy::Status&)
 .text._ZN11ConfigStore16SetStatusChangedEv.isra.0
                0x080128a0       0x28 ../lib-network/lib_gd32/libnetwork.a(network_store.o)
 .text._ZN11ConfigStore13NetworkUpdateImEEvMN6common5store7NetworkET_RKS4_.isra.0
                0x080128c8       0x24 ../lib-network/lib_gd32/libnetwork.a(network_store.o)
 .text._ZN7network5store6SaveIpEm
                0x080128ec       0x12 ../lib-network/lib_gd32/libnetwork.a(network_store.o)
                0x080128ec                network::store::SaveIp(unsigned long)
 .text._ZN7network5store11SaveNetmaskEm
                0x080128fe       0x12 ../lib-network/lib_gd32/libnetwork.a(network_store.o)
                0x080128fe                network::store::SaveNetmask(unsigned long)
 .text._ZN7network5store13SaveGatewayIpEm
                0x08012910       0x12 ../lib-network/lib_gd32/libnetwork.a(network_store.o)
                0x08012910                network::store::SaveGatewayIp(unsigned long)
 *fill*         0x08012922        0x2 
 .text._ZN7network5store12SaveHostnameEPKcm
                0x08012924       0x48 ../lib-network/lib_gd32/libnetwork.a(network_store.o)
                0x08012924                network::store::SaveHostname(char const*, unsigned long)
 .text._ZN7network5store8SaveDhcpEb
                0x0801296c       0x28 ../lib-network/lib_gd32/libnetwork.a(network_store.o)
                0x0801296c                network::store::SaveDhcp(bool)
 .text._ZN7network5iface11GetCountersERNS0_8CountersE
                0x08012994       0xf0 ../lib-network/lib_gd32/libnetwork.a(emac_counters.o)
                0x08012994                network::iface::GetCounters(network::iface::Counters&)
 .text._ZN4emac9multicast16EnableHashFilterEv
                0x08012a84       0x20 ../lib-network/lib_gd32/libnetwork.a(emac_multicast.o)
                0x08012a84                emac::multicast::EnableHashFilter()
 .text._ZN4emac9multicast17DisableHashFilterEv
                0x08012aa4       0x18 ../lib-network/lib_gd32/libnetwork.a(emac_multicast.o)
                0x08012aa4                emac::multicast::DisableHashFilter()
 .text._ZN4emac9multicast7SetHashEPKh
                0x08012abc       0x30 ../lib-network/lib_gd32/libnetwork.a(emac_multicast.o)
                0x08012abc                emac::multicast::SetHash(unsigned char const*)
 .text._ZN4emac9multicast9ResetHashEv
                0x08012aec       0x10 ../lib-network/lib_gd32/libnetwork.a(emac_multicast.o)
                0x08012aec                emac::multicast::ResetHash()
 .text._ZN3net3phy4ReadEmmRt
                0x08012afc       0x16 ../lib-network/lib_gd32/libnetwork.a(emac_phy.o)
                0x08012afc                net::phy::Read(unsigned long, unsigned long, unsigned short&)
 .text._ZN3net3phy5WriteEmmt
                0x08012b12       0x20 ../lib-network/lib_gd32/libnetwork.a(emac_phy.o)
                0x08012b12                net::phy::Write(unsigned long, unsigned long, unsigned short)
 *fill*         0x08012b32        0x2 
 .text._ZN3net3phy6ConfigEm
                0x08012b34       0xd4 ../lib-network/lib_gd32/libnetwork.a(emac_phy.o)
                0x08012b34                net::phy::Config(unsigned long)
 .text._ZN3net4emac10AdjustLinkENS_3phy6StatusE
                0x08012c08       0x6c ../lib-network/lib_gd32/libnetwork.a(emac.o)
                0x08012c08                net::emac::AdjustLink(net::phy::Status)
 .text._ZN3net4link10StatusReadEv
                0x08012c74        0x6 ../lib-network/lib_gd32/libnetwork.a(link_check.o)
                0x08012c74                net::link::StatusRead()
 *fill*         0x08012c7a        0x2 
 .text._ZN3net3phy8ToStringENS0_4LinkE
                0x08012c7c       0x18 ../lib-network/lib_gd32/libnetwork.a(to_string.o)
                0x08012c7c                net::phy::ToString(net::phy::Link)
 .text._ZN3net3phy8ToStringENS0_6DuplexE
                0x08012c94       0x18 ../lib-network/lib_gd32/libnetwork.a(to_string.o)
                0x08012c94                net::phy::ToString(net::phy::Duplex)
 .text._ZN3net3phy8ToStringENS0_5SpeedE
                0x08012cac       0x18 ../lib-network/lib_gd32/libnetwork.a(to_string.o)
                0x08012cac                net::phy::ToString(net::phy::Speed)
 .text._ZN3net3phy23ToStringAutonegotiationEb
                0x08012cc4       0x18 ../lib-network/lib_gd32/libnetwork.a(to_string.o)
                0x08012cc4                net::phy::ToStringAutonegotiation(bool)
 .text._ZN7network3CrcEPKhj
                0x08012cdc       0x40 ../lib-network/lib_gd32/libnetwork.a(network_crc.o)
                0x08012cdc                network::Crc(unsigned char const*, unsigned int)
 .text._ZN7Display14ClearEndOfLineEv.isra.0
                0x08012d1c        0x8 ../lib-displayudf/lib_gd32/libdisplayudf.a(displayudf.o)
 .text._ZN7Display5WriteEmPKc.isra.0
                0x08012d24       0x22 ../lib-displayudf/lib_gd32/libdisplayudf.a(displayudf.o)
 .text._ZN7Display6PrintfEmPKcz
                0x08012d46       0x38 ../lib-displayudf/lib_gd32/libdisplayudf.a(displayudf.o)
                0x08012d46                Display::Printf(unsigned long, char const*, ...)
 *fill*         0x08012d7e        0x2 
 .text._ZN10DisplayUdf13ShowIpAddressEv
                0x08012d80       0x68 ../lib-displayudf/lib_gd32/libdisplayudf.a(displayudf.o)
                0x08012d80                DisplayUdf::ShowIpAddress()
 .text._ZN10DisplayUdfC2Ev
                0x08012de8       0x24 ../lib-displayudf/lib_gd32/libdisplayudf.a(displayudf.o)
                0x08012de8                DisplayUdf::DisplayUdf()
                0x08012de8                DisplayUdf::DisplayUdf()
 .text._ZN10DisplayUdf8SetTitleEPKcz
                0x08012e0c       0x26 ../lib-displayudf/lib_gd32/libdisplayudf.a(displayudf.o)
                0x08012e0c                DisplayUdf::SetTitle(char const*, ...)
 .text._ZN10DisplayUdf3SetEmN10displayudf6LabelsE
                0x08012e32       0x34 ../lib-displayudf/lib_gd32/libdisplayudf.a(displayudf.o)
                0x08012e32                DisplayUdf::Set(unsigned long, displayudf::Labels)
 *fill*         0x08012e66        0x2 
 .text._ZN10DisplayUdf4ShowEv
                0x08012e68       0xf4 ../lib-displayudf/lib_gd32/libdisplayudf.a(displayudf.o)
                0x08012e68                DisplayUdf::Show()
 .text._ZN4json16DisplayUdfParams17SetFlipVerticallyEPKcm
                0x08012f5c       0x20 ../lib-displayudf/lib_gd32/libdisplayudf.a(displayudfparams.o)
                0x08012f5c                json::DisplayUdfParams::SetFlipVertically(char const*, unsigned long)
 .text._ZN4json16DisplayUdfParamsC2Ev
                0x08012f7c       0x20 ../lib-displayudf/lib_gd32/libdisplayudf.a(displayudfparams.o)
                0x08012f7c                json::DisplayUdfParams::DisplayUdfParams()
                0x08012f7c                json::DisplayUdfParams::DisplayUdfParams()
 .text._ZN4json16DisplayUdfParams5StoreEPKcm
                0x08012f9c       0x60 ../lib-displayudf/lib_gd32/libdisplayudf.a(displayudfparams.o)
                0x08012f9c                json::DisplayUdfParams::Store(char const*, unsigned long)
 .text._ZN4json16DisplayUdfParams10SetAndShowEv
                0x08012ffc       0x78 ../lib-displayudf/lib_gd32/libdisplayudf.a(displayudfparams.o)