Archive member included to satisfy reference by file (symbol)

../lib-c/lib_gd32/libc.a(printf.o)
                              build_gd32/firmware/main.o (printf)
../lib-c/lib_gd32/libc.a(puts.o)
                              build_gd32/firmware/main.o (puts)
/Users/arjanvanvught/Library/xPacks/@xpack-dev-tools/arm-none-eabi-gcc/11.3.1-1.1.2/.content/bin/../lib/gcc/arm-none-eabi/11.3.1/thumb/v7e-m+fp/hard/libgcc.a(_arm_truncdfsf2.o)
                              ../lib-c/lib_gd32/libc.a(printf.o) (__aeabi_d2f)
/Users/arjanvanvught/Library/xPacks/@xpack-dev-tools/arm-none-eabi-gcc/11.3.1-1.1.2/.content/bin/../lib/gcc/arm-none-eabi/11.3.1/thumb/v7e-m+fp/hard/libgcc.a(_aeabi_uldivmod.o)
                              ../lib-c/lib_gd32/libc.a(printf.o) (__aeabi_uldivmod)
/Users/arjanvanvught/Library/xPacks/@xpack-dev-tools/arm-none-eabi-gcc/11.3.1-1.1.2/.content/bin/../lib/gcc/arm-none-eabi/11.3.1/thumb/v7e-m+fp/hard/libgcc.a(_udivmoddi4.o)
                              /Users/arjanvanvught/Library/xPacks/@xpack-dev-tools/arm-none-eabi-gcc/11.3.1-1.1.2/.content/bin/../lib/gcc/arm-none-eabi/11.3.1/thumb/v7e-m+fp/hard/libgcc.a(_aeabi_uldivmod.o) (__udivmoddi4)
/Users/arjanvanvught/Library/xPacks/@xpack-dev-tools/arm-none-eabi-gcc/11.3.1-1.1.2/.content/bin/../lib/gcc/arm-none-eabi/11.3.1/thumb/v7e-m+fp/hard/libgcc.a(_dvmd_tls.o)
                              /Users/arjanvanvught/Library/xPacks/@xpack-dev-tools/arm-none-eabi-gcc/11.3.1-1.1.2/.content/bin/../lib/gcc/arm-none-eabi/11.3.1/thumb/v7e-m+fp/hard/libgcc.a(_aeabi_uldivmod.o) (__aeabi_ldiv0)
../lib-remoteconfig/lib_gd32/libremoteconfig.a(remoteconfig.o)
                              build_gd32/firmware/main.o (RemoteConfig::RemoteConfig(remoteconfig::Node, remoteconfig::Output, unsigned long))
../lib-remoteconfig/lib_gd32/libremoteconfig.a(remoteconfigfactory.o)
                              ../lib-remoteconfig/lib_gd32/libremoteconfig.a(remoteconfig.o) (RemoteConfig::HandleFactory())
../lib-remoteconfig/lib_gd32/libremoteconfig.a(remoteconfigparams.o)
                              build_gd32/firmware/main.o (RemoteConfigParams::RemoteConfigParams(RemoteConfigParamsStore*))
../lib-remoteconfig/lib_gd32/libremoteconfig.a(remoteconfigparamsdump.o)
                              build_gd32/firmware/main.o (RemoteConfigParams::Dump())
../lib-remoteconfig/lib_gd32/libremoteconfig.a(remoteconfigreboot.o)
                              ../lib-remoteconfig/lib_gd32/libremoteconfig.a(remoteconfig.o) (RemoteConfig::HandleReboot())
../lib-remoteconfig/lib_gd32/libremoteconfig.a(remoteconfigstatic.o)
                              ../lib-remoteconfig/lib_gd32/libremoteconfig.a(remoteconfig.o) (RemoteConfig::GetIndex(void const*, unsigned long&))
../lib-remoteconfig/lib_gd32/libremoteconfig.a(remoteconfig.o)
                              ../lib-remoteconfig/lib_gd32/libremoteconfig.a(remoteconfig.o) (RemoteConfig::PlatformHandleTftpSet())
../lib-remoteconfig/lib_gd32/libremoteconfig.a(httd.o)
                              build_gd32/firmware/main.o (HttpDaemon::HttpDaemon())
../lib-remoteconfig/lib_gd32/libremoteconfig.a(remoteconfigconst.o)
                              ../lib-remoteconfig/lib_gd32/libremoteconfig.a(remoteconfigparams.o) (RemoteConfigConst::PARAMS_DISPLAY_NAME)
../lib-remoteconfig/lib_gd32/libremoteconfig.a(remoteconfigjson.o)
                              ../lib-remoteconfig/lib_gd32/libremoteconfig.a(httd.o) (remoteconfig::json_get_list(char*, unsigned short))
../lib-remoteconfig/lib_gd32/libremoteconfig.a(get_file_content.o)
                              ../lib-remoteconfig/lib_gd32/libremoteconfig.a(httd.o) (get_file_content(char const*, char*, http::contentTypes&))
../lib-ddp/lib_gd32/libddp.a(ddpdisplay.o)
                              build_gd32/firmware/main.o (DdpDisplay::DdpDisplay())
../lib-rdmnet/lib_gd32/librdmnet.a(llrpdevice.o)
                              build_gd32/firmware/main.o (LLRPDevice::Run())
../lib-rdmnet/lib_gd32/librdmnet.a(rdmnetconst.o)
                              build_gd32/firmware/main.o (RDMNetConst::MSG_CONFIG)
../lib-rdmnet/lib_gd32/librdmnet.a(rdmnetdevice.o)
                              build_gd32/firmware/main.o (RDMNetDevice::Print())
../lib-rdmsensor/lib_gd32/librdmsensor.a(rdmsensors.o)
                              build_gd32/firmware/main.o (RDMSensors::~RDMSensors())
../lib-rdmsensor/lib_gd32/librdmsensor.a(rdmsensorsconst.o)
                              ../lib-rdmsensor/lib_gd32/librdmsensor.a(rdmsensors.o) (RDMSensorsConst::TYPE)
../lib-rdmsensor/lib_gd32/librdmsensor.a(rdmsensor.o)
                              ../lib-rdmsensor/lib_gd32/librdmsensor.a(rdmsensors.o) (RDMSensor::GetValues())
../lib-rdmsubdevice/lib_gd32/librdmsubdevice.a(rdmsubdevices.o)
                              build_gd32/firmware/main.o (RDMSubDevices::~RDMSubDevices())
../lib-rdmsubdevice/lib_gd32/librdmsubdevice.a(rdmsubdevicesconst.o)
[...]
Memory Configuration

Name             Origin             Length             Attributes
FLASH            0x0000000008008000 0x000000000001a800 xr
TCMSRAM          0x0000000010000000 0x0000000000010000 rw
RAM              0x0000000020000000 0x0000000000020000 xrw
RAMADD           0x0000000020030000 0x0000000000000000 xrw
BKPSRAM          0x0000000040024000 0x0000000000001000 rw
*default*        0x0000000000000000 0xffffffffffffffff

Linker script and memory map

LOAD build_gd32/startup_gd32f407.o
LOAD build_gd32/firmware/main.o
LOAD build_gd32/lib/factorydefaults.o
LOAD build_gd32/lib/rdmsoftwareversion.o
                0x0000000000002000                __heap_size = DEFINED (__heap_size)?__heap_size:0x2000
                0x0000000000002800                __stack_size = DEFINED (__stack_size)?__stack_size:0x2800

.vectors        0x0000000008008000      0x188
                0x0000000008008000                . = ALIGN (0x4)
 *(.vectors)
 .vectors       0x0000000008008000      0x188 build_gd32/startup_gd32f407.o
                0x0000000008008000                __gVectors
                0x0000000008008188                . = ALIGN (0x4)
                0x0000000008008188                __Vectors_End = .
                0x0000000008008188                __Vectors_Size = (__Vectors_End - __gVectors)

.text           0x0000000008008188     0xdd34
                0x0000000008008188                . = ALIGN (0x4)
 *(.text.unlikely*)
 .text.unlikely._Z9igmp_initv
                0x0000000008008188       0x90 ../lib-network/lib_gd32/libnetwork.a(igmp.o)
                0x0000000008008188                igmp_init()
 .text.unlikely._Z13igmp_shutdownv
                0x0000000008008218       0x1c ../lib-network/lib_gd32/libnetwork.a(igmp.o)
                0x0000000008008218                igmp_shutdown()
 .text.unlikely._Z8net_initPKhP6IpInfoPKcPbS5_
                0x0000000008008234       0xac ../lib-network/lib_gd32/libnetwork.a(net.o)
                0x0000000008008234                net_init(unsigned char const*, IpInfo*, char const*, bool*, bool*)
 .text.unlikely._Z12net_shutdownv
                0x00000000080082e0       0x1c ../lib-network/lib_gd32/libnetwork.a(net.o)
                0x00000000080082e0                net_shutdown()
 .text.unlikely._Z8tcp_initv
                0x00000000080082fc       0x44 ../lib-network/lib_gd32/libnetwork.a(tcp.o)
                0x00000000080082fc                tcp_init()
 .text.unlikely._Z8udp_initv
                0x0000000008008340       0x30 ../lib-network/lib_gd32/libnetwork.a(udp.o)
                0x0000000008008340                udp_init()
 .text.unlikely._Z12udp_shutdownv
                0x0000000008008370        0x2 ../lib-network/lib_gd32/libnetwork.a(udp.o)
                0x0000000008008370                udp_shutdown()
 *fill*         0x0000000008008372        0x2 
 .text.unlikely._Z8arp_initv
                0x0000000008008374       0xa4 ../lib-network/lib_gd32/libnetwork.a(arp.o)
                0x0000000008008374                arp_init()
 .text.unlikely._Z14arp_cache_initv
                0x0000000008008418       0x24 ../lib-network/lib_gd32/libnetwork.a(arp_cache.o)
                0x0000000008008418                arp_cache_init()
 .text.unlikely._Z7ip_initv
                0x000000000800843c       0x12 ../lib-network/lib_gd32/libnetwork.a(ip.o)
                0x000000000800843c                ip_init()
 .text.unlikely._Z11ip_shutdownv
                0x000000000800844e       0x12 ../lib-network/lib_gd32/libnetwork.a(ip.o)
                0x000000000800844e                ip_shutdown()
 .text.unlikely.console_init
                0x0000000008008460       0x20 ../lib-hal/lib_gd32/libhal.a(console_uart0.o)
                0x0000000008008460                console_init
 *(.text.hot*)
 .text.hot._Z11igmp_handleP6t_igmp
                0x0000000008008480       0x98 ../lib-network/lib_gd32/libnetwork.a(igmp.o)
                0x0000000008008480                igmp_handle(t_igmp*)
 .text.hot._Z10net_handlev
                0x0000000008008518       0x38 ../lib-network/lib_gd32/libnetwork.a(net.o)
                0x0000000008008518                net_handle()
 .text.hot._Z7tcp_runv
                0x0000000008008550       0x44 ../lib-network/lib_gd32/libnetwork.a(tcp.o)
                0x0000000008008550                tcp_run()
 .text.hot._Z10tcp_handleP5t_tcp
                0x0000000008008594      0x4c4 ../lib-network/lib_gd32/libnetwork.a(tcp.o)
                0x0000000008008594                tcp_handle(t_tcp*)
 .text.hot._Z10udp_handleP5t_udp
                0x0000000008008a58       0x74 ../lib-network/lib_gd32/libnetwork.a(udp.o)
                0x0000000008008a58                udp_handle(t_udp*)
 .text.hot._Z10arp_handleP5t_arp
                0x0000000008008acc       0x18 ../lib-network/lib_gd32/libnetwork.a(arp.o)
                0x0000000008008acc                arp_handle(t_arp*)
 .text.hot._Z9ip_handleP5t_ip4
                0x0000000008008ae4       0x42 ../lib-network/lib_gd32/libnetwork.a(ip.o)
                0x0000000008008ae4                ip_handle(t_ip4*)
 *fill*         0x0000000008008b26        0x2 
 .text.hot._Z11icmp_handleP6t_icmp
                0x0000000008008b28       0x78 ../lib-network/lib_gd32/libnetwork.a(icmp.o)
                0x0000000008008b28                icmp_handle(t_icmp*)
 *(.text)
 .text          0x0000000008008ba0       0x58 build_gd32/startup_gd32f407.o
                0x0000000008008bb4                Reset_Handler
 .text          0x0000000008008bf8       0xa0 /Users/arjanvanvught/Library/xPacks/@xpack-dev-tools/arm-none-eabi-gcc/11.3.1-1.1.2/.content/bin/../lib/gcc/arm-none-eabi/11.3.1/thumb/v7e-m+fp/hard/libgcc.a(_arm_truncdfsf2.o)
                0x0000000008008bf8                __aeabi_d2f
                0x0000000008008bf8                __truncdfsf2
 .text          0x0000000008008c98       0x30 /Users/arjanvanvught/Library/xPacks/@xpack-dev-tools/arm-none-eabi-gcc/11.3.1-1.1.2/.content/bin/../lib/gcc/arm-none-eabi/11.3.1/thumb/v7e-m+fp/hard/libgcc.a(_aeabi_uldivmod.o)
                0x0000000008008c98                __aeabi_uldivmod
 .text          0x0000000008008cc8        0x4 /Users/arjanvanvught/Library/xPacks/@xpack-dev-tools/arm-none-eabi-gcc/11.3.1-1.1.2/.content/bin/../lib/gcc/arm-none-eabi/11.3.1/thumb/v7e-m+fp/hard/libgcc.a(_dvmd_tls.o)
                0x0000000008008cc8                __aeabi_ldiv0
                0x0000000008008cc8                __aeabi_idiv0
 .text          0x0000000008008ccc      0x378 /Users/arjanvanvught/Library/xPacks/@xpack-dev-tools/arm-none-eabi-gcc/11.3.1-1.1.2/.content/bin/../lib/gcc/arm-none-eabi/11.3.1/thumb/v7e-m+fp/hard/libgcc.a(_arm_addsubdf3.o)
                0x0000000008008ccc                __aeabi_drsub
                0x0000000008008cd4                __subdf3
                0x0000000008008cd4                __aeabi_dsub
                0x0000000008008cd8                __aeabi_dadd
                0x0000000008008cd8                __adddf3
                0x0000000008008f50                __aeabi_ui2d
                0x0000000008008f50                __floatunsidf
                0x0000000008008f70                __floatsidf
                0x0000000008008f70                __aeabi_i2d
                0x0000000008008f94                __extendsfdf2
                0x0000000008008f94                __aeabi_f2d
                0x0000000008008fd8                __aeabi_ul2d
                0x0000000008008fd8                __floatundidf
                0x0000000008008fe8                __aeabi_l2d
                0x0000000008008fe8                __floatdidf
 *(.text*)
 .text.Default_Handler
                0x0000000008009044        0x2 build_gd32/startup_gd32f407.o
                0x0000000008009044                USBHS_EP1_Out_IRQHandler
                0x0000000008009044                EXTI2_IRQHandler
                0x0000000008009044                TIMER2_IRQHandler
                0x0000000008009044                DebugMon_Handler
                0x0000000008009044                LVD_IRQHandler
                0x0000000008009044                CAN1_EWMC_IRQHandler
                0x0000000008009044                HardFault_Handler
                0x0000000008009044                TIMER7_UP_TIMER12_IRQHandler
                0x0000000008009044                SDIO_IRQHandler
                0x0000000008009044                PendSV_Handler
                0x0000000008009044                NMI_Handler
                0x0000000008009044                EXTI3_IRQHandler
                0x0000000008009044                DCI_IRQHandler
                0x0000000008009044                USBFS_WKUP_IRQHandler
                0x0000000008009044                USBHS_IRQHandler
                0x0000000008009044                TIMER5_DAC_IRQHandler
                0x0000000008009044                TIMER0_TRG_CMT_TIMER10_IRQHandler
                0x0000000008009044                USBFS_IRQHandler
                0x0000000008009044                DMA0_Channel6_IRQHandler
                0x0000000008009044                I2C0_EV_IRQHandler
                0x0000000008009044                EXTI0_IRQHandler
                0x0000000008009044                I2C2_EV_IRQHandler
                0x0000000008009044                CAN1_RX0_IRQHandler
                0x0000000008009044                FPU_IRQHandler
                0x0000000008009044                TIMER7_TRG_CMT_TIMER13_IRQHandler
                0x0000000008009044                UsageFault_Handler
                0x0000000008009044                TIMER4_IRQHandler
                0x0000000008009044                SPI1_IRQHandler
                0x0000000008009044                DMA0_Channel0_IRQHandler
                0x0000000008009044                USART5_IRQHandler
                0x0000000008009044                TIMER0_BRK_TIMER8_IRQHandler
                0x0000000008009044                DMA1_Channel0_IRQHandler
                0x0000000008009044                TIMER7_BRK_TIMER11_IRQHandler
                0x0000000008009044                TIMER6_IRQHandler
                0x0000000008009044                DMA1_Channel4_IRQHandler
                0x0000000008009044                DMA0_Channel3_IRQHandler
                0x0000000008009044                I2C0_ER_IRQHandler
                0x0000000008009044                TIMER0_UP_TIMER9_IRQHandler
                0x0000000008009044                DMA1_Channel7_IRQHandler
                0x0000000008009044                CAN1_RX1_IRQHandler
                0x0000000008009044                DMA0_Channel2_IRQHandler
                0x0000000008009044                TIMER1_IRQHandler
                0x0000000008009044                I2C1_EV_IRQHandler
                0x0000000008009044                DMA1_Channel6_IRQHandler
                0x0000000008009044                UART4_IRQHandler
                0x0000000008009044                EXTI10_15_IRQHandler
                0x0000000008009044                DMA1_Channel1_IRQHandler
                0x0000000008009044                Default_Handler
                0x0000000008009044                TIMER7_Channel_IRQHandler
                0x0000000008009044                DMA0_Channel7_IRQHandler
                0x0000000008009044                ADC_IRQHandler
                0x0000000008009044                CAN0_TX_IRQHandler
                0x0000000008009044                WWDGT_IRQHandler
                0x0000000008009044                EXMC_IRQHandler
                0x0000000008009044                TAMPER_STAMP_IRQHandler
                0x0000000008009044                RTC_WKUP_IRQHandler
                0x0000000008009044                SPI2_IRQHandler
                0x0000000008009044                MemManage_Handler
                0x0000000008009044                CAN1_TX_IRQHandler
                0x0000000008009044                SVC_Handler
                0x0000000008009044                RCU_CTC_IRQHandler
                0x0000000008009044                DMA1_Channel5_IRQHandler
                0x0000000008009044                EXTI4_IRQHandler
                0x0000000008009044                CAN0_RX1_IRQHandler
                0x0000000008009044                DMA0_Channel5_IRQHandler
                0x0000000008009044                DMA1_Channel3_IRQHandler
                0x0000000008009044                EXTI5_9_IRQHandler
                0x0000000008009044                DMA0_Channel1_IRQHandler
                0x0000000008009044                TIMER0_Channel_IRQHandler
                0x0000000008009044                EXTI1_IRQHandler
                0x0000000008009044                ENET_WKUP_IRQHandler
                0x0000000008009044                USBHS_EP1_In_IRQHandler
                0x0000000008009044                SPI0_IRQHandler
                0x0000000008009044                USART2_IRQHandler
                0x0000000008009044                CAN0_EWMC_IRQHandler
                0x0000000008009044                CAN0_RX0_IRQHandler
                0x0000000008009044                I2C2_ER_IRQHandler
                0x0000000008009044                DMA1_Channel2_IRQHandler
                0x0000000008009044                BusFault_Handler
                0x0000000008009044                USART1_IRQHandler
                0x0000000008009044                UART3_IRQHandler
                0x0000000008009044                I2C1_ER_IRQHandler
                0x0000000008009044                FMC_IRQHandler
                0x0000000008009044                USBHS_WKUP_IRQHandler
                0x0000000008009044                DMA0_Channel4_IRQHandler
                0x0000000008009044                TRNG_IRQHandler
                0x0000000008009044                ENET_IRQHandler
                0x0000000008009044                RTC_Alarm_IRQHandler
 .text._ZN17PixelDmxStartStopD2Ev
                0x0000000008009046        0x2 build_gd32/firmware/main.o
                0x0000000008009046                PixelDmxStartStop::~PixelDmxStartStop()
                0x0000000008009046                PixelDmxStartStop::~PixelDmxStartStop()
 .text._ZN17PixelDmxStartStop5StartEv
                0x0000000008009048       0x10 build_gd32/firmware/main.o
                0x0000000008009048                PixelDmxStartStop::Start()
 .text._ZN17PixelDmxStartStop4StopEv
                0x0000000008009058       0x10 build_gd32/firmware/main.o
                0x0000000008009058                PixelDmxStartStop::Stop()
 .text._ZN10LLRPDevice7CopyUIDEPh
                0x0000000008009068        0x2 build_gd32/firmware/main.o
                0x0000000008009068                LLRPDevice::CopyUID(unsigned char*)
 .text._ZN10LLRPDevice7CopyCIDEPh
                0x000000000800906a        0x2 build_gd32/firmware/main.o
                0x000000000800906a                LLRPDevice::CopyCID(unsigned char*)
 .text._ZN10LLRPDevice20LLRPHandleRdmCommandEPKh
                0x000000000800906c        0x4 build_gd32/firmware/main.o
                0x000000000800906c                LLRPDevice::LLRPHandleRdmCommand(unsigned char const*)
 .text._ZN17PixelDmxStartStopD0Ev
                0x0000000008009070        0xc build_gd32/firmware/main.o
                0x0000000008009070                PixelDmxStartStop::~PixelDmxStartStop()
 .text._ZN12RDMNetDevice20LLRPHandleRdmCommandEPKh
                0x000000000800907c       0x1c build_gd32/firmware/main.o
                0x000000000800907c                RDMNetDevice::LLRPHandleRdmCommand(unsigned char const*)
                0x0000000008009090                non-virtual thunk to RDMNetDevice::LLRPHandleRdmCommand(unsigned char const*)
 .text._ZN10LLRPDeviceD2Ev
                0x0000000008009098       0x24 build_gd32/firmware/main.o
                0x0000000008009098                LLRPDevice::~LLRPDevice()
                0x0000000008009098                LLRPDevice::~LLRPDevice()
 .text._ZN10LLRPDeviceD0Ev
                0x00000000080090bc       0x12 build_gd32/firmware/main.o
                0x00000000080090bc                LLRPDevice::~LLRPDevice()
 .text._ZN7Display12SetCursorPosEmm.isra.0
                0x00000000080090ce        0xa build_gd32/firmware/main.o
 .text._ZN7Display7PutCharEi.isra.0
                0x00000000080090d8        0xa build_gd32/firmware/main.o
 *fill*         0x00000000080090e2        0x2 
 .text._ZN12RDMNetDeviceD2Ev
                0x00000000080090e4       0x3c build_gd32/firmware/main.o
                0x00000000080090e4                RDMNetDevice::~RDMNetDevice()
                0x00000000080090e4                RDMNetDevice::~RDMNetDevice()
                0x0000000008009118                non-virtual thunk to RDMNetDevice::~RDMNetDevice()
 .text._ZN12RDMNetDeviceD0Ev
                0x0000000008009120       0x18 build_gd32/firmware/main.o
                0x0000000008009120                RDMNetDevice::~RDMNetDevice()
                0x0000000008009132                non-virtual thunk to RDMNetDevice::~RDMNetDevice()
 .text.memcpy   0x0000000008009138       0x16 build_gd32/firmware/main.o
                0x0000000008009138                memcpy
 *fill*         0x000000000800914e        0x2 
 .text._ZN12RDMNetDevice7CopyCIDEPh
                0x0000000008009150       0x1c build_gd32/firmware/main.o
                0x0000000008009150                RDMNetDevice::CopyCID(unsigned char*)
                0x0000000008009164                non-virtual thunk to RDMNetDevice::CopyCID(unsigned char*)
 .text._ZN12RDMNetDevice7CopyUIDEPh
                0x000000000800916c       0x16 build_gd32/firmware/main.o
                0x000000000800916c                RDMNetDevice::CopyUID(unsigned char*)
                0x000000000800917c                non-virtual thunk to RDMNetDevice::CopyUID(unsigned char*)
 .text._ZN7Display6PrintfEmPKcz
                0x0000000008009182       0x38 build_gd32/firmware/main.o
                0x0000000008009182                Display::Printf(unsigned long, char const*, ...)
 .text._ZN7Display10TextStatusEPKc
                0x00000000080091ba       0x66 build_gd32/firmware/main.o
                0x00000000080091ba                Display::TextStatus(char const*)
 .text._ZN7Display10TextStatusEPKc22Display7SegmentMessagem
                0x0000000008009220       0x50 build_gd32/firmware/main.o
                0x0000000008009220                Display::TextStatus(char const*, Display7SegmentMessage, unsigned long)
 .text._ZN7Display8SetSleepEb
                0x0000000008009270       0x20 build_gd32/firmware/main.o
                0x0000000008009270                Display::SetSleep(bool)
 .text._ZN8hardware8ledblink7displayEm
                0x0000000008009290       0x40 build_gd32/firmware/main.o
                0x0000000008009290                hardware::ledblink::display(unsigned long)
 .text._ZN7display7timeout9gpio_initEv
                0x00000000080092d0       0x20 build_gd32/firmware/main.o
                0x00000000080092d0                display::timeout::gpio_init()
 .text._ZN7display7timeout10gpio_renewEv
                0x00000000080092f0       0x14 build_gd32/firmware/main.o
                0x00000000080092f0                display::timeout::gpio_renew()
 .text._ZN17PixelDmxStartStopC2Ev
                0x0000000008009304       0x48 build_gd32/firmware/main.o
                0x0000000008009304                PixelDmxStartStop::PixelDmxStartStop()
                0x0000000008009304                PixelDmxStartStop::PixelDmxStartStop()
 .text._ZN8Hardware13RebootHandlerEv
                0x000000000800934c       0x20 build_gd32/firmware/main.o
                0x000000000800934c                Hardware::RebootHandler()
 .text.startup.main
                0x000000000800936c      0x63c build_gd32/firmware/main.o
                0x000000000800936c                main
 .text._ZN12StoreNetwork8SaveDhcpEb
                0x00000000080099a8       0x30 build_gd32/lib/factorydefaults.o
                0x00000000080099a8                StoreNetwork::SaveDhcp(bool)
                0x00000000080099d0                non-virtual thunk to StoreNetwork::SaveDhcp(bool)
 .text._ZN3rdm6device9responder15factorydefaultsEv
                0x00000000080099d8       0x30 build_gd32/lib/factorydefaults.o
                0x00000000080099d8                rdm::device::responder::factorydefaults()
 .text._ZN18RDMSoftwareVersion10GetVersionEv
                0x0000000008009a08        0x8 build_gd32/lib/rdmsoftwareversion.o
                0x0000000008009a08                RDMSoftwareVersion::GetVersion()
 .text._ZN18RDMSoftwareVersion16GetVersionLengthEv
                0x0000000008009a10        0x4 build_gd32/lib/rdmsoftwareversion.o
                0x0000000008009a10                RDMSoftwareVersion::GetVersionLength()
 .text._ZN18RDMSoftwareVersion12GetVersionIdEv
                0x0000000008009a14        0x8 build_gd32/lib/rdmsoftwareversion.o
                0x0000000008009a14                RDMSoftwareVersion::GetVersionId()
 .text._itostr  0x0000000008009a1c       0x74 ../lib-c/lib_gd32/libc.a(printf.o)
 .text._xputch  0x0000000008009a90       0x30 ../lib-c/lib_gd32/libc.a(printf.o)
 .text._format_int
                0x0000000008009ac0       0xd4 ../lib-c/lib_gd32/libc.a(printf.o)
 .text._format_hex
                0x0000000008009b94       0xba ../lib-c/lib_gd32/libc.a(printf.o)
 *fill*         0x0000000008009c4e        0x2 
 .text._vprintf
                0x0000000008009c50      0x3b8 ../lib-c/lib_gd32/libc.a(printf.o)
 .text.printf   0x000000000800a008       0x1e ../lib-c/lib_gd32/libc.a(printf.o)
                0x000000000800a008                printf
 *fill*         0x000000000800a026        0x2 
 .text.sprintf  0x000000000800a028       0x30 ../lib-c/lib_gd32/libc.a(printf.o)
                0x000000000800a028                sprintf
 .text.snprintf
                0x000000000800a058       0x30 ../lib-c/lib_gd32/libc.a(printf.o)
                0x000000000800a058                snprintf
 .text.vsnprintf
                0x000000000800a088       0x20 ../lib-c/lib_gd32/libc.a(printf.o)
                0x000000000800a088                vsnprintf
 .text.puts     0x000000000800a0a8       0x10 ../lib-c/lib_gd32/libc.a(puts.o)
                0x000000000800a0a8                puts
 .text.__udivmoddi4
                0x000000000800a0b8      0x2c8 /Users/arjanvanvught/Library/xPacks/@xpack-dev-tools/arm-none-eabi-gcc/11.3.1-1.1.2/.content/bin/../lib/gcc/arm-none-eabi/11.3.1/thumb/v7e-m+fp/hard/libgcc.a(_udivmoddi4.o)
                0x000000000800a0b8                __udivmoddi4
 .text._ZN12RemoteConfig10HandleListEv
                0x000000000800a380       0xd0 ../lib-remoteconfig/lib_gd32/libremoteconfig.a(remoteconfig.o)
                0x000000000800a380                RemoteConfig::HandleList()
 .text._ZN12RemoteConfig16HandleDisplayGetEv
                0x000000000800a450       0x54 ../lib-remoteconfig/lib_gd32/libremoteconfig.a(remoteconfig.o)
                0x000000000800a450                RemoteConfig::HandleDisplayGet()
 .text._ZN12RemoteConfig13HandleTftpGetEv
                0x000000000800a4a4       0x50 ../lib-remoteconfig/lib_gd32/libremoteconfig.a(remoteconfig.o)
                0x000000000800a4a4                RemoteConfig::HandleTftpGet()
 .text._ZN12RemoteConfig13HandleVersionEv
                0x000000000800a4f4       0x40 ../lib-remoteconfig/lib_gd32/libremoteconfig.a(remoteconfig.o)
                0x000000000800a4f4                RemoteConfig::HandleVersion()
 .text._ZN12RemoteConfig12HandleUptimeEv
                0x000000000800a534       0x4c ../lib-remoteconfig/lib_gd32/libremoteconfig.a(remoteconfig.o)
                0x000000000800a534                RemoteConfig::HandleUptime()
 .text._ZN12RemoteConfig16HandleDisplaySetEv
                0x000000000800a580       0x28 ../lib-remoteconfig/lib_gd32/libremoteconfig.a(remoteconfig.o)
                0x000000000800a580                RemoteConfig::HandleDisplaySet()
 .text._ZN12RemoteConfig13HandleTftpSetEv
                0x000000000800a5a8       0x3c ../lib-remoteconfig/lib_gd32/libremoteconfig.a(remoteconfig.o)
                0x000000000800a5a8                RemoteConfig::HandleTftpSet()
 .text._ZN12RemoteConfigC2EN12remoteconfig4NodeENS0_6OutputEm
                0x000000000800a5e4       0x58 ../lib-remoteconfig/lib_gd32/libremoteconfig.a(remoteconfig.o)
                0x000000000800a5e4                RemoteConfig::RemoteConfig(remoteconfig::Node, remoteconfig::Output, unsigned long)
                0x000000000800a5e4                RemoteConfig::RemoteConfig(remoteconfig::Node, remoteconfig::Output, unsigned long)
 .text._ZNK12RemoteConfig13GetStringNodeEv
                0x000000000800a63c       0x18 ../lib-remoteconfig/lib_gd32/libremoteconfig.a(remoteconfig.o)
                0x000000000800a63c                RemoteConfig::GetStringNode() const
 .text._ZNK12RemoteConfig15GetStringOutputEv
                0x000000000800a654       0x18 ../lib-remoteconfig/lib_gd32/libremoteconfig.a(remoteconfig.o)
                0x000000000800a654                RemoteConfig::GetStringOutput() const
 .text._ZN12RemoteConfig10SetDisableEb
                0x000000000800a66c       0x32 ../lib-remoteconfig/lib_gd32/libremoteconfig.a(remoteconfig.o)
                0x000000000800a66c                RemoteConfig::SetDisable(bool)
 *fill*         0x000000000800a69e        0x2 
 .text._ZN12RemoteConfig14SetDisplayNameEPKc
                0x000000000800a6a0       0x30 ../lib-remoteconfig/lib_gd32/libremoteconfig.a(remoteconfig.o)
                0x000000000800a6a0                RemoteConfig::SetDisplayName(char const*)
 .text._ZN12RemoteConfig9HandleGetEPvm
                0x000000000800a6d0       0xb8 ../lib-remoteconfig/lib_gd32/libremoteconfig.a(remoteconfig.o)
                0x000000000800a6d0                RemoteConfig::HandleGet(void*, unsigned long)
 .text._ZN12RemoteConfig17HandleGetNoParamsEv
                0x000000000800a788        0x8 ../lib-remoteconfig/lib_gd32/libremoteconfig.a(remoteconfig.o)
                0x000000000800a788                RemoteConfig::HandleGetNoParams()
 .text._ZN12RemoteConfig19HandleGetRconfigTxtERm
                0x000000000800a790       0x30 ../lib-remoteconfig/lib_gd32/libremoteconfig.a(remoteconfig.o)
                0x000000000800a790                RemoteConfig::HandleGetRconfigTxt(unsigned long&)
 .text._ZN12RemoteConfig19HandleGetNetworkTxtERm
                0x000000000800a7c0       0x30 ../lib-remoteconfig/lib_gd32/libremoteconfig.a(remoteconfig.o)
                0x000000000800a7c0                RemoteConfig::HandleGetNetworkTxt(unsigned long&)
 .text._ZN12RemoteConfig19HandleGetDevicesTxtERm
                0x000000000800a7f0       0x30 ../lib-remoteconfig/lib_gd32/libremoteconfig.a(remoteconfig.o)
                0x000000000800a7f0                RemoteConfig::HandleGetDevicesTxt(unsigned long&)
 .text._ZN12RemoteConfig19HandleGetDisplayTxtERm
                0x000000000800a820       0x30 ../lib-remoteconfig/lib_gd32/libremoteconfig.a(remoteconfig.o)
                0x000000000800a820                RemoteConfig::HandleGetDisplayTxt(unsigned long&)
 .text._ZN12RemoteConfig9HandleSetEPvm
                0x000000000800a850       0x84 ../lib-remoteconfig/lib_gd32/libremoteconfig.a(remoteconfig.o)
                0x000000000800a850                RemoteConfig::HandleSet(void*, unsigned long)
 .text._ZN12RemoteConfig13HandleRequestEv
                0x000000000800a8d4      0x124 ../lib-remoteconfig/lib_gd32/libremoteconfig.a(remoteconfig.o)
                0x000000000800a8d4                RemoteConfig::HandleRequest()
 .text._ZN12RemoteConfig16HandleSetRconfigEv
                0x000000000800a9f8       0x30 ../lib-remoteconfig/lib_gd32/libremoteconfig.a(remoteconfig.o)
                0x000000000800a9f8                RemoteConfig::HandleSetRconfig()
 .text._ZN12RemoteConfig19HandleSetNetworkTxtEv
                0x000000000800aa28       0x28 ../lib-remoteconfig/lib_gd32/libremoteconfig.a(remoteconfig.o)
                0x000000000800aa28                RemoteConfig::HandleSetNetworkTxt()
 .text._ZN12RemoteConfig19HandleSetDevicesTxtEv
                0x000000000800aa50       0x28 ../lib-remoteconfig/lib_gd32/libremoteconfig.a(remoteconfig.o)
                0x000000000800aa50                RemoteConfig::HandleSetDevicesTxt()
 .text._ZN12RemoteConfig19HandleSetDisplayTxtEv
                0x000000000800aa78       0x28 ../lib-remoteconfig/lib_gd32/libremoteconfig.a(remoteconfig.o)
                0x000000000800aa78                RemoteConfig::HandleSetDisplayTxt()
 .text._ZN12RemoteConfig13HandleFactoryEv
                0x000000000800aaa0       0x1c ../lib-remoteconfig/lib_gd32/libremoteconfig.a(remoteconfigfactory.o)
                0x000000000800aaa0                RemoteConfig::HandleFactory()
 .text._ZN17PropertiesBuilder3AddEPKcb.isra.0
                0x000000000800aabc       0x50 ../lib-remoteconfig/lib_gd32/libremoteconfig.a(remoteconfigparams.o)
 .text._ZN18RemoteConfigParamsC2EP23RemoteConfigParamsStore
                0x000000000800ab0c       0x14 ../lib-remoteconfig/lib_gd32/libremoteconfig.a(remoteconfigparams.o)
                0x000000000800ab0c                RemoteConfigParams::RemoteConfigParams(RemoteConfigParamsStore*)
                0x000000000800ab0c                RemoteConfigParams::RemoteConfigParams(RemoteConfigParamsStore*)
 .text._ZN18RemoteConfigParams4LoadEv
                0x000000000800ab20       0x18 ../lib-remoteconfig/lib_gd32/libremoteconfig.a(remoteconfigparams.o)
                0x000000000800ab20                RemoteConfigParams::Load()
 .text._ZN18RemoteConfigParams4LoadEPKcm
                0x000000000800ab38       0x3c ../lib-remoteconfig/lib_gd32/libremoteconfig.a(remoteconfigparams.o)
                0x000000000800ab38                RemoteConfigParams::Load(char const*, unsigned long)
 .text._ZN18RemoteConfigParams7SetBoolEhm
                0x000000000800ab74       0x10 ../lib-remoteconfig/lib_gd32/libremoteconfig.a(remoteconfigparams.o)
                0x000000000800ab74                RemoteConfigParams::SetBool(unsigned char, unsigned long)
 .text._ZN18RemoteConfigParams16callbackFunctionEPKc
                0x000000000800ab84       0xac ../lib-remoteconfig/lib_gd32/libremoteconfig.a(remoteconfigparams.o)
                0x000000000800ab84                RemoteConfigParams::callbackFunction(char const*)
 .text._ZN18RemoteConfigParams22staticCallbackFunctionEPvPKc
                0x000000000800ac30        0x4 ../lib-remoteconfig/lib_gd32/libremoteconfig.a(remoteconfigparams.o)
                0x000000000800ac30                RemoteConfigParams::staticCallbackFunction(void*, char const*)
 .text._ZN18RemoteConfigParams7BuilderEPK19TRemoteConfigParamsPcmRm
                0x000000000800ac34      0x120 ../lib-remoteconfig/lib_gd32/libremoteconfig.a(remoteconfigparams.o)
                0x000000000800ac34                RemoteConfigParams::Builder(TRemoteConfigParams const*, char*, unsigned long, unsigned long&)
 .text._ZN18RemoteConfigParams3SetEP12RemoteConfig
                0x000000000800ad54       0x40 ../lib-remoteconfig/lib_gd32/libremoteconfig.a(remoteconfigparams.o)
                0x000000000800ad54                RemoteConfigParams::Set(RemoteConfig*)
 .text._ZN18RemoteConfigParams4DumpEv
                0x000000000800ad94        0x2 ../lib-remoteconfig/lib_gd32/libremoteconfig.a(remoteconfigparamsdump.o)
                0x000000000800ad94                RemoteConfigParams::Dump()
 *fill*         0x000000000800ad96        0x2 
 .text._ZN12RemoteConfig12HandleRebootEv
                0x000000000800ad98       0x98 ../lib-remoteconfig/lib_gd32/libremoteconfig.a(remoteconfigreboot.o)
                0x000000000800ad98                RemoteConfig::HandleReboot()
 .text._ZN12RemoteConfig8GetIndexEPKvRm
                0x000000000800ae30       0x54 ../lib-remoteconfig/lib_gd32/libremoteconfig.a(remoteconfigstatic.o)
                0x000000000800ae30                RemoteConfig::GetIndex(void const*, unsigned long&)
 .text._ZN12RemoteConfig21PlatformHandleTftpSetEv
                0x000000000800ae84       0x40 ../lib-remoteconfig/lib_gd32/libremoteconfig.a(remoteconfig.o)
                0x000000000800ae84                RemoteConfig::PlatformHandleTftpSet()
 .text._ZN12RemoteConfig21PlatformHandleTftpGetEv
                0x000000000800aec4       0x1a ../lib-remoteconfig/lib_gd32/libremoteconfig.a(remoteconfig.o)
                0x000000000800aec4                RemoteConfig::PlatformHandleTftpGet()
 .text.strcmp   0x000000000800aede       0x1a ../lib-remoteconfig/lib_gd32/libremoteconfig.a(httd.o)
                0x000000000800aede                strcmp
 .text.strcasecmp
                0x000000000800aef8       0x34 ../lib-remoteconfig/lib_gd32/libremoteconfig.a(httd.o)
                0x000000000800aef8                strcasecmp
 .text._ZN16PropertiesConfig10EnableJSONEb
                0x000000000800af2c       0x18 ../lib-remoteconfig/lib_gd32/libremoteconfig.a(httd.o)
                0x000000000800af2c                PropertiesConfig::EnableJSON(bool)
 .text._ZN10HttpDaemonC2Ev
                0x000000000800af44       0x38 ../lib-remoteconfig/lib_gd32/libremoteconfig.a(httd.o)
                0x000000000800af44                HttpDaemon::HttpDaemon()
                0x000000000800af44                HttpDaemon::HttpDaemon()
 .text._ZN10HttpDaemon11ParseMethodEPc
                0x000000000800af7c       0x8c ../lib-remoteconfig/lib_gd32/libremoteconfig.a(httd.o)
                0x000000000800af7c                HttpDaemon::ParseMethod(char*)
 .text._ZN10HttpDaemon16ParseHeaderFieldEPc
                0x000000000800b008       0x94 ../lib-remoteconfig/lib_gd32/libremoteconfig.a(httd.o)
                0x000000000800b008                HttpDaemon::ParseHeaderField(char*)
 .text._ZN10HttpDaemon12ParseRequestEv
                0x000000000800b09c       0x68 ../lib-remoteconfig/lib_gd32/libremoteconfig.a(httd.o)
                0x000000000800b09c                HttpDaemon::ParseRequest()
 .text._ZN10HttpDaemon12HandleGetTxtEv
                0x000000000800b104       0x88 ../lib-remoteconfig/lib_gd32/libremoteconfig.a(httd.o)
                0x000000000800b104                HttpDaemon::HandleGetTxt()
 .text._ZN10HttpDaemon9HandleGetEv
                0x000000000800b18c      0x120 ../lib-remoteconfig/lib_gd32/libremoteconfig.a(httd.o)
                0x000000000800b18c                HttpDaemon::HandleGet()
 .text._ZN10HttpDaemon10HandlePostEb
                0x000000000800b2ac      0x15c ../lib-remoteconfig/lib_gd32/libremoteconfig.a(httd.o)
                0x000000000800b2ac                HttpDaemon::HandlePost(bool)
 .text._ZN10HttpDaemon13HandleRequestEm
                0x000000000800b408      0x140 ../lib-remoteconfig/lib_gd32/libremoteconfig.a(httd.o)
                0x000000000800b408                HttpDaemon::HandleRequest(unsigned long)
 .text._ZN12remoteconfig13json_get_listEPct
                0x000000000800b548       0x60 ../lib-remoteconfig/lib_gd32/libremoteconfig.a(remoteconfigjson.o)
                0x000000000800b548                remoteconfig::json_get_list(char*, unsigned short)
 .text._ZN12remoteconfig16json_get_versionEPct
                0x000000000800b5a8       0x38 ../lib-remoteconfig/lib_gd32/libremoteconfig.a(remoteconfigjson.o)
                0x000000000800b5a8                remoteconfig::json_get_version(char*, unsigned short)
 .text._ZN12remoteconfig15json_get_uptimeEPct
                0x000000000800b5e0       0x20 ../lib-remoteconfig/lib_gd32/libremoteconfig.a(remoteconfigjson.o)
                0x000000000800b5e0                remoteconfig::json_get_uptime(char*, unsigned short)
 .text._ZN12remoteconfig16json_get_displayEPct
                0x000000000800b600       0x20 ../lib-remoteconfig/lib_gd32/libremoteconfig.a(remoteconfigjson.o)
                0x000000000800b600                remoteconfig::json_get_display(char*, unsigned short)
 .text._ZN12remoteconfig18json_get_directoryEPct
                0x000000000800b620       0x10 ../lib-remoteconfig/lib_gd32/libremoteconfig.a(remoteconfigjson.o)
                0x000000000800b620                remoteconfig::json_get_directory(char*, unsigned short)
 .text._Z16get_file_contentPKcPcRN4http12contentTypesE
                0x000000000800b630       0x4c ../lib-remoteconfig/lib_gd32/libremoteconfig.a(get_file_content.o)
                0x000000000800b630                get_file_content(char const*, char*, http::contentTypes&)
 .text.memcpy.isra.0
                0x000000000800b67c       0x14 ../lib-ddp/lib_gd32/libddp.a(ddpdisplay.o)
 .text._ZN8lightset4Data3GetEv
                0x000000000800b690       0x18 ../lib-ddp/lib_gd32/libddp.a(ddpdisplay.o)
                0x000000000800b690                lightset::Data::Get()
 .text._ZN10DdpDisplayC2Ev
                0x000000000800b6a8       0x34 ../lib-ddp/lib_gd32/libddp.a(ddpdisplay.o)
                0x000000000800b6a8                DdpDisplay::DdpDisplay()
                0x000000000800b6a8                DdpDisplay::DdpDisplay()
 .text._ZN10DdpDisplay16CalculateOffsetsEv
                0x000000000800b6dc       0x1c ../lib-ddp/lib_gd32/libddp.a(ddpdisplay.o)
                0x000000000800b6dc                DdpDisplay::CalculateOffsets()
 .text._ZN10DdpDisplay5StartEv
                0x000000000800b6f8       0x6c ../lib-ddp/lib_gd32/libddp.a(ddpdisplay.o)
                0x000000000800b6f8                DdpDisplay::Start()
 .text._ZN10DdpDisplay4StopEv
                0x000000000800b764       0x14 ../lib-ddp/lib_gd32/libddp.a(ddpdisplay.o)
                0x000000000800b764                DdpDisplay::Stop()
 .text._ZN10DdpDisplay11HandleQueryEv
                0x000000000800b778      0x1d0 ../lib-ddp/lib_gd32/libddp.a(ddpdisplay.o)
                0x000000000800b778                DdpDisplay::HandleQuery()
 .text._ZN10DdpDisplay10HandleDataEv
                0x000000000800b948      0x10c ../lib-ddp/lib_gd32/libddp.a(ddpdisplay.o)
                0x000000000800b948                DdpDisplay::HandleData()
 .text._ZN10DdpDisplay3RunEv
                0x000000000800ba54       0x5c ../lib-ddp/lib_gd32/libddp.a(ddpdisplay.o)
                0x000000000800ba54                DdpDisplay::Run()
 .text._ZN10DdpDisplay5PrintEv
                0x000000000800bab0       0x3c ../lib-ddp/lib_gd32/libddp.a(ddpdisplay.o)
                0x000000000800bab0                DdpDisplay::Print()
 .text.memcpy.isra.0
                0x000000000800baec       0x14 ../lib-rdmnet/lib_gd32/librdmnet.a(llrpdevice.o)
 .text._ZN10LLRPDevice20HandleRequestMessageEv
                0x000000000800bb00       0xa8 ../lib-rdmnet/lib_gd32/librdmnet.a(llrpdevice.o)
                0x000000000800bb00                LLRPDevice::HandleRequestMessage()
 .text._ZN10LLRPDevice16HandleRdmCommandEv
                0x000000000800bba8       0x9c ../lib-rdmnet/lib_gd32/librdmnet.a(llrpdevice.o)
                0x000000000800bba8                LLRPDevice::HandleRdmCommand()
 .text._ZN10LLRPDevice3RunEv
                0x000000000800bc44       0x4c ../lib-rdmnet/lib_gd32/librdmnet.a(llrpdevice.o)
                0x000000000800bc44                LLRPDevice::Run()
 .text._ZN10LLRPDevice5PrintEv
                0x000000000800bc90       0x48 ../lib-rdmnet/lib_gd32/librdmnet.a(llrpdevice.o)
                0x000000000800bc90                LLRPDevice::Print()
 .text._ZN12RDMNetDevice5PrintEv
                0x000000000800bcd8       0x40 ../lib-rdmnet/lib_gd32/librdmnet.a(rdmnetdevice.o)
                0x000000000800bcd8                RDMNetDevice::Print()
 .text._ZN10RDMSensorsC2Ev
                0x000000000800bd18       0x10 ../lib-rdmsensor/lib_gd32/librdmsensor.a(rdmsensors.o)
                0x000000000800bd18                RDMSensors::RDMSensors()
                0x000000000800bd18                RDMSensors::RDMSensors()
 .text._ZN10RDMSensorsD2Ev
                0x000000000800bd28       0x30 ../lib-rdmsensor/lib_gd32/librdmsensor.a(rdmsensors.o)
                0x000000000800bd28                RDMSensors::~RDMSensors()
                0x000000000800bd28                RDMSensors::~RDMSensors()
 .text._ZN13RDMSubDevicesC2Ev
                0x000000000800bd58       0x10 ../lib-rdmsubdevice/lib_gd32/librdmsubdevice.a(rdmsubdevices.o)
                0x000000000800bd58                RDMSubDevices::RDMSubDevices()
                0x000000000800bd58                RDMSubDevices::RDMSubDevices()
 .text._ZN13RDMSubDevicesD2Ev
                0x000000000800bd68       0x30 ../lib-rdmsubdevice/lib_gd32/librdmsubdevice.a(rdmsubdevices.o)
                0x000000000800bd68                RDMSubDevices::~RDMSubDevices()
                0x000000000800bd68                RDMSubDevices::~RDMSubDevices()
 .text._ZN13RDMSubDevices7GetInfoEt
                0x000000000800bd98       0x10 ../lib-rdmsubdevice/lib_gd32/librdmsubdevice.a(rdmsubdevices.o)
                0x000000000800bd98                RDMSubDevices::GetInfo(unsigned short)
 .text._ZN13RDMSubDevices8GetLabelEtP18TRDMDeviceInfoData
                0x000000000800bda8       0x12 ../lib-rdmsubdevice/lib_gd32/librdmsubdevice.a(rdmsubdevices.o)
                0x000000000800bda8                RDMSubDevices::GetLabel(unsigned short, TRDMDeviceInfoData*)
 .text._ZN13RDMSubDevices8SetLabelEtPKch
                0x000000000800bdba       0x1c ../lib-rdmsubdevice/lib_gd32/librdmsubdevice.a(rdmsubdevices.o)
                0x000000000800bdba                RDMSubDevices::SetLabel(unsigned short, char const*, unsigned char)
 .text._ZN13RDMSubDevices18GetFactoryDefaultsEv
                0x000000000800bdd6       0x26 ../lib-rdmsubdevice/lib_gd32/librdmsubdevice.a(rdmsubdevices.o)
                0x000000000800bdd6                RDMSubDevices::GetFactoryDefaults()
 .text._ZN13RDMSubDevices18SetFactoryDefaultsEv
                0x000000000800bdfc       0x1e ../lib-rdmsubdevice/lib_gd32/librdmsubdevice.a(rdmsubdevices.o)
                0x000000000800bdfc                RDMSubDevices::SetFactoryDefaults()
 .text._ZN12RDMSubDevice8GetLabelEP18TRDMDeviceInfoData
                0x000000000800be1a        0xe ../lib-rdmsubdevice/lib_gd32/librdmsubdevice.a(rdmsubdevice.o)
                0x000000000800be1a                RDMSubDevice::GetLabel(TRDMDeviceInfoData*)
 .text._ZN12RDMSubDevice8SetLabelEPKc
                0x000000000800be28       0x1c ../lib-rdmsubdevice/lib_gd32/librdmsubdevice.a(rdmsubdevice.o)
                0x000000000800be28                RDMSubDevice::SetLabel(char const*)
 .text._ZN12RDMSubDevice8SetLabelEPKch
                0x000000000800be44       0x1e ../lib-rdmsubdevice/lib_gd32/librdmsubdevice.a(rdmsubdevice.o)
                0x000000000800be44                RDMSubDevice::SetLabel(char const*, unsigned char)
 .text._ZN12RDMSubDevice18SetFactoryDefaultsEv
                0x000000000800be62       0x1c ../lib-rdmsubdevice/lib_gd32/librdmsubdevice.a(rdmsubdevice.o)
                0x000000000800be62                RDMSubDevice::SetFactoryDefaults()
 .text._ZN12RDMSubDevice17CalculateChecksumEv
                0x000000000800be7e       0x30 ../lib-rdmsubdevice/lib_gd32/librdmsubdevice.a(rdmsubdevice.o)
                0x000000000800be7e                RDMSubDevice::CalculateChecksum()
 .text._ZN12RDMSubDevice18GetFactoryDefaultsEv
                0x000000000800beae       0x1a ../lib-rdmsubdevice/lib_gd32/librdmsubdevice.a(rdmsubdevice.o)
                0x000000000800beae                RDMSubDevice::GetFactoryDefaults()
 .text._ZN15RDMDeviceParamsC2EP20RDMDeviceParamsStore
                0x000000000800bec8       0x2a ../lib-rdm/lib_gd32/librdm.a(rdmdeviceparams.o)
                0x000000000800bec8                RDMDeviceParams::RDMDeviceParams(RDMDeviceParamsStore*)
                0x000000000800bec8                RDMDeviceParams::RDMDeviceParams(RDMDeviceParamsStore*)
 .text._ZN15RDMDeviceParams4LoadEv
                0x000000000800bef2       0x16 ../lib-rdm/lib_gd32/librdm.a(rdmdeviceparams.o)
                0x000000000800bef2                RDMDeviceParams::Load()
 .text._ZN15RDMDeviceParams3SetEP9RDMDevice
                0x000000000800bf08       0x6a ../lib-rdm/lib_gd32/librdm.a(rdmdeviceparams.o)
                0x000000000800bf08                RDMDeviceParams::Set(RDMDevice*)
 .text._ZN15RDMDeviceParams4DumpEv
                0x000000000800bf72        0x2 ../lib-rdm/lib_gd32/librdm.a(rdmdeviceparams.o)
                0x000000000800bf72                RDMDeviceParams::Dump()
 .text._ZN18RDMDeviceResponder17PersonalityUpdateEP8LightSet
                0x000000000800bf74        0x2 ../lib-rdm/lib_gd32/librdm.a(rdmdeviceresponder.o)
                0x000000000800bf74                RDMDeviceResponder::PersonalityUpdate(LightSet*)
 .text._ZN18RDMDeviceResponder21DmxStartAddressUpdateEv
                0x000000000800bf76        0x2 ../lib-rdm/lib_gd32/librdm.a(rdmdeviceresponder.o)
                0x000000000800bf76                RDMDeviceResponder::DmxStartAddressUpdate()
 .text._ZN18RDMDeviceResponderD2Ev
                0x000000000800bf78       0x20 ../lib-rdm/lib_gd32/librdm.a(rdmdeviceresponder.o)
                0x000000000800bf78                RDMDeviceResponder::~RDMDeviceResponder()
                0x000000000800bf78                RDMDeviceResponder::~RDMDeviceResponder()
 .text._ZN18RDMDeviceResponderD0Ev
                0x000000000800bf98       0x12 ../lib-rdm/lib_gd32/librdm.a(rdmdeviceresponder.o)
                0x000000000800bf98                RDMDeviceResponder::~RDMDeviceResponder()
 *fill*         0x000000000800bfaa        0x2 
 .text._ZN18RDMDeviceResponderC2EPP14RDMPersonalitym
                0x000000000800bfac       0x9c ../lib-rdm/lib_gd32/librdm.a(rdmdeviceresponder.o)
                0x000000000800bfac                RDMDeviceResponder::RDMDeviceResponder(RDMPersonality**, unsigned long)
                0x000000000800bfac                RDMDeviceResponder::RDMDeviceResponder(RDMPersonality**, unsigned long)
 .text._ZN18RDMDeviceResponder4InitEv
                0x000000000800c048      0x128 ../lib-rdm/lib_gd32/librdm.a(rdmdeviceresponder.o)
                0x000000000800c048                RDMDeviceResponder::Init()
 .text._ZN18RDMDeviceResponder5PrintEv
                0x000000000800c170       0x9c ../lib-rdm/lib_gd32/librdm.a(rdmdeviceresponder.o)
                0x000000000800c170                RDMDeviceResponder::Print()
 .text.memcpy.isra.0
                0x000000000800c20c       0x14 ../lib-rdm/lib_gd32/librdm.a(rdmhandler.o)
 .text.memcmp   0x000000000800c220       0x20 ../lib-rdm/lib_gd32/librdm.a(rdmhandler.o)
                0x000000000800c220                memcmp
 .text._ZN9RDMDevice8SetLabelEPK18TRDMDeviceInfoData
                0x000000000800c240       0x44 ../lib-rdm/lib_gd32/librdm.a(rdmhandler.o)
                0x000000000800c240                RDMDevice::SetLabel(TRDMDeviceInfoData const*)
 .text._ZN18RDMDeviceResponder18SetFactoryDefaultsEv
                0x000000000800c284      0x100 ../lib-rdm/lib_gd32/librdm.a(rdmhandler.o)
                0x000000000800c284                RDMDeviceResponder::SetFactoryDefaults()
 .text._ZN10RDMHandlerC2Eb
                0x000000000800c384        0xc ../lib-rdm/lib_gd32/librdm.a(rdmhandler.o)
                0x000000000800c384                RDMHandler::RDMHandler(bool)
                0x000000000800c384                RDMHandler::RDMHandler(bool)
 .text._ZN10RDMHandler12HandleStringEPKcm
                0x000000000800c390       0x18 ../lib-rdm/lib_gd32/librdm.a(rdmhandler.o)
                0x000000000800c390                RDMHandler::HandleString(char const*, unsigned long)
 .text._ZN10RDMHandler20CreateRespondMessageEht
                0x000000000800c3a8       0x98 ../lib-rdm/lib_gd32/librdm.a(rdmhandler.o)
                0x000000000800c3a8                RDMHandler::CreateRespondMessage(unsigned char, unsigned short)
 .text._ZN10RDMHandler17RespondMessageAckEv
                0x000000000800c440       0x12 ../lib-rdm/lib_gd32/librdm.a(rdmhandler.o)
                0x000000000800c440                RDMHandler::RespondMessageAck()
 *fill*         0x000000000800c452        0x2 
 .text._ZN10RDMHandler13GetDeviceInfoEt
                0x000000000800c454       0x68 ../lib-rdm/lib_gd32/librdm.a(rdmhandler.o)
                0x000000000800c454                RDMHandler::GetDeviceInfo(unsigned short)
 .text._ZN10RDMHandler18GetFactoryDefaultsEt
                0x000000000800c4bc       0x80 ../lib-rdm/lib_gd32/librdm.a(rdmhandler.o)
                0x000000000800c4bc                RDMHandler::GetFactoryDefaults(unsigned short)
 .text._ZN10RDMHandler25GetDeviceModelDescriptionEt
                0x000000000800c53c       0x1c ../lib-rdm/lib_gd32/librdm.a(rdmhandler.o)
                0x000000000800c53c                RDMHandler::GetDeviceModelDescription(unsigned short)
 .text._ZN10RDMHandler20GetManufacturerLabelEt
                0x000000000800c558       0x20 ../lib-rdm/lib_gd32/librdm.a(rdmhandler.o)
                0x000000000800c558                RDMHandler::GetManufacturerLabel(unsigned short)
 .text._ZN10RDMHandler14GetDeviceLabelEt
                0x000000000800c578       0x3c ../lib-rdm/lib_gd32/librdm.a(rdmhandler.o)
                0x000000000800c578                RDMHandler::GetDeviceLabel(unsigned short)
 .text._ZN10RDMHandler17GetIdentifyDeviceEt
                0x000000000800c5b4       0x14 ../lib-rdm/lib_gd32/librdm.a(rdmhandler.o)
                0x000000000800c5b4                RDMHandler::GetIdentifyDevice(unsigned short)
 .text._ZN10RDMHandler18RespondMessageNackEt
                0x000000000800c5c8        0x8 ../lib-rdm/lib_gd32/librdm.a(rdmhandler.o)
                0x000000000800c5c8                RDMHandler::RespondMessageNack(unsigned short)
 .text._ZN10RDMHandler14SetResetDeviceEbt
                0x000000000800c5d0       0x48 ../lib-rdm/lib_gd32/librdm.a(rdmhandler.o)
                0x000000000800c5d0                RDMHandler::SetResetDevice(bool, unsigned short)
 .text._ZN10RDMHandler17SetIdentifyDeviceEbt
                0x000000000800c618       0x7c ../lib-rdm/lib_gd32/librdm.a(rdmhandler.o)
                0x000000000800c618                RDMHandler::SetIdentifyDevice(bool, unsigned short)
 .text._ZN10RDMHandler18SetFactoryDefaultsEbt
                0x000000000800c694       0x34 ../lib-rdm/lib_gd32/librdm.a(rdmhandler.o)
                0x000000000800c694                RDMHandler::SetFactoryDefaults(bool, unsigned short)
 .text._ZN10RDMHandler14SetDeviceLabelEbt
                0x000000000800c6c8       0x58 ../lib-rdm/lib_gd32/librdm.a(rdmhandler.o)
                0x000000000800c6c8                RDMHandler::SetDeviceLabel(bool, unsigned short)
 .text._ZN10RDMHandler8HandlersEbhtht
                0x000000000800c720       0xe0 ../lib-rdm/lib_gd32/librdm.a(rdmhandler.o)
                0x000000000800c720                RDMHandler::Handlers(bool, unsigned char, unsigned short, unsigned char, unsigned short)
 .text._ZN10RDMHandler10HandleDataEPKhPh
                0x000000000800c800      0x19c ../lib-rdm/lib_gd32/librdm.a(rdmhandler.o)
                0x000000000800c800                RDMHandler::HandleData(unsigned char const*, unsigned char*)
 .text._ZN11RDMIdentifyC2Ev
                0x000000000800c99c        0xc ../lib-rdm/lib_gd32/librdm.a(rdmidentify.o)
                0x000000000800c99c                RDMIdentify::RDMIdentify()
                0x000000000800c99c                RDMIdentify::RDMIdentify()
 .text._ZN11RDMIdentify2OnEN3rdm8identify4ModeE
                0x000000000800c9a8        0x2 ../lib-rdm/lib_gd32/librdm.a(rdmidentify.o)
                0x000000000800c9a8                RDMIdentify::On(rdm::identify::Mode)
 .text._ZN11RDMIdentify3OffEN3rdm8identify4ModeE
                0x000000000800c9aa        0x2 ../lib-rdm/lib_gd32/librdm.a(rdmidentify.o)
                0x000000000800c9aa                RDMIdentify::Off(rdm::identify::Mode)
 .text.memcpy.isra.0
                0x000000000800c9ac       0x14 ../lib-rdm/lib_gd32/librdm.a(rdmhandlere1372.o)
 .text._ZN10RDMHandler16GetInterfaceListEt
                0x000000000800c9c0       0x28 ../lib-rdm/lib_gd32/librdm.a(rdmhandlere1372.o)
                0x000000000800c9c0                RDMHandler::GetInterfaceList(unsigned short)
 .text._ZN10RDMHandler16GetInterfaceNameEt
                0x000000000800c9e8       0x50 ../lib-rdm/lib_gd32/librdm.a(rdmhandlere1372.o)
                0x000000000800c9e8                RDMHandler::GetInterfaceName(unsigned short)
 .text._ZN10RDMHandler18GetHardwareAddressEt
                0x000000000800ca38       0x38 ../lib-rdm/lib_gd32/librdm.a(rdmhandlere1372.o)
                0x000000000800ca38                RDMHandler::GetHardwareAddress(unsigned short)
 .text._ZN10RDMHandler11GetDHCPModeEt
                0x000000000800ca70       0x30 ../lib-rdm/lib_gd32/librdm.a(rdmhandlere1372.o)
                0x000000000800ca70                RDMHandler::GetDHCPMode(unsigned short)
 .text._ZN10RDMHandler11SetDHCPModeEbt
                0x000000000800caa0       0x48 ../lib-rdm/lib_gd32/librdm.a(rdmhandlere1372.o)
                0x000000000800caa0                RDMHandler::SetDHCPMode(bool, unsigned short)
 .text._ZN10RDMHandler14GetNameServersEt
                0x000000000800cae8       0x22 ../lib-rdm/lib_gd32/librdm.a(rdmhandlere1372.o)
                0x000000000800cae8                RDMHandler::GetNameServers(unsigned short)
 *fill*         0x000000000800cb0a        0x2 
 .text._ZN10RDMHandler11GetZeroconfEt
                0x000000000800cb0c       0x34 ../lib-rdm/lib_gd32/librdm.a(rdmhandlere1372.o)
                0x000000000800cb0c                RDMHandler::GetZeroconf(unsigned short)
 .text._ZN10RDMHandler11SetZeroconfEbt
                0x000000000800cb40       0x48 ../lib-rdm/lib_gd32/librdm.a(rdmhandlere1372.o)
                0x000000000800cb40                RDMHandler::SetZeroconf(bool, unsigned short)
 .text._ZN10RDMHandler9RenewDhcpEbt
                0x000000000800cb88       0x2c ../lib-rdm/lib_gd32/librdm.a(rdmhandlere1372.o)
                0x000000000800cb88                RDMHandler::RenewDhcp(bool, unsigned short)
 .text._ZN10RDMHandler17GetAddressNetmaskEt
                0x000000000800cbb4       0x50 ../lib-rdm/lib_gd32/librdm.a(rdmhandlere1372.o)
                0x000000000800cbb4                RDMHandler::GetAddressNetmask(unsigned short)
 .text._ZN10RDMHandler16GetStaticAddressEt
                0x000000000800cc04       0x48 ../lib-rdm/lib_gd32/librdm.a(rdmhandlere1372.o)
                0x000000000800cc04                RDMHandler::GetStaticAddress(unsigned short)
 .text._ZN10RDMHandler16SetStaticAddressEbt
                0x000000000800cc4c       0x50 ../lib-rdm/lib_gd32/librdm.a(rdmhandlere1372.o)
                0x000000000800cc4c                RDMHandler::SetStaticAddress(bool, unsigned short)
 .text._ZN10RDMHandler18ApplyConfigurationEbt
                0x000000000800cc9c       0x28 ../lib-rdm/lib_gd32/librdm.a(rdmhandlere1372.o)
                0x000000000800cc9c                RDMHandler::ApplyConfiguration(bool, unsigned short)
 .text._ZN10RDMHandler15GetDefaultRouteEt
                0x000000000800ccc4       0x3c ../lib-rdm/lib_gd32/librdm.a(rdmhandlere1372.o)
                0x000000000800ccc4                RDMHandler::GetDefaultRoute(unsigned short)
 .text._ZN10RDMHandler15SetDefaultRouteEbt
                0x000000000800cd00        0x6 ../lib-rdm/lib_gd32/librdm.a(rdmhandlere1372.o)
                0x000000000800cd00                RDMHandler::SetDefaultRoute(bool, unsigned short)
 *fill*         0x000000000800cd06        0x2 
 .text._ZN10RDMHandler11GetHostNameEt
                0x000000000800cd08       0x30 ../lib-rdm/lib_gd32/librdm.a(rdmhandlere1372.o)
                0x000000000800cd08                RDMHandler::GetHostName(unsigned short)
 .text._ZN10RDMHandler11SetHostNameEbt
                0x000000000800cd38       0x34 ../lib-rdm/lib_gd32/librdm.a(rdmhandlere1372.o)
                0x000000000800cd38                RDMHandler::SetHostName(bool, unsigned short)
 .text._ZN10RDMHandler13GetDomainNameEt
                0x000000000800cd6c       0x30 ../lib-rdm/lib_gd32/librdm.a(rdmhandlere1372.o)
                0x000000000800cd6c                RDMHandler::GetDomainName(unsigned short)
 .text._ZN10RDMHandler13SetDomainNameEbt
                0x000000000800cd9c        0x6 ../lib-rdm/lib_gd32/librdm.a(rdmhandlere1372.o)
                0x000000000800cd9c                RDMHandler::SetDomainName(bool, unsigned short)
 .text.memcpy.isra.0
                0x000000000800cda2       0x14 ../lib-rdm/lib_gd32/librdm.a(rdmdevice.o)
 *fill*         0x000000000800cdb6        0x2 
 .text._ZN9RDMDeviceC2Ev
                0x000000000800cdb8       0xcc ../lib-rdm/lib_gd32/librdm.a(rdmdevice.o)
                0x000000000800cdb8                RDMDevice::RDMDevice()
                0x000000000800cdb8                RDMDevice::RDMDevice()
 .text._ZN9RDMDevice5PrintEv
                0x000000000800ce84       0x84 ../lib-rdm/lib_gd32/librdm.a(rdmdevice.o)
                0x000000000800ce84                RDMDevice::Print()
 .text.uuid_unparse_x
                0x000000000800cf08       0x7e ../lib-uuid/lib_gd32/libuuid.a(uuid_unparse.o)
 *fill*         0x000000000800cf86        0x2 
 .text.uuid_unparse
                0x000000000800cf88        0xc ../lib-uuid/lib_gd32/libuuid.a(uuid_unparse.o)
                0x000000000800cf88                uuid_unparse
 .text._ZN14WS28xxDmxMulti18SetDmxStartAddressEt
                0x000000000800cf94        0x4 ../lib-ws28xxdmx/lib_gd32/libws28xxdmx.a(ws28xxdmxmulti.o)
                0x000000000800cf94                WS28xxDmxMulti::SetDmxStartAddress(unsigned short)
 .text._ZN14WS28xxDmxMulti18GetDmxStartAddressEv
                0x000000000800cf98        0x6 ../lib-ws28xxdmx/lib_gd32/libws28xxdmx.a(ws28xxdmxmulti.o)
                0x000000000800cf98                WS28xxDmxMulti::GetDmxStartAddress()
 .text._ZN14WS28xxDmxMulti15GetDmxFootprintEv
                0x000000000800cf9e        0x4 ../lib-ws28xxdmx/lib_gd32/libws28xxdmx.a(ws28xxdmxmulti.o)
                0x000000000800cf9e                WS28xxDmxMulti::GetDmxFootprint()
 .text._ZN14WS28xxDmxMulti5StartEm
                0x000000000800cfa2       0x22 ../lib-ws28xxdmx/lib_gd32/libws28xxdmx.a(ws28xxdmxmulti.o)
                0x000000000800cfa2                WS28xxDmxMulti::Start(unsigned long)
 .text._ZN14WS28xxDmxMultiD2Ev
                0x000000000800cfc4       0x20 ../lib-ws28xxdmx/lib_gd32/libws28xxdmx.a(ws28xxdmxmulti.o)
                0x000000000800cfc4                WS28xxDmxMulti::~WS28xxDmxMulti()
                0x000000000800cfc4                WS28xxDmxMulti::~WS28xxDmxMulti()
 .text._ZN14WS28xxDmxMultiD0Ev
                0x000000000800cfe4       0x12 ../lib-ws28xxdmx/lib_gd32/libws28xxdmx.a(ws28xxdmxmulti.o)
                0x000000000800cfe4                WS28xxDmxMulti::~WS28xxDmxMulti()
 .text._ZN14WS28xxDmxMulti8BlackoutEb
                0x000000000800cff6       0x28 ../lib-ws28xxdmx/lib_gd32/libws28xxdmx.a(ws28xxdmxmulti.o)
                0x000000000800cff6                WS28xxDmxMulti::Blackout(bool)
 .text._ZN14WS28xxDmxMulti7SetDataEmPKhm
                0x000000000800d01e      0x130 ../lib-ws28xxdmx/lib_gd32/libws28xxdmx.a(ws28xxdmxmulti.o)
                0x000000000800d01e                WS28xxDmxMulti::SetData(unsigned long, unsigned char const*, unsigned long)
 .text._ZN14WS28xxDmxMulti6FullOnEv
                0x000000000800d14e       0x18 ../lib-ws28xxdmx/lib_gd32/libws28xxdmx.a(ws28xxdmxmulti.o)
                0x000000000800d14e                WS28xxDmxMulti::FullOn()
 .text._ZN14WS28xxDmxMulti5PrintEv
                0x000000000800d166        0x6 ../lib-ws28xxdmx/lib_gd32/libws28xxdmx.a(ws28xxdmxmulti.o)
                0x000000000800d166                WS28xxDmxMulti::Print()
 .text._ZN14WS28xxDmxMulti4StopEm
                0x000000000800d16c       0x20 ../lib-ws28xxdmx/lib_gd32/libws28xxdmx.a(ws28xxdmxmulti.o)
                0x000000000800d16c                WS28xxDmxMulti::Stop(unsigned long)
 .text._ZN14WS28xxDmxMultiC2ER21PixelDmxConfiguration
                0x000000000800d18c       0x5c ../lib-ws28xxdmx/lib_gd32/libws28xxdmx.a(ws28xxdmxmulti.o)
                0x000000000800d18c                WS28xxDmxMulti::WS28xxDmxMulti(PixelDmxConfiguration&)
                0x000000000800d18c                WS28xxDmxMulti::WS28xxDmxMulti(PixelDmxConfiguration&)
 .text._ZN17PropertiesBuilder3AddIhEEbPKcT_bm.isra.0
                0x000000000800d1e8       0x50 ../lib-ws28xxdmx/lib_gd32/libws28xxdmx.a(pixeldmxparams.o)
 .text._ZN17PropertiesBuilder3AddItEEbPKcT_bm.isra.0
                0x000000000800d238       0x50 ../lib-ws28xxdmx/lib_gd32/libws28xxdmx.a(pixeldmxparams.o)
 .text._ZN17PropertiesBuilder3AddIPKcEEbS2_T_bm.isra.0
                0x000000000800d288       0x50 ../lib-ws28xxdmx/lib_gd32/libws28xxdmx.a(pixeldmxparams.o)
 .text._ZN17PropertiesBuilder3AddIfEEbPKcT_bm.isra.0
                0x000000000800d2d8       0x84 ../lib-ws28xxdmx/lib_gd32/libws28xxdmx.a(pixeldmxparams.o)
 .text._ZN14PixelDmxParamsC2EP19PixelDmxParamsStore
                0x000000000800d35c       0x44 ../lib-ws28xxdmx/lib_gd32/libws28xxdmx.a(pixeldmxparams.o)
                0x000000000800d35c                PixelDmxParams::PixelDmxParams(PixelDmxParamsStore*)
                0x000000000800d35c                PixelDmxParams::PixelDmxParams(PixelDmxParamsStore*)
 .text._ZN14PixelDmxParams4LoadEv
                0x000000000800d3a0       0x18 ../lib-ws28xxdmx/lib_gd32/libws28xxdmx.a(pixeldmxparams.o)
                0x000000000800d3a0                PixelDmxParams::Load()
 .text._ZN14PixelDmxParams4LoadEPKcm
                0x000000000800d3b8       0x3c ../lib-ws28xxdmx/lib_gd32/libws28xxdmx.a(pixeldmxparams.o)
                0x000000000800d3b8                PixelDmxParams::Load(char const*, unsigned long)
 .text._ZN14PixelDmxParams16callbackFunctionEPKc
                0x000000000800d3f4      0x2c0 ../lib-ws28xxdmx/lib_gd32/libws28xxdmx.a(pixeldmxparams.o)
                0x000000000800d3f4                PixelDmxParams::callbackFunction(char const*)
 .text._ZN14PixelDmxParams22staticCallbackFunctionEPvPKc
                0x000000000800d6b4        0x4 ../lib-ws28xxdmx/lib_gd32/libws28xxdmx.a(pixeldmxparams.o)
                0x000000000800d6b4                PixelDmxParams::staticCallbackFunction(void*, char const*)
 .text._ZN14PixelDmxParams7BuilderEPKN14pixeldmxparams6ParamsEPcmRm
                0x000000000800d6b8      0x2e8 ../lib-ws28xxdmx/lib_gd32/libws28xxdmx.a(pixeldmxparams.o)
                0x000000000800d6b8                PixelDmxParams::Builder(pixeldmxparams::Params const*, char*, unsigned long, unsigned long&)
 .text._ZN14PixelDmxParams3SetEP21PixelDmxConfiguration
                0x000000000800d9a0       0x8a ../lib-ws28xxdmx/lib_gd32/libws28xxdmx.a(pixeldmxparams.o)
                0x000000000800d9a0                PixelDmxParams::Set(PixelDmxConfiguration*)
 .text._ZN14PixelDmxParams4DumpEv
                0x000000000800da2a        0x2 ../lib-ws28xxdmx/lib_gd32/libws28xxdmx.a(pixeldmxparamsdump.o)
                0x000000000800da2a                PixelDmxParams::Dump()
 .text._ZN21PixelDmxConfiguration8ValidateEmRmRN21pixeldmxconfiguration8PortInfoE
                0x000000000800da2c       0x86 ../lib-ws28xxdmx/lib_gd32/libws28xxdmx.a(pixeldmxconfiguration.o)
                0x000000000800da2c                PixelDmxConfiguration::Validate(unsigned long, unsigned long&, pixeldmxconfiguration::PortInfo&)
 *fill*         0x000000000800dab2        0x2 
 .text._ZN21PixelDmxConfiguration5PrintEv
                0x000000000800dab4       0x30 ../lib-ws28xxdmx/lib_gd32/libws28xxdmx.a(pixeldmxconfiguration.o)
                0x000000000800dab4                PixelDmxConfiguration::Print()
 .text._ZN18PixelConfiguration6GetTxHEN5pixel4TypeERhS2_
                0x000000000800dae4       0x1a ../lib-ws28xx/lib_gd32/libws28xx.a(pixelconfiguration.o)
                0x000000000800dae4                PixelConfiguration::GetTxH(pixel::Type, unsigned char&, unsigned char&)
 *fill*         0x000000000800dafe        0x2 
 .text._ZN18PixelConfiguration8ValidateERm
                0x000000000800db00      0x12c ../lib-ws28xx/lib_gd32/libws28xx.a(pixelconfiguration.o)
                0x000000000800db00                PixelConfiguration::Validate(unsigned long&)
 .text._ZN18PixelConfiguration5PrintEv
                0x000000000800dc2c       0xd0 ../lib-ws28xx/lib_gd32/libws28xx.a(pixelconfiguration.o)
                0x000000000800dc2c                PixelConfiguration::Print()
 .text._ZN9PixelType7GetTypeEN5pixel4TypeE
                0x000000000800dcfc       0x18 ../lib-ws28xx/lib_gd32/libws28xx.a(pixeltype.o)
                0x000000000800dcfc                PixelType::GetType(pixel::Type)
 .text._ZN9PixelType7GetTypeEPKc
                0x000000000800dd14       0x48 ../lib-ws28xx/lib_gd32/libws28xx.a(pixeltype.o)
                0x000000000800dd14                PixelType::GetType(char const*)
 .text._ZN9PixelType6GetMapEPKc
                0x000000000800dd5c       0x50 ../lib-ws28xx/lib_gd32/libws28xx.a(pixeltype.o)
                0x000000000800dd5c                PixelType::GetMap(char const*)
 .text._ZN9PixelType6GetMapEN5pixel3MapE
                0x000000000800ddac       0x18 ../lib-ws28xx/lib_gd32/libws28xx.a(pixeltype.o)
                0x000000000800ddac                PixelType::GetMap(pixel::Map)
 .text._ZN9PixelType6GetMapEN5pixel4TypeE
                0x000000000800ddc4       0x14 ../lib-ws28xx/lib_gd32/libws28xx.a(pixeltype.o)
                0x000000000800ddc4                PixelType::GetMap(pixel::Type)
 .text._ZN9PixelType10ConvertTxHEh
                0x000000000800ddd8       0x5c ../lib-ws28xx/lib_gd32/libws28xx.a(pixeltype.o)
                0x000000000800ddd8                PixelType::ConvertTxH(unsigned char)
 .text._ZN9PixelType10ConvertTxHEf
                0x000000000800de34       0xac ../lib-ws28xx/lib_gd32/libws28xx.a(pixeltype.o)
                0x000000000800de34                PixelType::ConvertTxH(float)
 .text._ZN13PixelPatterns14SetPixelColourEmmm.isra.0
                0x000000000800dee0       0x54 ../lib-ws28xx/lib_gd32/libws28xx.a(pixelpatterns.o)
 .text._ZN13PixelPatterns5ClearEm.isra.0
                0x000000000800df34       0x24 ../lib-ws28xx/lib_gd32/libws28xx.a(pixelpatterns.o)
 .text._ZN13PixelPatternsC2Em
                0x000000000800df58       0x4c ../lib-ws28xx/lib_gd32/libws28xx.a(pixelpatterns.o)
                0x000000000800df58                PixelPatterns::PixelPatterns(unsigned long)
                0x000000000800df58                PixelPatterns::PixelPatterns(unsigned long)
 .text._ZN13PixelPatterns7GetNameEN13pixelpatterns7PatternE
                0x000000000800dfa4       0x18 ../lib-ws28xx/lib_gd32/libws28xx.a(pixelpatterns.o)
                0x000000000800dfa4                PixelPatterns::GetName(pixelpatterns::Pattern)
 .text._ZN13PixelPatterns12RainbowCycleEmmN13pixelpatterns9DirectionE
                0x000000000800dfbc       0x2c ../lib-ws28xx/lib_gd32/libws28xx.a(pixelpatterns.o)
                0x000000000800dfbc                PixelPatterns::RainbowCycle(unsigned long, unsigned long, pixelpatterns::Direction)
 .text._ZN13PixelPatterns12TheaterChaseEmmmmN13pixelpatterns9DirectionE
                0x000000000800dfe8       0x38 ../lib-ws28xx/lib_gd32/libws28xx.a(pixelpatterns.o)
                0x000000000800dfe8                PixelPatterns::TheaterChase(unsigned long, unsigned long, unsigned long, unsigned long, pixelpatterns::Direction)
 .text._ZN13PixelPatterns10ColourWipeEmmmN13pixelpatterns9DirectionE
                0x000000000800e020       0x34 ../lib-ws28xx/lib_gd32/libws28xx.a(pixelpatterns.o)
                0x000000000800e020                PixelPatterns::ColourWipe(unsigned long, unsigned long, unsigned long, pixelpatterns::Direction)
 .text._ZN13PixelPatterns7ScannerEmmm
                0x000000000800e054       0x68 ../lib-ws28xx/lib_gd32/libws28xx.a(pixelpatterns.o)
                0x000000000800e054                PixelPatterns::Scanner(unsigned long, unsigned long, unsigned long)
 .text._ZN13PixelPatterns4FadeEmmmmmN13pixelpatterns9DirectionE
                0x000000000800e0bc       0x34 ../lib-ws28xx/lib_gd32/libws28xx.a(pixelpatterns.o)
                0x000000000800e0bc                PixelPatterns::Fade(unsigned long, unsigned long, unsigned long, unsigned long, unsigned long, pixelpatterns::Direction)
 .text._ZN13PixelPatterns5WheelEh
                0x000000000800e0f0       0x46 ../lib-ws28xx/lib_gd32/libws28xx.a(pixelpatterns.o)
                0x000000000800e0f0                PixelPatterns::Wheel(unsigned char)
 *fill*         0x000000000800e136        0x2 
 .text._ZN13PixelPatterns9IncrementEm
                0x000000000800e138       0x3c ../lib-ws28xx/lib_gd32/libws28xx.a(pixelpatterns.o)
                0x000000000800e138                PixelPatterns::Increment(unsigned long)
 .text._ZN13PixelPatterns18RainbowCycleUpdateEm
                0x000000000800e174       0x50 ../lib-ws28xx/lib_gd32/libws28xx.a(pixelpatterns.o)
                0x000000000800e174                PixelPatterns::RainbowCycleUpdate(unsigned long)
 .text._ZN13PixelPatterns18TheaterChaseUpdateEm
                0x000000000800e1c4       0x5c ../lib-ws28xx/lib_gd32/libws28xx.a(pixelpatterns.o)
                0x000000000800e1c4                PixelPatterns::TheaterChaseUpdate(unsigned long)
 .text._ZN13PixelPatterns16ColourWipeUpdateEm
                0x000000000800e220       0x28 ../lib-ws28xx/lib_gd32/libws28xx.a(pixelpatterns.o)
                0x000000000800e220                PixelPatterns::ColourWipeUpdate(unsigned long)
 .text._ZN13PixelPatterns13ScannerUpdateEm
                0x000000000800e248       0xb0 ../lib-ws28xx/lib_gd32/libws28xx.a(pixelpatterns.o)
                0x000000000800e248                PixelPatterns::ScannerUpdate(unsigned long)
 .text._ZN13PixelPatterns10FadeUpdateEm
                0x000000000800e2f8       0x8c ../lib-ws28xx/lib_gd32/libws28xx.a(pixelpatterns.o)
                0x000000000800e2f8                PixelPatterns::FadeUpdate(unsigned long)
 .text._ZN13PixelPatterns10PortUpdateEmm
                0x000000000800e384       0x50 ../lib-ws28xx/lib_gd32/libws28xx.a(pixelpatterns.o)
                0x000000000800e384                PixelPatterns::PortUpdate(unsigned long, unsigned long)
 .text._ZN13PixelPatterns3RunEv
                0x000000000800e3d4       0x54 ../lib-ws28xx/lib_gd32/libws28xx.a(pixelpatterns.o)
                0x000000000800e3d4                PixelPatterns::Run()
 .text._ZN11WS28xxMulti14SetPixel4BytesEmmhhhh.constprop.0
                0x000000000800e428       0x8c ../lib-ws28xx/lib_gd32/libws28xx.a(ws28xxmulti.o)
 .text.TIMER3_IRQHandler
                0x000000000800e4b4       0x68 ../lib-ws28xx/lib_gd32/libws28xx.a(ws28xxmulti.o)
                0x000000000800e4b4                TIMER3_IRQHandler
 .text._ZN11WS28xxMultiD2Ev
                0x000000000800e51c        0xc ../lib-ws28xx/lib_gd32/libws28xx.a(ws28xxmulti.o)
                0x000000000800e51c                WS28xxMulti::~WS28xxMulti()
                0x000000000800e51c                WS28xxMulti::~WS28xxMulti()
 .text._ZN11WS28xxMulti5SetupEhh
                0x000000000800e528      0x1f4 ../lib-ws28xx/lib_gd32/libws28xx.a(ws28xxmulti.o)
                0x000000000800e528                WS28xxMulti::Setup(unsigned char, unsigned char)
 .text._ZN11WS28xxMulti5SetupEm
                0x000000000800e71c      0x244 ../lib-ws28xx/lib_gd32/libws28xx.a(ws28xxmulti.o)
                0x000000000800e71c                WS28xxMulti::Setup(unsigned long)
 .text._ZN11WS28xxMultiC2ER18PixelConfiguration
                0x000000000800e960       0xc4 ../lib-ws28xx/lib_gd32/libws28xx.a(ws28xxmulti.o)
                0x000000000800e960                WS28xxMulti::WS28xxMulti(PixelConfiguration&)
                0x000000000800e960                WS28xxMulti::WS28xxMulti(PixelConfiguration&)
 .text._ZN11WS28xxMulti6UpdateEv
                0x000000000800ea24      0x148 ../lib-ws28xx/lib_gd32/libws28xx.a(ws28xxmulti.o)
                0x000000000800ea24                WS28xxMulti::Update()
 .text._ZN11WS28xxMulti8BlackoutEv
                0x000000000800eb6c       0xc8 ../lib-ws28xx/lib_gd32/libws28xx.a(ws28xxmulti.o)
                0x000000000800eb6c                WS28xxMulti::Blackout()
 .text._ZN11WS28xxMulti6FullOnEv
                0x000000000800ec34       0xc0 ../lib-ws28xx/lib_gd32/libws28xx.a(ws28xxmulti.o)
                0x000000000800ec34                WS28xxMulti::FullOn()
 .text._ZN11WS28xxMulti10IsUpdatingEv
                0x000000000800ecf4       0x10 ../lib-ws28xx/lib_gd32/libws28xx.a(ws28xxmulti.o)
                0x000000000800ecf4                WS28xxMulti::IsUpdating()
 .text._ZN11WS28xxMulti12SetColourRTZEmmhhh
                0x000000000800ed04       0x7c ../lib-ws28xx/lib_gd32/libws28xx.a(ws28xxmulti.o)
                0x000000000800ed04                WS28xxMulti::SetColourRTZ(unsigned long, unsigned long, unsigned char, unsigned char, unsigned char)
 .text._ZN11WS28xxMulti15SetColourWS2801Emmhhh
                0x000000000800ed80       0x78 ../lib-ws28xx/lib_gd32/libws28xx.a(ws28xxmulti.o)
                0x000000000800ed80                WS28xxMulti::SetColourWS2801(unsigned long, unsigned long, unsigned char, unsigned char, unsigned char)
 .text._ZN11WS28xxMulti8SetPixelEmmhhh
                0x000000000800edf8      0x104 ../lib-ws28xx/lib_gd32/libws28xx.a(ws28xxmulti.o)
                0x000000000800edf8                WS28xxMulti::SetPixel(unsigned long, unsigned long, unsigned char, unsigned char, unsigned char)
 .text._ZN11WS28xxMulti8SetPixelEmmhhhh
                0x000000000800eefc       0x88 ../lib-ws28xx/lib_gd32/libws28xx.a(ws28xxmulti.o)
                0x000000000800eefc                WS28xxMulti::SetPixel(unsigned long, unsigned long, unsigned char, unsigned char, unsigned char, unsigned char)
 .text._ZN11ConfigStore14GetStoreOffsetEN11configstore5StoreE
                0x000000000800ef84       0x1c ../lib-configstore/lib_gd32/libconfigstore.a(configstore.o)
                0x000000000800ef84                ConfigStore::GetStoreOffset(configstore::Store)
 .text._ZN11ConfigStore4InitEv
                0x000000000800efa0       0xf8 ../lib-configstore/lib_gd32/libconfigstore.a(configstore.o)
                0x000000000800efa0                ConfigStore::Init()
 .text._ZN11ConfigStoreC2Ev
                0x000000000800f098       0x48 ../lib-configstore/lib_gd32/libconfigstore.a(configstore.o)
                0x000000000800f098                ConfigStore::ConfigStore()
                0x000000000800f098                ConfigStore::ConfigStore()
 .text._ZN11ConfigStore12ResetSetListEN11configstore5StoreE
                0x000000000800f0e0       0x24 ../lib-configstore/lib_gd32/libconfigstore.a(configstore.o)
                0x000000000800f0e0                ConfigStore::ResetSetList(configstore::Store)
 .text._ZN11ConfigStore6UpdateEN11configstore5StoreEmPKvmmm
                0x000000000800f104       0x80 ../lib-configstore/lib_gd32/libconfigstore.a(configstore.o)
                0x000000000800f104                ConfigStore::Update(configstore::Store, unsigned long, void const*, unsigned long, unsigned long, unsigned long)
 .text._ZN11ConfigStore4CopyEN11configstore5StoreEPvmmb
                0x000000000800f184       0x64 ../lib-configstore/lib_gd32/libconfigstore.a(configstore.o)
                0x000000000800f184                ConfigStore::Copy(configstore::Store, void*, unsigned long, unsigned long, bool)
 .text._ZN11ConfigStore5FlashEv
                0x000000000800f1e8       0xac ../lib-configstore/lib_gd32/libconfigstore.a(configstore.o)
                0x000000000800f1e8                ConfigStore::Flash()
 .text._ZN15StoreDisplayUdfD2Ev
                0x000000000800f294        0x2 ../lib-configstore/lib_gd32/libconfigstore.a(storedisplayudf.o)
                0x000000000800f294                StoreDisplayUdf::~StoreDisplayUdf()
                0x000000000800f294                StoreDisplayUdf::~StoreDisplayUdf()
 *fill*         0x000000000800f296        0x2 
 .text._ZN15StoreDisplayUdf4CopyEPN16displayudfparams6ParamsE
                0x000000000800f298       0x24 ../lib-configstore/lib_gd32/libconfigstore.a(storedisplayudf.o)
                0x000000000800f298                StoreDisplayUdf::Copy(displayudfparams::Params*)
 .text._ZN15StoreDisplayUdf6UpdateEPKN16displayudfparams6ParamsE
                0x000000000800f2bc       0x24 ../lib-configstore/lib_gd32/libconfigstore.a(storedisplayudf.o)
                0x000000000800f2bc                StoreDisplayUdf::Update(displayudfparams::Params const*)
 .text._ZN15StoreDisplayUdfD0Ev
                0x000000000800f2e0        0xc ../lib-configstore/lib_gd32/libconfigstore.a(storedisplayudf.o)
                0x000000000800f2e0                StoreDisplayUdf::~StoreDisplayUdf()
 .text._ZN15StoreDisplayUdfC2Ev
                0x000000000800f2ec       0x14 ../lib-configstore/lib_gd32/libconfigstore.a(storedisplayudf.o)
                0x000000000800f2ec                StoreDisplayUdf::StoreDisplayUdf()
                0x000000000800f2ec                StoreDisplayUdf::StoreDisplayUdf()
 .text._ZN12StoreNetworkD2Ev
                0x000000000800f300        0x6 ../lib-configstore/lib_gd32/libconfigstore.a(storenetwork.o)
                0x000000000800f300                StoreNetwork::~StoreNetwork()
                0x000000000800f300                StoreNetwork::~StoreNetwork()
                0x000000000800f302                non-virtual thunk to StoreNetwork::~StoreNetwork()
 *fill*         0x000000000800f306        0x2 
 .text._ZN12StoreNetwork6UpdateEPKN13networkparams6ParamsE
                0x000000000800f308       0x24 ../lib-configstore/lib_gd32/libconfigstore.a(storenetwork.o)
                0x000000000800f308                StoreNetwork::Update(networkparams::Params const*)
 .text._ZN12StoreNetwork13SaveGatewayIpEm
                0x000000000800f32c       0x30 ../lib-configstore/lib_gd32/libconfigstore.a(storenetwork.o)
                0x000000000800f32c                StoreNetwork::SaveGatewayIp(unsigned long)
                0x000000000800f354                non-virtual thunk to StoreNetwork::SaveGatewayIp(unsigned long)
 .text._ZN12StoreNetwork11SaveNetMaskEm
                0x000000000800f35c       0x2c ../lib-configstore/lib_gd32/libconfigstore.a(storenetwork.o)
                0x000000000800f35c                StoreNetwork::SaveNetMask(unsigned long)
                0x000000000800f380                non-virtual thunk to StoreNetwork::SaveNetMask(unsigned long)
 .text._ZN12StoreNetwork6SaveIpEm
                0x000000000800f388       0x2c ../lib-configstore/lib_gd32/libconfigstore.a(storenetwork.o)
                0x000000000800f388                StoreNetwork::SaveIp(unsigned long)
                0x000000000800f3ac                non-virtual thunk to StoreNetwork::SaveIp(unsigned long)
 .text._ZN12StoreNetwork12SaveHostNameEPKcm
                0x000000000800f3b4       0x34 ../lib-configstore/lib_gd32/libconfigstore.a(storenetwork.o)
                0x000000000800f3b4                StoreNetwork::SaveHostName(char const*, unsigned long)
                0x000000000800f3e0                non-virtual thunk to StoreNetwork::SaveHostName(char const*, unsigned long)
 .text._ZN12StoreNetworkD0Ev
                0x000000000800f3e8       0x12 ../lib-configstore/lib_gd32/libconfigstore.a(storenetwork.o)
                0x000000000800f3e8                StoreNetwork::~StoreNetwork()
                0x000000000800f3f4                non-virtual thunk to StoreNetwork::~StoreNetwork()
 *fill*         0x000000000800f3fa        0x2 
 .text._ZN12StoreNetwork4CopyEPN13networkparams6ParamsE
                0x000000000800f3fc       0x20 ../lib-configstore/lib_gd32/libconfigstore.a(storenetwork.o)
                0x000000000800f3fc                StoreNetwork::Copy(networkparams::Params*)
 .text._ZN12StoreNetworkC2Ev
                0x000000000800f41c       0x18 ../lib-configstore/lib_gd32/libconfigstore.a(storenetwork.o)
                0x000000000800f41c                StoreNetwork::StoreNetwork()
                0x000000000800f41c                StoreNetwork::StoreNetwork()
 .text._ZN17StoreRemoteConfigD2Ev
                0x000000000800f434        0x2 ../lib-configstore/lib_gd32/libconfigstore.a(storeremoteconfig.o)
                0x000000000800f434                StoreRemoteConfig::~StoreRemoteConfig()
                0x000000000800f434                StoreRemoteConfig::~StoreRemoteConfig()
 *fill*         0x000000000800f436        0x2 
 .text._ZN17StoreRemoteConfig4CopyEP19TRemoteConfigParams
                0x000000000800f438       0x24 ../lib-configstore/lib_gd32/libconfigstore.a(storeremoteconfig.o)
                0x000000000800f438                StoreRemoteConfig::Copy(TRemoteConfigParams*)
 .text._ZN17StoreRemoteConfig6UpdateEPK19TRemoteConfigParams
                0x000000000800f45c       0x24 ../lib-configstore/lib_gd32/libconfigstore.a(storeremoteconfig.o)
                0x000000000800f45c                StoreRemoteConfig::Update(TRemoteConfigParams const*)
 .text._ZN17StoreRemoteConfigD0Ev
                0x000000000800f480        0xc ../lib-configstore/lib_gd32/libconfigstore.a(storeremoteconfig.o)
                0x000000000800f480                StoreRemoteConfig::~StoreRemoteConfig()
 .text._ZN17StoreRemoteConfigC2Ev
                0x000000000800f48c       0x14 ../lib-configstore/lib_gd32/libconfigstore.a(storeremoteconfig.o)
                0x000000000800f48c                StoreRemoteConfig::StoreRemoteConfig()
                0x000000000800f48c                StoreRemoteConfig::StoreRemoteConfig()
 .text._ZN11StoreDeviceC2Ev
                0x000000000800f4a0       0x4c ../lib-configstore/lib_gd32/libconfigstore.a(storedevice.o)
                0x000000000800f4a0                StoreDevice::StoreDevice()
                0x000000000800f4a0                StoreDevice::StoreDevice()
 .text._ZNK11StoreDevice7GetSizeEv
                0x000000000800f4ec        0x4 ../lib-configstore/lib_gd32/libconfigstore.a(storedevice.o)
                0x000000000800f4ec                StoreDevice::GetSize() const
 .text._ZNK11StoreDevice13GetSectorSizeEv
                0x000000000800f4f0        0x4 ../lib-configstore/lib_gd32/libconfigstore.a(storedevice.o)
                0x000000000800f4f0                StoreDevice::GetSectorSize() const
 .text._ZN11StoreDevice4ReadEmmPhRN11storedevice6resultE
                0x000000000800f4f4       0x16 ../lib-configstore/lib_gd32/libconfigstore.a(storedevice.o)
                0x000000000800f4f4                StoreDevice::Read(unsigned long, unsigned long, unsigned char*, storedevice::result&)
 .text._ZN11StoreDevice5EraseEmmRN11storedevice6resultE
                0x000000000800f50a       0x14 ../lib-configstore/lib_gd32/libconfigstore.a(storedevice.o)
                0x000000000800f50a                StoreDevice::Erase(unsigned long, unsigned long, storedevice::result&)
 .text._ZN11StoreDevice5WriteEmmPKhRN11storedevice6resultE
                0x000000000800f51e       0x16 ../lib-configstore/lib_gd32/libconfigstore.a(storedevice.o)
                0x000000000800f51e                StoreDevice::Write(unsigned long, unsigned long, unsigned char const*, storedevice::result&)
 .text._ZN13StorePixelDmxD2Ev
                0x000000000800f534        0x6 ../lib-configstore/lib_gd32/libconfigstore.a(storepixeldmx.o)
                0x000000000800f534                StorePixelDmx::~StorePixelDmx()
                0x000000000800f534                StorePixelDmx::~StorePixelDmx()
                0x000000000800f536                non-virtual thunk to StorePixelDmx::~StorePixelDmx()
 *fill*         0x000000000800f53a        0x2 
 .text._ZN13StorePixelDmx6UpdateEPKN14pixeldmxparams6ParamsE
                0x000000000800f53c       0x24 ../lib-configstore/lib_gd32/libconfigstore.a(storepixeldmx.o)
                0x000000000800f53c                StorePixelDmx::Update(pixeldmxparams::Params const*)
 .text._ZN13StorePixelDmx19SaveDmxStartAddressEt
                0x000000000800f560       0x34 ../lib-configstore/lib_gd32/libconfigstore.a(storepixeldmx.o)
                0x000000000800f560                StorePixelDmx::SaveDmxStartAddress(unsigned short)
                0x000000000800f58c                non-virtual thunk to StorePixelDmx::SaveDmxStartAddress(unsigned short)
 .text._ZN13StorePixelDmx15SaveTestPatternEh
                0x000000000800f594       0x34 ../lib-configstore/lib_gd32/libconfigstore.a(storepixeldmx.o)
                0x000000000800f594                StorePixelDmx::SaveTestPattern(unsigned char)
                0x000000000800f5c0                non-virtual thunk to StorePixelDmx::SaveTestPattern(unsigned char)
 .text._ZN13StorePixelDmx7SaveMapEh
                0x000000000800f5c8       0x38 ../lib-configstore/lib_gd32/libconfigstore.a(storepixeldmx.o)
                0x000000000800f5c8                StorePixelDmx::SaveMap(unsigned char)
                0x000000000800f5f8                non-virtual thunk to StorePixelDmx::SaveMap(unsigned char)
 .text._ZN13StorePixelDmx17SaveGroupingCountEt
                0x000000000800f600       0x38 ../lib-configstore/lib_gd32/libconfigstore.a(storepixeldmx.o)
                0x000000000800f600                StorePixelDmx::SaveGroupingCount(unsigned short)
                0x000000000800f630                non-virtual thunk to StorePixelDmx::SaveGroupingCount(unsigned short)
 .text._ZN13StorePixelDmx9SaveCountEt
                0x000000000800f638       0x34 ../lib-configstore/lib_gd32/libconfigstore.a(storepixeldmx.o)
                0x000000000800f638                StorePixelDmx::SaveCount(unsigned short)
                0x000000000800f664                non-virtual thunk to StorePixelDmx::SaveCount(unsigned short)
 .text._ZN13StorePixelDmx8SaveTypeEh
                0x000000000800f66c       0x34 ../lib-configstore/lib_gd32/libconfigstore.a(storepixeldmx.o)
                0x000000000800f66c                StorePixelDmx::SaveType(unsigned char)
                0x000000000800f698                non-virtual thunk to StorePixelDmx::SaveType(unsigned char)
 .text._ZN13StorePixelDmxD0Ev
                0x000000000800f6a0       0x12 ../lib-configstore/lib_gd32/libconfigstore.a(storepixeldmx.o)
                0x000000000800f6a0                StorePixelDmx::~StorePixelDmx()
                0x000000000800f6ac                non-virtual thunk to StorePixelDmx::~StorePixelDmx()
 *fill*         0x000000000800f6b2        0x2 
 .text._ZN13StorePixelDmx4CopyEPN14pixeldmxparams6ParamsE
                0x000000000800f6b4       0x24 ../lib-configstore/lib_gd32/libconfigstore.a(storepixeldmx.o)
                0x000000000800f6b4                StorePixelDmx::Copy(pixeldmxparams::Params*)
 .text._ZN13StorePixelDmxC2Ev
                0x000000000800f6d8       0x18 ../lib-configstore/lib_gd32/libconfigstore.a(storepixeldmx.o)
                0x000000000800f6d8                StorePixelDmx::StorePixelDmx()
                0x000000000800f6d8                StorePixelDmx::StorePixelDmx()
 .text._ZN14StoreRDMDeviceD2Ev
                0x000000000800f6f0        0x6 ../lib-configstore/lib_gd32/libconfigstore.a(storerdmdevice.o)
                0x000000000800f6f0                StoreRDMDevice::~StoreRDMDevice()
                0x000000000800f6f0                StoreRDMDevice::~StoreRDMDevice()
                0x000000000800f6f2                non-virtual thunk to StoreRDMDevice::~StoreRDMDevice()
 *fill*         0x000000000800f6f6        0x2 
 .text._ZN14StoreRDMDevice6UpdateEPKN3rdm12deviceparams6ParamsE
                0x000000000800f6f8       0x24 ../lib-configstore/lib_gd32/libconfigstore.a(storerdmdevice.o)
                0x000000000800f6f8                StoreRDMDevice::Update(rdm::deviceparams::Params const*)
 .text._ZN14StoreRDMDevice9SaveLabelEPKch
                0x000000000800f71c       0x44 ../lib-configstore/lib_gd32/libconfigstore.a(storerdmdevice.o)
                0x000000000800f71c                StoreRDMDevice::SaveLabel(char const*, unsigned char)
                0x000000000800f758                non-virtual thunk to StoreRDMDevice::SaveLabel(char const*, unsigned char)
 .text._ZN14StoreRDMDeviceD0Ev
                0x000000000800f760       0x12 ../lib-configstore/lib_gd32/libconfigstore.a(storerdmdevice.o)
                0x000000000800f760                StoreRDMDevice::~StoreRDMDevice()
                0x000000000800f76c                non-virtual thunk to StoreRDMDevice::~StoreRDMDevice()
 *fill*         0x000000000800f772        0x2 
 .text._ZN14StoreRDMDevice4CopyEPN3rdm12deviceparams6ParamsE
                0x000000000800f774       0x24 ../lib-configstore/lib_gd32/libconfigstore.a(storerdmdevice.o)
                0x000000000800f774                StoreRDMDevice::Copy(rdm::deviceparams::Params*)
 .text._ZN14StoreRDMDeviceC2Ev
                0x000000000800f798       0x18 ../lib-configstore/lib_gd32/libconfigstore.a(storerdmdevice.o)
                0x000000000800f798                StoreRDMDevice::StoreRDMDevice()
                0x000000000800f798                StoreRDMDevice::StoreRDMDevice()
 .text.memcpy.isra.0
                0x000000000800f7b0       0x14 ../lib-network/lib_gd32/libnetwork.a(mdns.o)
 .text.strlen   0x000000000800f7c4       0x10 ../lib-network/lib_gd32/libnetwork.a(mdns.o)
                0x000000000800f7c4                strlen
 .text._ZN4mdns6Domain11AddDotLocalEv
                0x000000000800f7d4       0x24 ../lib-network/lib_gd32/libnetwork.a(mdns.o)
                0x000000000800f7d4                mdns::Domain::AddDotLocal()
 .text._ZL18create_host_domainRN4mdns6DomainE
                0x000000000800f7f8       0x44 ../lib-network/lib_gd32/libnetwork.a(mdns.o)
 .text._ZL21create_service_domainRN4mdns6DomainERKNS_13ServiceRecordEb
                0x000000000800f83c       0xa4 ../lib-network/lib_gd32/libnetwork.a(mdns.o)
 .text._ZN4mdns6Domain5PrintEb
                0x000000000800f8e0       0x48 ../lib-network/lib_gd32/libnetwork.a(mdns.o)
                0x000000000800f8e0                mdns::Domain::Print(bool)
 .text._ZN4mdnseqERKNS_6DomainES2_
                0x000000000800f928       0x66 ../lib-network/lib_gd32/libnetwork.a(mdns.o)
                0x000000000800f928                mdns::operator==(mdns::Domain const&, mdns::Domain const&)
 .text._Z24find_compression_pointerPKhS0_S0_
                0x000000000800f98e       0x9c ../lib-network/lib_gd32/libnetwork.a(mdns.o)
                0x000000000800f98e                find_compression_pointer(unsigned char const*, unsigned char const*, unsigned char const*)
 *fill*         0x000000000800fa2a        0x2 
 .text._ZL25put_domain_name_as_labelsPhRKN4mdns6DomainE
                0x000000000800fa2c       0x5c ../lib-network/lib_gd32/libnetwork.a(mdns.o)
 .text._ZL12add_answer_aPhm
                0x000000000800fa88       0x44 ../lib-network/lib_gd32/libnetwork.a(mdns.o)
 .text._ZL19add_answer_dnsd_ptrRKN4mdns13ServiceRecordEPhm.constprop.0
                0x000000000800facc       0x50 ../lib-network/lib_gd32/libnetwork.a(mdns.o)
 .text._ZL14add_answer_srvRKN4mdns13ServiceRecordEPhm
                0x000000000800fb1c       0x58 ../lib-network/lib_gd32/libnetwork.a(mdns.o)
 .text._ZL14add_answer_ptrRKN4mdns13ServiceRecordEPhm
                0x000000000800fb74       0x50 ../lib-network/lib_gd32/libnetwork.a(mdns.o)
 .text._ZL14add_answer_txtRKN4mdns13ServiceRecordEPhm
                0x000000000800fbc4       0x5a ../lib-network/lib_gd32/libnetwork.a(mdns.o)
 .text._Z15get_domain_namePKhS0_S0_Ph
                0x000000000800fc1e       0x86 ../lib-network/lib_gd32/libnetwork.a(mdns.o)
                0x000000000800fc1e                get_domain_name(unsigned char const*, unsigned char const*, unsigned char const*, unsigned char*)
 .text._ZN4MDNS6SendToEt
                0x000000000800fca4       0x48 ../lib-network/lib_gd32/libnetwork.a(mdns.o)
                0x000000000800fca4                MDNS::SendTo(unsigned short)
 .text._ZN4MDNS24SendAnswerLocalIpAddressEtm
                0x000000000800fcec       0x54 ../lib-network/lib_gd32/libnetwork.a(mdns.o)
                0x000000000800fcec                MDNS::SendAnswerLocalIpAddress(unsigned short, unsigned long)
 .text._ZN4MDNS11SendMessageERKN4mdns13ServiceRecordEtm
                0x000000000800fd40       0xa8 ../lib-network/lib_gd32/libnetwork.a(mdns.o)
                0x000000000800fd40                MDNS::SendMessage(mdns::ServiceRecord const&, unsigned short, unsigned long)
 .text._ZN4MDNS16SendAnnouncementEm
                0x000000000800fde8       0x70 ../lib-network/lib_gd32/libnetwork.a(mdns.o)
                0x000000000800fde8                MDNS::SendAnnouncement(unsigned long)
 .text._ZN7network17mdns_announcementEv
                0x000000000800fe58       0x10 ../lib-network/lib_gd32/libnetwork.a(mdns.o)
                0x000000000800fe58                network::mdns_announcement()
 .text._ZN7network13mdns_shutdownEv
                0x000000000800fe68       0x10 ../lib-network/lib_gd32/libnetwork.a(mdns.o)
                0x000000000800fe68                network::mdns_shutdown()
 .text._ZN4MDNSC2Ev
                0x000000000800fe78       0x74 ../lib-network/lib_gd32/libnetwork.a(mdns.o)
                0x000000000800fe78                MDNS::MDNS()
                0x000000000800fe78                MDNS::MDNS()
 .text._ZN4MDNS16AddServiceRecordEPKcN4mdns8ServicesES1_t
                0x000000000800feec       0xc0 ../lib-network/lib_gd32/libnetwork.a(mdns.o)
                0x000000000800feec                MDNS::AddServiceRecord(char const*, mdns::Services, char const*, unsigned short)
 .text._ZN4MDNS15HandleQuestionsEm
                0x000000000800ffac      0x198 ../lib-network/lib_gd32/libnetwork.a(mdns.o)
                0x000000000800ffac                MDNS::HandleQuestions(unsigned long)
 .text._ZN4MDNS5PrintEv
                0x0000000008010144       0x70 ../lib-network/lib_gd32/libnetwork.a(mdns.o)
                0x0000000008010144                MDNS::Print()
 .text.strncpy.isra.0
                0x00000000080101b4       0x22 ../lib-network/lib_gd32/libnetwork.a(network.o)
 .text._ZN7Network12SetDefaultIpEv
                0x00000000080101d6       0x22 ../lib-network/lib_gd32/libnetwork.a(network.o)
                0x00000000080101d6                Network::SetDefaultIp()
 .text._ZN8Hardware12WatchdogInitEv
                0x00000000080101f8       0x24 ../lib-network/lib_gd32/libnetwork.a(network.o)
                0x00000000080101f8                Hardware::WatchdogInit()